Archive member included to satisfy reference by file (symbol)

/usr/lib/gcc/arm-none-eabi/13.2.1/../../../arm-none-eabi/lib/thumb/v7e-m+fp/hard/libc_nano.a(libc_a-strcpy.o)
                              _build/nrf52832_xxaa/SEGGER_RTT.c.o (strcpy)
/usr/lib/gcc/arm-none-eabi/13.2.1/../../../arm-none-eabi/lib/thumb/v7e-m+fp/hard/libc_nano.a(libc_a-init.o)
                              /usr/lib/gcc/arm-none-eabi/13.2.1/../../../arm-none-eabi/lib/thumb/v7e-m+fp/hard/crt0.o (__libc_init_array)
/usr/lib/gcc/arm-none-eabi/13.2.1/../../../arm-none-eabi/lib/thumb/v7e-m+fp/hard/libc_nano.a(libc_a-strlen.o)
                              _build/nrf52832_xxaa/nrf_log_frontend.c.o (strlen)
/usr/lib/gcc/arm-none-eabi/13.2.1/../../../arm-none-eabi/lib/thumb/v7e-m+fp/hard/libc_nano.a(libc_a-memset.o)
                              /usr/lib/gcc/arm-none-eabi/13.2.1/../../../arm-none-eabi/lib/thumb/v7e-m+fp/hard/crt0.o (memset)
/usr/lib/gcc/arm-none-eabi/13.2.1/../../../arm-none-eabi/lib/thumb/v7e-m+fp/hard/libc_nano.a(libc_a-memcpy.o)
                              _build/nrf52832_xxaa/nrf_log_frontend.c.o (memcpy)
/usr/lib/gcc/arm-none-eabi/13.2.1/../../../arm-none-eabi/lib/thumb/v7e-m+fp/hard/libc_nano.a(libc_a-exit.o)
                              /usr/lib/gcc/arm-none-eabi/13.2.1/../../../arm-none-eabi/lib/thumb/v7e-m+fp/hard/crt0.o (exit)
/usr/lib/gcc/arm-none-eabi/13.2.1/../../../arm-none-eabi/lib/thumb/v7e-m+fp/hard/libc_nano.a(libc_a-ctype_.o)
                              _build/nrf52832_xxaa/nrf_log_str_formatter.c.o (_ctype_)
/usr/lib/gcc/arm-none-eabi/13.2.1/../../../arm-none-eabi/lib/thumb/v7e-m+fp/hard/libc_nano.a(libc_a-atexit.o)
                              /usr/lib/gcc/arm-none-eabi/13.2.1/../../../arm-none-eabi/lib/thumb/v7e-m+fp/hard/crt0.o (atexit)
/usr/lib/gcc/arm-none-eabi/13.2.1/../../../arm-none-eabi/lib/thumb/v7e-m+fp/hard/libc_nano.a(libc_a-memcmp.o)
                              _build/nrf52832_xxaa/ble_advdata.c.o (memcmp)
/usr/lib/gcc/arm-none-eabi/13.2.1/../../../arm-none-eabi/lib/thumb/v7e-m+fp/hard/libc_nano.a(libc_a-fini.o)
                              /usr/lib/gcc/arm-none-eabi/13.2.1/../../../arm-none-eabi/lib/thumb/v7e-m+fp/hard/crt0.o (__libc_fini_array)
/usr/lib/gcc/arm-none-eabi/13.2.1/../../../arm-none-eabi/lib/thumb/v7e-m+fp/hard/libc_nano.a(libc_a-findfp.o)
                              /usr/lib/gcc/arm-none-eabi/13.2.1/../../../arm-none-eabi/lib/thumb/v7e-m+fp/hard/libc_nano.a(libc_a-exit.o) (__stdio_exit_handler)
/usr/lib/gcc/arm-none-eabi/13.2.1/../../../arm-none-eabi/lib/thumb/v7e-m+fp/hard/libc_nano.a(libc_a-fflush.o)
                              /usr/lib/gcc/arm-none-eabi/13.2.1/../../../arm-none-eabi/lib/thumb/v7e-m+fp/hard/libc_nano.a(libc_a-findfp.o) (_fflush_r)
/usr/lib/gcc/arm-none-eabi/13.2.1/../../../arm-none-eabi/lib/thumb/v7e-m+fp/hard/libc_nano.a(libc_a-mallocr.o)
                              /usr/lib/gcc/arm-none-eabi/13.2.1/../../../arm-none-eabi/lib/thumb/v7e-m+fp/hard/libc_nano.a(libc_a-findfp.o) (_malloc_r)
/usr/lib/gcc/arm-none-eabi/13.2.1/../../../arm-none-eabi/lib/thumb/v7e-m+fp/hard/libc_nano.a(libc_a-freer.o)
                              /usr/lib/gcc/arm-none-eabi/13.2.1/../../../arm-none-eabi/lib/thumb/v7e-m+fp/hard/libc_nano.a(libc_a-fflush.o) (_free_r)
/usr/lib/gcc/arm-none-eabi/13.2.1/../../../arm-none-eabi/lib/thumb/v7e-m+fp/hard/libc_nano.a(libc_a-fwalk.o)
                              /usr/lib/gcc/arm-none-eabi/13.2.1/../../../arm-none-eabi/lib/thumb/v7e-m+fp/hard/libc_nano.a(libc_a-findfp.o) (_fwalk_sglue)
/usr/lib/gcc/arm-none-eabi/13.2.1/../../../arm-none-eabi/lib/thumb/v7e-m+fp/hard/libc_nano.a(libc_a-__atexit.o)
                              /usr/lib/gcc/arm-none-eabi/13.2.1/../../../arm-none-eabi/lib/thumb/v7e-m+fp/hard/libc_nano.a(libc_a-atexit.o) (__register_exitproc)
/usr/lib/gcc/arm-none-eabi/13.2.1/../../../arm-none-eabi/lib/thumb/v7e-m+fp/hard/libc_nano.a(libc_a-mlock.o)
                              /usr/lib/gcc/arm-none-eabi/13.2.1/../../../arm-none-eabi/lib/thumb/v7e-m+fp/hard/libc_nano.a(libc_a-mallocr.o) (__malloc_lock)
/usr/lib/gcc/arm-none-eabi/13.2.1/../../../arm-none-eabi/lib/thumb/v7e-m+fp/hard/libc_nano.a(libc_a-sbrkr.o)
                              /usr/lib/gcc/arm-none-eabi/13.2.1/../../../arm-none-eabi/lib/thumb/v7e-m+fp/hard/libc_nano.a(libc_a-mallocr.o) (_sbrk_r)
/usr/lib/gcc/arm-none-eabi/13.2.1/../../../arm-none-eabi/lib/thumb/v7e-m+fp/hard/libc_nano.a(libc_a-stdio.o)
                              /usr/lib/gcc/arm-none-eabi/13.2.1/../../../arm-none-eabi/lib/thumb/v7e-m+fp/hard/libc_nano.a(libc_a-findfp.o) (__sread)
/usr/lib/gcc/arm-none-eabi/13.2.1/../../../arm-none-eabi/lib/thumb/v7e-m+fp/hard/libc_nano.a(libc_a-impure.o)
                              /usr/lib/gcc/arm-none-eabi/13.2.1/../../../arm-none-eabi/lib/thumb/v7e-m+fp/hard/libc_nano.a(libc_a-fflush.o) (_impure_ptr)
/usr/lib/gcc/arm-none-eabi/13.2.1/../../../arm-none-eabi/lib/thumb/v7e-m+fp/hard/libc_nano.a(libc_a-closer.o)
[...]
Memory Configuration

Name             Origin             Length             Attributes
FLASH            0x00026000         0x0005a000         xr
RAM              0x20002a98         0x0000d568         xrw
*default*        0x00000000         0xffffffff

Linker script and memory map


.text           0x00026000     0x87fc
 *(.isr_vector)
 .isr_vector    0x00026000      0x200 _build/nrf52832_xxaa/gcc_startup_nrf52.S.o
                0x00026000                __isr_vector
 *(.text*)
 .text          0x00026200       0x88 /usr/lib/gcc/arm-none-eabi/13.2.1/thumb/v7e-m+fp/hard/crtbegin.o
 .text          0x00026288       0x70 /usr/lib/gcc/arm-none-eabi/13.2.1/../../../arm-none-eabi/lib/thumb/v7e-m+fp/hard/crt0.o
                0x00026288                _stack_init
                0x00026290                _mainCRTStartup
                0x00026290                _start
 .text          0x000262f8       0x3c _build/nrf52832_xxaa/gcc_startup_nrf52.S.o
                0x000262f8                Reset_Handler
                0x00026320                NMI_Handler
                0x00026322                HardFault_Handler
                0x00026324                MemoryManagement_Handler
                0x00026326                BusFault_Handler
                0x00026328                UsageFault_Handler
                0x0002632a                SVC_Handler
                0x0002632c                DebugMon_Handler
                0x0002632e                PendSV_Handler
                0x00026330                SysTick_Handler
                0x00026332                TIMER2_IRQHandler
                0x00026332                RTC0_IRQHandler
                0x00026332                PWM1_IRQHandler
                0x00026332                RADIO_IRQHandler
                0x00026332                PDM_IRQHandler
                0x00026332                TEMP_IRQHandler
                0x00026332                QDEC_IRQHandler
                0x00026332                TIMER3_IRQHandler
                0x00026332                FPU_IRQHandler
                0x00026332                TIMER4_IRQHandler
                0x00026332                I2S_IRQHandler
                0x00026332                SWI4_EGU4_IRQHandler
                0x00026332                TIMER0_IRQHandler
                0x00026332                TIMER1_IRQHandler
                0x00026332                PWM2_IRQHandler
                0x00026332                ECB_IRQHandler
                0x00026332                SPIM1_SPIS1_TWIM1_TWIS1_SPI1_TWI1_IRQHandler
                0x00026332                Default_Handler
                0x00026332                SAADC_IRQHandler
                0x00026332                CCM_AAR_IRQHandler
                0x00026332                WDT_IRQHandler
                0x00026332                SWI5_EGU5_IRQHandler
                0x00026332                RNG_IRQHandler
                0x00026332                RTC2_IRQHandler
                0x00026332                PWM0_IRQHandler
                0x00026332                SWI3_EGU3_IRQHandler
                0x00026332                SWI1_EGU1_IRQHandler
                0x00026332                SPIM2_SPIS2_SPI2_IRQHandler
                0x00026332                NFCT_IRQHandler
                0x00026332                MWU_IRQHandler
                0x00026332                COMP_LPCOMP_IRQHandler
 .text.nrf_log_backend_rtt_flush
                0x00026334        0x4 _build/nrf52832_xxaa/nrf_log_backend_rtt.c.o
 .text.nrf_log_backend_rtt_put
                0x00026338       0x20 _build/nrf52832_xxaa/nrf_log_backend_rtt.c.o
 .text.serial_tx
                0x00026358       0x5c _build/nrf52832_xxaa/nrf_log_backend_rtt.c.o
 .text.nrf_log_backend_rtt_panic_set
                0x000263b4        0x4 _build/nrf52832_xxaa/nrf_log_backend_rtt.c.o
 .text.nrf_log_backend_rtt_init
                0x000263b8        0x4 _build/nrf52832_xxaa/nrf_log_backend_rtt.c.o
                0x000263b8                nrf_log_backend_rtt_init
 .text.nrf_log_backend_serial_put
                0x000263bc       0xd8 _build/nrf52832_xxaa/nrf_log_backend_serial.c.o
                0x000263bc                nrf_log_backend_serial_put
 .text.nrf_log_default_backends_init
                0x00026494       0x38 _build/nrf52832_xxaa/nrf_log_default_backends.c.o
                0x00026494                nrf_log_default_backends_init
 *fill*         0x000264cc        0x4 
 .text.nrf_log_init
                0x000264d0       0x4c _build/nrf52832_xxaa/nrf_log_frontend.c.o
                0x000264d0                nrf_log_init
 .text.nrf_log_module_name_get
                0x0002651c       0x48 _build/nrf52832_xxaa/nrf_log_frontend.c.o
                0x0002651c                nrf_log_module_name_get
 .text.nrf_log_color_id_get
                0x00026564       0x2c _build/nrf52832_xxaa/nrf_log_frontend.c.o
                0x00026564                nrf_log_color_id_get
 .text.nrf_log_frontend_dequeue
                0x00026590      0x270 _build/nrf52832_xxaa/nrf_log_frontend.c.o
                0x00026590                nrf_log_frontend_dequeue
 .text.nrf_log_frontend_std_0
                0x00026800      0x1bc _build/nrf52832_xxaa/nrf_log_frontend.c.o
                0x00026800                nrf_log_frontend_std_0
 .text.nrf_log_frontend_std_1
                0x000269bc      0x1cc _build/nrf52832_xxaa/nrf_log_frontend.c.o
                0x000269bc                nrf_log_frontend_std_1
 .text.nrf_log_frontend_std_2
                0x00026b88      0x1cc _build/nrf52832_xxaa/nrf_log_frontend.c.o
                0x00026b88                nrf_log_frontend_std_2
 .text.nrf_log_backend_add
                0x00026d54       0x5c _build/nrf52832_xxaa/nrf_log_frontend.c.o
                0x00026d54                nrf_log_backend_add
 .text.nrf_log_panic
                0x00026db0       0x2c _build/nrf52832_xxaa/nrf_log_frontend.c.o
                0x00026db0                nrf_log_panic
 .text.prefix_process.constprop.0
                0x00026ddc       0x80 _build/nrf52832_xxaa/nrf_log_str_formatter.c.o
 .text.nrf_log_std_entry_process
                0x00026e5c       0xec _build/nrf52832_xxaa/nrf_log_str_formatter.c.o
                0x00026e5c                nrf_log_std_entry_process
 .text.nrf_log_hexdump_entry_process
                0x00026f48       0xf4 _build/nrf52832_xxaa/nrf_log_str_formatter.c.o
                0x00026f48                nrf_log_hexdump_entry_process
 .text.detection_delay_timeout_handler
                0x0002703c       0xfc _build/nrf52832_xxaa/app_button.c.o
 .text.gpiote_event_handler
                0x00027138       0x94 _build/nrf52832_xxaa/app_button.c.o
 .text.app_button_init
                0x000271cc       0xb0 _build/nrf52832_xxaa/app_button.c.o
                0x000271cc                app_button_init
 .text.app_button_enable
                0x0002727c       0x2c _build/nrf52832_xxaa/app_button.c.o
                0x0002727c                app_button_enable
 .text.app_error_handler_bare
                0x000272a8       0x20 _build/nrf52832_xxaa/app_error.c.o
                0x000272a8                app_error_handler_bare
 .text.app_error_fault_handler
                0x000272c8       0x6c _build/nrf52832_xxaa/app_error_weak.c.o
                0x000272c8                app_error_fault_handler
 .text.RTC1_IRQHandler
                0x00027334       0xa0 _build/nrf52832_xxaa/app_timer.c.o
                0x00027334                RTC1_IRQHandler
 .text.SWI0_EGU0_IRQHandler
                0x000273d4      0x37c _build/nrf52832_xxaa/app_timer.c.o
                0x000273d4                SWI0_EGU0_IRQHandler
 .text.app_timer_init
                0x00027750       0xa0 _build/nrf52832_xxaa/app_timer.c.o
                0x00027750                app_timer_init
 .text.app_timer_create
                0x000277f0       0x24 _build/nrf52832_xxaa/app_timer.c.o
                0x000277f0                app_timer_create
 .text.app_timer_start
                0x00027814       0xac _build/nrf52832_xxaa/app_timer.c.o
                0x00027814                app_timer_start
 .text.app_timer_stop
                0x000278c0       0x74 _build/nrf52832_xxaa/app_timer.c.o
                0x000278c0                app_timer_stop
 .text.app_util_critical_region_enter
                0x00027934       0x4c _build/nrf52832_xxaa/app_util_platform.c.o
                0x00027934                app_util_critical_region_enter
 .text.app_util_critical_region_exit
                0x00027980       0x30 _build/nrf52832_xxaa/app_util_platform.c.o
                0x00027980                app_util_critical_region_exit
 .text.nrf_atflags_set
                0x000279b0       0x18 _build/nrf52832_xxaa/nrf_atflags.c.o
                0x000279b0                nrf_atflags_set
 .text.nrf_atflags_clear
                0x000279c8       0x18 _build/nrf52832_xxaa/nrf_atflags.c.o
                0x000279c8                nrf_atflags_clear
 .text.nrf_atflags_get
                0x000279e0       0x14 _build/nrf52832_xxaa/nrf_atflags.c.o
                0x000279e0                nrf_atflags_get
 .text.nrf_atomic_u32_fetch_store
                0x000279f4       0x14 _build/nrf52832_xxaa/nrf_atomic.c.o
                0x000279f4                nrf_atomic_u32_fetch_store
 .text.nrf_atomic_u32_or
                0x00027a08       0x18 _build/nrf52832_xxaa/nrf_atomic.c.o
                0x00027a08                nrf_atomic_u32_or
 .text.nrf_atomic_u32_and
                0x00027a20       0x18 _build/nrf52832_xxaa/nrf_atomic.c.o
                0x00027a20                nrf_atomic_u32_and
 .text.nrf_atomic_u32_add
                0x00027a38       0x18 _build/nrf52832_xxaa/nrf_atomic.c.o
                0x00027a38                nrf_atomic_u32_add
 .text.nrf_atomic_u32_sub
                0x00027a50       0x18 _build/nrf52832_xxaa/nrf_atomic.c.o
                0x00027a50                nrf_atomic_u32_sub
 .text.nrf_atomic_flag_set
                0x00027a68       0x18 _build/nrf52832_xxaa/nrf_atomic.c.o
                0x00027a68                nrf_atomic_flag_set
 .text.nrf_atomic_flag_clear_fetch
                0x00027a80       0x18 _build/nrf52832_xxaa/nrf_atomic.c.o
                0x00027a80                nrf_atomic_flag_clear_fetch
 .text.nrf_balloc_init
                0x00027a98       0x3c _build/nrf52832_xxaa/nrf_balloc.c.o
                0x00027a98                nrf_balloc_init
 .text.nrf_balloc_alloc
                0x00027ad4       0x50 _build/nrf52832_xxaa/nrf_balloc.c.o
                0x00027ad4                nrf_balloc_alloc
 .text.nrf_balloc_free
                0x00027b24       0x38 _build/nrf52832_xxaa/nrf_balloc.c.o
                0x00027b24                nrf_balloc_free
 .text.nrf_fprintf_buffer_flush
                0x00027b5c       0x18 _build/nrf52832_xxaa/nrf_fprintf.c.o
                0x00027b5c                nrf_fprintf_buffer_flush
 .text.nrf_fprintf
                0x00027b74       0x20 _build/nrf52832_xxaa/nrf_fprintf.c.o
                0x00027b74                nrf_fprintf
 .text.unsigned_print
                0x00027b94      0x12c _build/nrf52832_xxaa/nrf_fprintf_format.c.o
 .text.nrf_fprintf_fmt
                0x00027cc0      0x578 _build/nrf52832_xxaa/nrf_fprintf_format.c.o
                0x00027cc0                nrf_fprintf_fmt
 .text.nrf_memobj_pool_init
                0x00028238        0x4 _build/nrf52832_xxaa/nrf_memobj.c.o
                0x00028238                nrf_memobj_pool_init
 .text.nrf_memobj_alloc
                0x0002823c       0x98 _build/nrf52832_xxaa/nrf_memobj.c.o
                0x0002823c                nrf_memobj_alloc
 .text.nrf_memobj_get
                0x000282d4        0x8 _build/nrf52832_xxaa/nrf_memobj.c.o
                0x000282d4                nrf_memobj_get
 .text.nrf_memobj_put
                0x000282dc       0x58 _build/nrf52832_xxaa/nrf_memobj.c.o
                0x000282dc                nrf_memobj_put
 .text.nrf_memobj_write
                0x00028334       0x68 _build/nrf52832_xxaa/nrf_memobj.c.o
                0x00028334                nrf_memobj_write
 .text.nrf_memobj_read
                0x0002839c       0x68 _build/nrf52832_xxaa/nrf_memobj.c.o
                0x0002839c                nrf_memobj_read
 .text.nrf_pwr_mgmt_init
                0x00028404       0x2c _build/nrf52832_xxaa/nrf_pwr_mgmt.c.o
                0x00028404                nrf_pwr_mgmt_init
 .text.nrf_ringbuf_init
                0x00028430       0x1c _build/nrf52832_xxaa/nrf_ringbuf.c.o
                0x00028430                nrf_ringbuf_init
 .text.nrf_section_iter_init
                0x0002844c       0x14 _build/nrf52832_xxaa/nrf_section_iter.c.o
                0x0002844c                nrf_section_iter_init
 .text.nrf_section_iter_next
                0x00028460       0x18 _build/nrf52832_xxaa/nrf_section_iter.c.o
                0x00028460                nrf_section_iter_next
 .text.nrf_strerror_get
                0x00028478       0x44 _build/nrf52832_xxaa/nrf_strerror.c.o
                0x00028478                nrf_strerror_get
 .text.SystemInit
                0x000284bc      0x33c _build/nrf52832_xxaa/system_nrf52.c.o
                0x000284bc                SystemInit
 .text.bsp_board_led_state_get
                0x000287f8       0x1c _build/nrf52832_xxaa/boards.c.o
                0x000287f8                bsp_board_led_state_get
 .text.bsp_board_led_on
                0x00028814       0x18 _build/nrf52832_xxaa/boards.c.o
                0x00028814                bsp_board_led_on
 .text.bsp_board_led_off
                0x0002882c       0x18 _build/nrf52832_xxaa/boards.c.o
                0x0002882c                bsp_board_led_off
 .text.bsp_board_leds_off
                0x00028844       0x2c _build/nrf52832_xxaa/boards.c.o
                0x00028844                bsp_board_leds_off
 .text.bsp_board_leds_on
                0x00028870       0x2c _build/nrf52832_xxaa/boards.c.o
                0x00028870                bsp_board_leds_on
 .text.bsp_board_led_invert
                0x0002889c       0x24 _build/nrf52832_xxaa/boards.c.o
                0x0002889c                bsp_board_led_invert
 .text.bsp_board_pin_to_button_idx
                0x000288c0       0x24 _build/nrf52832_xxaa/boards.c.o
                0x000288c0                bsp_board_pin_to_button_idx
 .text.bsp_board_button_idx_to_pin
                0x000288e4        0xc _build/nrf52832_xxaa/boards.c.o
                0x000288e4                bsp_board_button_idx_to_pin
 .text.bsp_board_init
                0x000288f0       0x5c _build/nrf52832_xxaa/boards.c.o
                0x000288f0                bsp_board_init
 .text.clock_irq_handler
                0x0002894c       0x44 _build/nrf52832_xxaa/nrf_drv_clock.c.o
 .text.soc_evt_handler
                0x00028990       0x28 _build/nrf52832_xxaa/nrf_drv_clock.c.o
 .text.sd_state_evt_handler
                0x000289b8       0xa4 _build/nrf52832_xxaa/nrf_drv_clock.c.o
 .text.uarte_evt_handler
                0x00028a5c       0x38 _build/nrf52832_xxaa/nrf_drv_uart.c.o
 .text.uart_evt_handler
                0x00028a94       0x34 _build/nrf52832_xxaa/nrf_drv_uart.c.o
 .text.nrf_drv_uart_init
                0x00028ac8       0x74 _build/nrf52832_xxaa/nrf_drv_uart.c.o
                0x00028ac8                nrf_drv_uart_init
 .text.nrfx_clock_init
                0x00028b3c       0x18 _build/nrf52832_xxaa/nrfx_clock.c.o
                0x00028b3c                nrfx_clock_init
 .text.nrfx_clock_enable
                0x00028b54       0x28 _build/nrf52832_xxaa/nrfx_clock.c.o
                0x00028b54                nrfx_clock_enable
 .text.nrfx_clock_lfclk_stop
                0x00028b7c       0x14 _build/nrf52832_xxaa/nrfx_clock.c.o
                0x00028b7c                nrfx_clock_lfclk_stop
 .text.POWER_CLOCK_IRQHandler
                0x00028b90       0x70 _build/nrf52832_xxaa/nrfx_clock.c.o
                0x00028b90                POWER_CLOCK_IRQHandler
 .text.nrfx_gpiote_init
                0x00028c00       0x8c _build/nrf52832_xxaa/nrfx_gpiote.c.o
                0x00028c00                nrfx_gpiote_init
 .text.nrfx_gpiote_is_init
                0x00028c8c       0x14 _build/nrf52832_xxaa/nrfx_gpiote.c.o
                0x00028c8c                nrfx_gpiote_is_init
 .text.nrfx_gpiote_in_init
                0x00028ca0      0x1dc _build/nrf52832_xxaa/nrfx_gpiote.c.o
                0x00028ca0                nrfx_gpiote_in_init
 .text.nrfx_gpiote_in_event_enable
                0x00028e7c       0xb8 _build/nrf52832_xxaa/nrfx_gpiote.c.o
                0x00028e7c                nrfx_gpiote_in_event_enable
 .text.nrfx_gpiote_in_is_set
                0x00028f34       0x14 _build/nrf52832_xxaa/nrfx_gpiote.c.o
                0x00028f34                nrfx_gpiote_in_is_set
 .text.GPIOTE_IRQHandler
                0x00028f48      0x540 _build/nrf52832_xxaa/nrfx_gpiote.c.o
                0x00028f48                GPIOTE_IRQHandler
 .text.UARTE0_UART0_IRQHandler
                0x00029488        0xc _build/nrf52832_xxaa/nrfx_prs.c.o
                0x00029488                UARTE0_UART0_IRQHandler
 .text.nrfx_prs_acquire
                0x00029494       0x50 _build/nrf52832_xxaa/nrfx_prs.c.o
                0x00029494                nrfx_prs_acquire
 .text.nrfx_prs_release
                0x000294e4       0x18 _build/nrf52832_xxaa/nrfx_prs.c.o
                0x000294e4                nrfx_prs_release
 *fill*         0x000294fc        0x4 
 .text.nrfx_uart_0_irq_handler
                0x00029500      0x1d8 _build/nrf52832_xxaa/nrfx_uart.c.o
                0x00029500                nrfx_uart_0_irq_handler
 .text.nrfx_uart_init
                0x000296d8      0x1a8 _build/nrf52832_xxaa/nrfx_uart.c.o
                0x000296d8                nrfx_uart_init
 .text.nrfx_uart_uninit
                0x00029880       0xcc _build/nrf52832_xxaa/nrfx_uart.c.o
                0x00029880                nrfx_uart_uninit
 .text.nrfx_uart_tx
                0x0002994c       0xd8 _build/nrf52832_xxaa/nrfx_uart.c.o
                0x0002994c                nrfx_uart_tx
 *fill*         0x00029a24        0x4 
 .text.nrfx_uarte_0_irq_handler
                0x00029a28      0x138 _build/nrf52832_xxaa/nrfx_uarte.c.o
                0x00029a28                nrfx_uarte_0_irq_handler
 .text.nrfx_uarte_init
                0x00029b60      0x1c8 _build/nrf52832_xxaa/nrfx_uarte.c.o
                0x00029b60                nrfx_uarte_init
 .text.nrfx_uarte_uninit
                0x00029d28       0xd4 _build/nrf52832_xxaa/nrfx_uarte.c.o
                0x00029d28                nrfx_uarte_uninit
 .text.nrfx_uarte_tx
                0x00029dfc       0x9c _build/nrf52832_xxaa/nrfx_uarte.c.o
                0x00029dfc                nrfx_uarte_tx
 .text.alert_timer_handler
                0x00029e98        0x8 _build/nrf52832_xxaa/bsp.c.o
 .text.bsp_button_event_handler
                0x00029ea0       0xa4 _build/nrf52832_xxaa/bsp.c.o
 .text.button_timer_handler
                0x00029f44       0x30 _build/nrf52832_xxaa/bsp.c.o
 .text.bsp_led_indication
                0x00029f74      0x2f0 _build/nrf52832_xxaa/bsp.c.o
 .text.leds_timer_handler
                0x0002a264       0x1c _build/nrf52832_xxaa/bsp.c.o
 .text.bsp_indication_set
                0x0002a280       0x18 _build/nrf52832_xxaa/bsp.c.o
                0x0002a280                bsp_indication_set
 .text.bsp_init
                0x0002a298       0xc0 _build/nrf52832_xxaa/bsp.c.o
                0x0002a298                bsp_init
 .text.bsp_event_to_button_action_assign
                0x0002a358       0x54 _build/nrf52832_xxaa/bsp.c.o
                0x0002a358                bsp_event_to_button_action_assign
 .text.bsp_wakeup_button_enable
                0x0002a3ac       0x30 _build/nrf52832_xxaa/bsp.c.o
                0x0002a3ac                bsp_wakeup_button_enable
 .text.ble_evt_handler
                0x0002a3dc       0xac _build/nrf52832_xxaa/bsp_btn_ble.c.o
 .text.bsp_btn_ble_sleep_mode_prepare
                0x0002a488       0x24 _build/nrf52832_xxaa/bsp_btn_ble.c.o
                0x0002a488                bsp_btn_ble_sleep_mode_prepare
 .text.sd_ble_gap_disconnect
                0x0002a4ac        0x4 _build/nrf52832_xxaa/main.c.o
 .text.sd_ble_gap_ppcp_set
                0x0002a4b0        0x4 _build/nrf52832_xxaa/main.c.o
 .text.sd_ble_gap_device_name_set
                0x0002a4b4        0x4 _build/nrf52832_xxaa/main.c.o
 .text.sd_ble_gap_sec_params_reply
                0x0002a4b8        0x4 _build/nrf52832_xxaa/main.c.o
 .text.sd_ble_gap_phy_update
                0x0002a4bc        0x4 _build/nrf52832_xxaa/main.c.o
 .text.sd_ble_gatts_sys_attr_set
                0x0002a4c0        0x4 _build/nrf52832_xxaa/main.c.o
 .text.sd_ble_uuid_vs_add
                0x0002a4c4        0x4 _build/nrf52832_xxaa/main.c.o
 .text.sd_power_system_off
                0x0002a4c8        0x4 _build/nrf52832_xxaa/main.c.o
 .text.nrf_qwr_error_handler
                0x0002a4cc        0x4 _build/nrf52832_xxaa/main.c.o
 .text.ble_evt_handler
                0x0002a4d0      0x10c _build/nrf52832_xxaa/main.c.o
 .text.on_conn_params_evt
                0x0002a5dc       0x24 _build/nrf52832_xxaa/main.c.o
 .text.ble_nus_data_handler
                0x0002a600       0x88 _build/nrf52832_xxaa/main.c.o
                0x0002a600                ble_nus_data_handler
 .text.gatt_evt_handler
                0x0002a688       0x44 _build/nrf52832_xxaa/main.c.o
                0x0002a688                gatt_evt_handler
 .text.conn_params_error_handler
                0x0002a6cc        0x4 _build/nrf52832_xxaa/main.c.o
 .text.on_adv_evt
                0x0002a6d0       0x44 _build/nrf52832_xxaa/main.c.o
 .text.gatt_init
                0x0002a714       0x38 _build/nrf52832_xxaa/main.c.o
                0x0002a714                gatt_init
 .text.startup.main
                0x0002a74c      0x258 _build/nrf52832_xxaa/main.c.o
                0x0002a74c                main
 .text.SEGGER_RTT_WriteNoLock
                0x0002a9a4      0x184 _build/nrf52832_xxaa/SEGGER_RTT.c.o
                0x0002a9a4                SEGGER_RTT_WriteNoLock
 .text.SEGGER_RTT_Init
                0x0002ab28       0x68 _build/nrf52832_xxaa/SEGGER_RTT.c.o
                0x0002ab28                SEGGER_RTT_Init
 .text.sd_ble_gap_addr_get
                0x0002ab90        0x4 _build/nrf52832_xxaa/ble_advdata.c.o
 .text.sd_ble_gap_appearance_get
                0x0002ab94        0x4 _build/nrf52832_xxaa/ble_advdata.c.o
 .text.sd_ble_gap_device_name_get
                0x0002ab98        0x4 _build/nrf52832_xxaa/ble_advdata.c.o
 .text.sd_ble_uuid_encode
                0x0002ab9c        0x4 _build/nrf52832_xxaa/ble_advdata.c.o
 .text.uuid_list_sized_encode
                0x0002aba0       0xc0 _build/nrf52832_xxaa/ble_advdata.c.o
 .text.ble_advdata_encode
                0x0002ac60      0x418 _build/nrf52832_xxaa/ble_advdata.c.o
                0x0002ac60                ble_advdata_encode
 .text.ble_advdata_parse
                0x0002b078       0x6c _build/nrf52832_xxaa/ble_advdata.c.o
                0x0002b078                ble_advdata_parse
 .text.sd_ble_gap_adv_set_configure
                0x0002b0e4        0x4 _build/nrf52832_xxaa/ble_advertising.c.o
 .text.sd_ble_gap_adv_start
                0x0002b0e8        0x4 _build/nrf52832_xxaa/ble_advertising.c.o
 .text.ble_advertising_start.part.0
                0x0002b0ec      0x2d4 _build/nrf52832_xxaa/ble_advertising.c.o
 .text.ble_advertising_conn_cfg_tag_set
                0x0002b3c0        0x8 _build/nrf52832_xxaa/ble_advertising.c.o
                0x0002b3c0                ble_advertising_conn_cfg_tag_set
 .text.ble_advertising_init
                0x0002b3c8      0x114 _build/nrf52832_xxaa/ble_advertising.c.o
                0x0002b3c8                ble_advertising_init
 .text.ble_advertising_start
                0x0002b4dc        0xc _build/nrf52832_xxaa/ble_advertising.c.o
                0x0002b4dc                ble_advertising_start
 .text.ble_advertising_on_ble_evt
                0x0002b4e8       0x8c _build/nrf52832_xxaa/ble_advertising.c.o
                0x0002b4e8                ble_advertising_on_ble_evt
 .text.ble_advertising_on_sys_evt
                0x0002b574        0x4 _build/nrf52832_xxaa/ble_advertising.c.o
                0x0002b574                ble_advertising_on_sys_evt
 .text.sd_ble_gap_conn_param_update
                0x0002b578        0x4 _build/nrf52832_xxaa/ble_conn_params.c.o
 .text.sd_ble_gap_disconnect
                0x0002b57c        0x4 _build/nrf52832_xxaa/ble_conn_params.c.o
 .text.sd_ble_gap_ppcp_set
                0x0002b580        0x4 _build/nrf52832_xxaa/ble_conn_params.c.o
 .text.sd_ble_gap_ppcp_get
                0x0002b584        0x4 _build/nrf52832_xxaa/ble_conn_params.c.o
 .text.update_timeout_handler
                0x0002b588       0x80 _build/nrf52832_xxaa/ble_conn_params.c.o
 .text.ble_evt_handler
                0x0002b608      0x1d0 _build/nrf52832_xxaa/ble_conn_params.c.o
 .text.ble_conn_params_init
                0x0002b7d8       0x78 _build/nrf52832_xxaa/ble_conn_params.c.o
                0x0002b7d8                ble_conn_params_init
 .text.ble_evt_handler
                0x0002b850      0x124 _build/nrf52832_xxaa/ble_conn_state.c.o
 .text.ble_conn_state_conn_idx
                0x0002b974       0x24 _build/nrf52832_xxaa/ble_conn_state.c.o
                0x0002b974                ble_conn_state_conn_idx
 .text.blcm_link_ctx_get
                0x0002b998       0x50 _build/nrf52832_xxaa/ble_link_ctx_manager.c.o
                0x0002b998                blcm_link_ctx_get
 .text.sd_ble_gatts_characteristic_add
                0x0002b9e8        0x4 _build/nrf52832_xxaa/ble_srv_common.c.o
 .text.ble_srv_is_notification_enabled
                0x0002b9ec        0x8 _build/nrf52832_xxaa/ble_srv_common.c.o
                0x0002b9ec                ble_srv_is_notification_enabled
 .text.characteristic_add
                0x0002b9f4      0x270 _build/nrf52832_xxaa/ble_srv_common.c.o
                0x0002b9f4                characteristic_add
 .text.sd_ble_gap_data_length_update
                0x0002bc64        0x4 _build/nrf52832_xxaa/nrf_ble_gatt.c.o
 .text.sd_ble_gattc_exchange_mtu_request
                0x0002bc68        0x4 _build/nrf52832_xxaa/nrf_ble_gatt.c.o
 .text.sd_ble_gatts_exchange_mtu_reply
                0x0002bc6c        0x4 _build/nrf52832_xxaa/nrf_ble_gatt.c.o
 .text.data_length_update
                0x0002bc70       0x8c _build/nrf52832_xxaa/nrf_ble_gatt.c.o
 .text.nrf_ble_gatt_init
                0x0002bcfc       0x30 _build/nrf52832_xxaa/nrf_ble_gatt.c.o
                0x0002bcfc                nrf_ble_gatt_init
 .text.nrf_ble_gatt_att_mtu_periph_set
                0x0002bd2c       0x18 _build/nrf52832_xxaa/nrf_ble_gatt.c.o
                0x0002bd2c                nrf_ble_gatt_att_mtu_periph_set
 .text.nrf_ble_gatt_on_ble_evt
                0x0002bd44      0x1e0 _build/nrf52832_xxaa/nrf_ble_gatt.c.o
                0x0002bd44                nrf_ble_gatt_on_ble_evt
 .text.sd_ble_gatts_rw_authorize_reply
                0x0002bf24        0x4 _build/nrf52832_xxaa/nrf_ble_qwr.c.o
 .text.sd_ble_user_mem_reply
                0x0002bf28        0x4 _build/nrf52832_xxaa/nrf_ble_qwr.c.o
 .text.nrf_ble_qwr_init
                0x0002bf2c       0x24 _build/nrf52832_xxaa/nrf_ble_qwr.c.o
                0x0002bf2c                nrf_ble_qwr_init
 .text.nrf_ble_qwr_conn_handle_assign
                0x0002bf50       0x18 _build/nrf52832_xxaa/nrf_ble_qwr.c.o
                0x0002bf50                nrf_ble_qwr_conn_handle_assign
 .text.nrf_ble_qwr_on_ble_evt
                0x0002bf68       0xec _build/nrf52832_xxaa/nrf_ble_qwr.c.o
                0x0002bf68                nrf_ble_qwr_on_ble_evt
 .text.sd_ble_gatts_service_add
                0x0002c054        0x4 _build/nrf52832_xxaa/ble_nus.c.o
 .text.sd_ble_gatts_value_get
                0x0002c058        0x4 _build/nrf52832_xxaa/ble_nus.c.o
 .text.sd_ble_uuid_vs_add
                0x0002c05c        0x4 _build/nrf52832_xxaa/ble_nus.c.o
 .text.ble_nus_on_ble_evt
                0x0002c060      0x128 _build/nrf52832_xxaa/ble_nus.c.o
                0x0002c060                ble_nus_on_ble_evt
 .text.ble_nus_init
                0x0002c188       0xe4 _build/nrf52832_xxaa/ble_nus.c.o
                0x0002c188                ble_nus_init
 .text.sd_softdevice_enable
                0x0002c26c        0x4 _build/nrf52832_xxaa/nrf_sdh.c.o
 .text.nrf_sdh_enable_request.part.0
                0x0002c270      0x114 _build/nrf52832_xxaa/nrf_sdh.c.o
 .text.nrf_sdh_enable_request
                0x0002c384       0x14 _build/nrf52832_xxaa/nrf_sdh.c.o
                0x0002c384                nrf_sdh_enable_request
 .text.nrf_sdh_is_enabled
                0x0002c398        0xc _build/nrf52832_xxaa/nrf_sdh.c.o
                0x0002c398                nrf_sdh_is_enabled
 .text.SWI2_EGU2_IRQHandler
                0x0002c3a4       0x2c _build/nrf52832_xxaa/nrf_sdh.c.o
                0x0002c3a4                SWI2_EGU2_IRQHandler
 .text.sd_ble_enable
                0x0002c3d0        0x4 _build/nrf52832_xxaa/nrf_sdh_ble.c.o
 .text.sd_ble_cfg_set
                0x0002c3d4        0x4 _build/nrf52832_xxaa/nrf_sdh_ble.c.o
 .text.sd_ble_evt_get
                0x0002c3d8        0x4 _build/nrf52832_xxaa/nrf_sdh_ble.c.o
 .text.nrf_sdh_ble_evts_poll.part.0
                0x0002c3dc       0x5c _build/nrf52832_xxaa/nrf_sdh_ble.c.o
 .text.nrf_sdh_ble_evts_poll
                0x0002c438       0x10 _build/nrf52832_xxaa/nrf_sdh_ble.c.o
 .text.nrf_sdh_ble_default_cfg_set
                0x0002c448      0x1b8 _build/nrf52832_xxaa/nrf_sdh_ble.c.o
                0x0002c448                nrf_sdh_ble_default_cfg_set
 .text.nrf_sdh_ble_enable
                0x0002c600       0x9c _build/nrf52832_xxaa/nrf_sdh_ble.c.o
                0x0002c600                nrf_sdh_ble_enable
 .text.sd_evt_get
                0x0002c69c        0x4 _build/nrf52832_xxaa/nrf_sdh_soc.c.o
 .text.nrf_sdh_soc_evts_poll
                0x0002c6a0       0x50 _build/nrf52832_xxaa/nrf_sdh_soc.c.o
 .text.spi1309_init
                0x0002c6f0       0xd8 _build/nrf52832_xxaa/spi1309.c.o
                0x0002c6f0                spi1309_init
 .text.spi1309_fill
                0x0002c7c8       0xac _build/nrf52832_xxaa/spi1309.c.o
                0x0002c7c8                spi1309_fill
 .text.spi1309_print
                0x0002c874       0xd4 _build/nrf52832_xxaa/spi1309.c.o
                0x0002c874                spi1309_print
 .text.spim_evt_handler
                0x0002c948       0x3c _build/nrf52832_xxaa/nrf_drv_spi.c.o
 .text.nrf_drv_spi_init
                0x0002c984       0x6c _build/nrf52832_xxaa/nrf_drv_spi.c.o
                0x0002c984                nrf_drv_spi_init
 .text.uart_evt_handler
                0x0002c9f0        0xc _build/nrf52832_xxaa/nrf_log_backend_uart.c.o
 .text.nrf_log_backend_uart_flush
                0x0002c9fc        0x4 _build/nrf52832_xxaa/nrf_log_backend_uart.c.o
 .text.nrf_log_backend_uart_put
                0x0002ca00       0x20 _build/nrf52832_xxaa/nrf_log_backend_uart.c.o
 .text.serial_tx
                0x0002ca20       0x50 _build/nrf52832_xxaa/nrf_log_backend_uart.c.o
 .text.nrf_log_backend_uart_panic_set
                0x0002ca70       0x68 _build/nrf52832_xxaa/nrf_log_backend_uart.c.o
 .text.nrf_log_backend_uart_init
                0x0002cad8       0x50 _build/nrf52832_xxaa/nrf_log_backend_uart.c.o
                0x0002cad8                nrf_log_backend_uart_init
 .text.SPIM0_SPIS0_TWIM0_TWIS0_SPI0_TWI0_IRQHandler
                0x0002cb28       0x60 _build/nrf52832_xxaa/nrfx_spim.c.o
                0x0002cb28                SPIM0_SPIS0_TWIM0_TWIS0_SPI0_TWI0_IRQHandler
 .text.nrfx_spim_init
                0x0002cb88      0x20c _build/nrf52832_xxaa/nrfx_spim.c.o
                0x0002cb88                nrfx_spim_init
 .text.nrfx_spim_xfer
                0x0002cd94      0x148 _build/nrf52832_xxaa/nrfx_spim.c.o
                0x0002cd94                nrfx_spim_xfer
 .text          0x0002cedc       0xbc /usr/lib/gcc/arm-none-eabi/13.2.1/../../../arm-none-eabi/lib/thumb/v7e-m+fp/hard/libc_nano.a(libc_a-strcpy.o)
                0x0002cedc                strcpy
 .text          0x0002cf98       0x50 /usr/lib/gcc/arm-none-eabi/13.2.1/../../../arm-none-eabi/lib/thumb/v7e-m+fp/hard/libc_nano.a(libc_a-init.o)
                0x0002cf98                __libc_init_array
 *fill*         0x0002cfe8       0x18 
 .text          0x0002d000       0xd8 /usr/lib/gcc/arm-none-eabi/13.2.1/../../../arm-none-eabi/lib/thumb/v7e-m+fp/hard/libc_nano.a(libc_a-strlen.o)
                0x0002d000                strlen
 .text          0x0002d0d8       0xa4 /usr/lib/gcc/arm-none-eabi/13.2.1/../../../arm-none-eabi/lib/thumb/v7e-m+fp/hard/libc_nano.a(libc_a-memset.o)
                0x0002d0d8                memset
 .text          0x0002d17c      0x134 /usr/lib/gcc/arm-none-eabi/13.2.1/../../../arm-none-eabi/lib/thumb/v7e-m+fp/hard/libc_nano.a(libc_a-memcpy.o)
                0x0002d17c                memcpy
 .text          0x0002d2b0       0x24 /usr/lib/gcc/arm-none-eabi/13.2.1/../../../arm-none-eabi/lib/thumb/v7e-m+fp/hard/libc_nano.a(libc_a-exit.o)
                0x0002d2b0                exit
 .text          0x0002d2d4        0xc /usr/lib/gcc/arm-none-eabi/13.2.1/../../../arm-none-eabi/lib/thumb/v7e-m+fp/hard/libc_nano.a(libc_a-atexit.o)
                0x0002d2d4                atexit
 .text          0x0002d2e0       0x28 /usr/lib/gcc/arm-none-eabi/13.2.1/../../../arm-none-eabi/lib/thumb/v7e-m+fp/hard/libc_nano.a(libc_a-fini.o)
                0x0002d2e0                __libc_fini_array
 .text          0x0002d308       0xac /usr/lib/gcc/arm-none-eabi/13.2.1/../../../arm-none-eabi/lib/thumb/v7e-m+fp/hard/libc_nano.a(libc_a-__atexit.o)
                0x0002d308                __register_exitproc
 .text          0x0002d3b4       0xc4 /usr/lib/gcc/arm-none-eabi/13.2.1/../../../arm-none-eabi/lib/thumb/v7e-m+fp/hard/libc_nano.a(libc_a-__call_atexit.o)
                0x0002d3b4                __call_exitprocs
 .text          0x0002d478        0x4 /usr/lib/gcc/arm-none-eabi/13.2.1/../../../arm-none-eabi/lib/thumb/v7e-m+fp/hard/libnosys.a(_exit.o)
                0x0002d478                _exit
 .text          0x0002d47c       0x30 /usr/lib/gcc/arm-none-eabi/13.2.1/thumb/v7e-m+fp/hard/libgcc.a(_aeabi_uldivmod.o)
                0x0002d47c                __aeabi_uldivmod
 .text          0x0002d4ac      0x2bc /usr/lib/gcc/arm-none-eabi/13.2.1/thumb/v7e-m+fp/hard/libgcc.a(_udivmoddi4.o)
                0x0002d4ac                __udivmoddi4
 .text          0x0002d768        0x4 /usr/lib/gcc/arm-none-eabi/13.2.1/thumb/v7e-m+fp/hard/libgcc.a(_dvmd_tls.o)
                0x0002d768                __aeabi_ldiv0
                0x0002d768                __aeabi_idiv0
 *(.init)
 .init          0x0002d76c        0x4 /usr/lib/gcc/arm-none-eabi/13.2.1/thumb/v7e-m+fp/hard/crti.o
                0x0002d76c                _init
 .init          0x0002d770        0x8 /usr/lib/gcc/arm-none-eabi/13.2.1/thumb/v7e-m+fp/hard/crtn.o
 *(.fini)
 .fini          0x0002d778        0x4 /usr/lib/gcc/arm-none-eabi/13.2.1/thumb/v7e-m+fp/hard/crti.o
                0x0002d778                _fini
 .fini          0x0002d77c        0x8 /usr/lib/gcc/arm-none-eabi/13.2.1/thumb/v7e-m+fp/hard/crtn.o
 *crtbegin.o(.ctors)
 *crtbegin?.o(.ctors)
 *(EXCLUDE_FILE(*crtend.o *crtend?.o) .ctors)
 *(SORT_BY_NAME(.ctors.*))
 *(.ctors)
 *crtbegin.o(.dtors)
 *crtbegin?.o(.dtors)
 *(EXCLUDE_FILE(*crtend.o *crtend?.o) .dtors)
 *(SORT_BY_NAME(.dtors.*))
 *(.dtors)
 *(.rodata*)
 *fill*         0x0002d784        0xc 
 .rodata.delay_bytecode.0
                0x0002d790        0x6 _build/nrf52832_xxaa/nrf_log_backend_rtt.c.o
 *fill*         0x0002d796        0x2 
 .rodata.nrf_log_backend_rtt_api
                0x0002d798        0xc _build/nrf52832_xxaa/nrf_log_backend_rtt.c.o
                0x0002d798                nrf_log_backend_rtt_api
 .rodata.str1.4
                0x0002d7a4      0x9ed _build/nrf52832_xxaa/nrf_log_default_backends.c.o
                                 0x24 (size before relaxing)
 .rodata.nrf_log_frontend_dequeue.str1.4
                0x0002e191       0x11 _build/nrf52832_xxaa/nrf_log_frontend.c.o
 .rodata.str1.4
                0x0002e191        0x4 _build/nrf52832_xxaa/nrf_log_frontend.c.o
 *fill*         0x0002e191        0x3 
 .rodata.m_log_push_ringbuf
                0x0002e194        0xc _build/nrf52832_xxaa/nrf_log_frontend.c.o
 .rodata.prefix_process.constprop.0.str1.4
                0x0002e1a0       0x36 _build/nrf52832_xxaa/nrf_log_str_formatter.c.o
 .rodata.nrf_log_std_entry_process.str1.4
                0x0002e1a0        0x3 _build/nrf52832_xxaa/nrf_log_str_formatter.c.o
 .rodata.nrf_log_hexdump_entry_process.str1.4
                0x0002e1a0       0x16 _build/nrf52832_xxaa/nrf_log_str_formatter.c.o
 .rodata.str1.4
                0x0002e1a0       0x56 _build/nrf52832_xxaa/nrf_log_str_formatter.c.o
 .rodata.m_colors
                0x0002e1a0       0x24 _build/nrf52832_xxaa/nrf_log_str_formatter.c.o
 .rodata.severity_names
                0x0002e1c4       0x14 _build/nrf52832_xxaa/nrf_log_str_formatter.c.o
 .rodata.m_detection_delay_timer_id
                0x0002e1d8        0x4 _build/nrf52832_xxaa/app_button.c.o
 .rodata.app_error_fault_handler.str1.4
                0x0002e1dc       0x19 _build/nrf52832_xxaa/app_error_weak.c.o
 *fill*         0x0002e1dc        0x4 
 .rodata.delay_bytecode.0
                0x0002e1e0        0x6 _build/nrf52832_xxaa/app_timer.c.o
 *fill*         0x0002e1e6        0x2 
 .rodata._aV2C.0
                0x0002e1e8       0x10 _build/nrf52832_xxaa/nrf_fprintf_format.c.o
 .rodata.pwr_mgmt_data
                0x0002e1f8        0xc _build/nrf52832_xxaa/nrf_pwr_mgmt.c.o
 .rodata.str1.4
                0x0002e204        0x9 _build/nrf52832_xxaa/nrf_pwr_mgmt.c.o
 .rodata.str1.4
                0x0002e204      0x3e9 _build/nrf52832_xxaa/nrf_strerror.c.o
 .rodata.nrf_strerror_array
                0x0002e204      0x128 _build/nrf52832_xxaa/nrf_strerror.c.o
 .rodata.m_unknown_str
                0x0002e32c       0x13 _build/nrf52832_xxaa/nrf_strerror.c.o
 *fill*         0x0002e33f        0x1 
 .rodata.m_board_btn_list
                0x0002e340        0x4 _build/nrf52832_xxaa/boards.c.o
 .rodata.m_board_led_list
                0x0002e344        0x4 _build/nrf52832_xxaa/boards.c.o
 .rodata.str1.4
                0x0002e348        0x6 _build/nrf52832_xxaa/nrf_drv_clock.c.o
 .rodata.str1.4
                0x0002e348        0x6 _build/nrf52832_xxaa/nrfx_clock.c.o
 .rodata.str1.4
                0x0002e348        0x7 _build/nrf52832_xxaa/nrfx_gpiote.c.o
 .rodata.str1.4
                0x0002e348        0x4 _build/nrf52832_xxaa/nrfx_prs.c.o
 .rodata.str1.4
                0x0002e348        0x5 _build/nrf52832_xxaa/nrfx_uart.c.o
 .rodata.str1.4
                0x0002e348        0x6 _build/nrf52832_xxaa/nrfx_uarte.c.o
 .rodata.app_buttons
                0x0002e348       0x20 _build/nrf52832_xxaa/bsp.c.o
 .rodata.m_bsp_button_tmr
                0x0002e368        0x4 _build/nrf52832_xxaa/bsp.c.o
 .rodata.m_bsp_alert_tmr
                0x0002e36c        0x4 _build/nrf52832_xxaa/bsp.c.o
 .rodata.m_bsp_leds_tmr
                0x0002e370        0x4 _build/nrf52832_xxaa/bsp.c.o
 .rodata.ble_evt_handler.str1.4
                0x0002e374       0x58 _build/nrf52832_xxaa/main.c.o
 .rodata.ble_nus_data_handler.str1.4
                0x0002e374       0x15 _build/nrf52832_xxaa/main.c.o
 .rodata.gatt_evt_handler.str1.4
                0x0002e374       0x1c _build/nrf52832_xxaa/main.c.o
 .rodata.main.str1.4
                0x0002e374       0x1a _build/nrf52832_xxaa/main.c.o
 .rodata        0x0002e374       0x10 _build/nrf52832_xxaa/main.c.o
 .rodata.SEGGER_RTT_ReadNoLock.str1.4
                0x0002e384       0x17 _build/nrf52832_xxaa/SEGGER_RTT.c.o
 .rodata.data_length_update.str1.4
                0x0002e384       0xe2 _build/nrf52832_xxaa/nrf_ble_gatt.c.o
 .rodata.nrf_ble_gatt_on_ble_evt.str1.4
                0x0002e384       0x63 _build/nrf52832_xxaa/nrf_ble_gatt.c.o
 .rodata.str1.4
                0x0002e384        0xd _build/nrf52832_xxaa/nrf_ble_gatt.c.o
 .rodata.str1.4
                0x0002e384        0x8 _build/nrf52832_xxaa/ble_nus.c.o
 .rodata        0x0002e384       0x10 _build/nrf52832_xxaa/ble_nus.c.o
 .rodata.sdh_stack_observers
                0x0002e394        0xc _build/nrf52832_xxaa/nrf_sdh.c.o
 .rodata.sdh_state_observers
                0x0002e3a0        0xc _build/nrf52832_xxaa/nrf_sdh.c.o
 .rodata.sdh_req_observers
                0x0002e3ac        0xc _build/nrf52832_xxaa/nrf_sdh.c.o
 .rodata.str1.4
                0x0002e3b8        0x8 _build/nrf52832_xxaa/nrf_sdh.c.o
 .rodata        0x0002e3b8        0x4 _build/nrf52832_xxaa/nrf_sdh.c.o
 .rodata.nrf_sdh_ble_default_cfg_set.str1.4
                0x0002e3bc      0x1cf _build/nrf52832_xxaa/nrf_sdh_ble.c.o
 .rodata.nrf_sdh_ble_enable.str1.4
                0x0002e3bc       0xad _build/nrf52832_xxaa/nrf_sdh_ble.c.o
 .rodata.sdh_ble_observers
                0x0002e3bc        0xc _build/nrf52832_xxaa/nrf_sdh_ble.c.o
 .rodata.str1.4
                0x0002e3c8        0xc _build/nrf52832_xxaa/nrf_sdh_ble.c.o
 .rodata.sdh_soc_observers
                0x0002e3c8        0xc _build/nrf52832_xxaa/nrf_sdh_soc.c.o
 .rodata.str1.4
                0x0002e3d4        0xc _build/nrf52832_xxaa/nrf_sdh_soc.c.o
 *fill*         0x0002e3d4        0xc 
 .rodata.delay_bytecode.0
                0x0002e3e0        0x6 _build/nrf52832_xxaa/spi1309.c.o
 *fill*         0x0002e3e6        0x2 
 .rodata.spi    0x0002e3e8       0x10 _build/nrf52832_xxaa/spi1309.c.o
 .rodata        0x0002e3f8       0x23 _build/nrf52832_xxaa/spi1309.c.o
 *fill*         0x0002e41b        0x1 
 .rodata.font6x8
                0x0002e41c      0x23a _build/nrf52832_xxaa/ssd1309_font.c.o
                0x0002e41c                font6x8
 *fill*         0x0002e656        0x2 
 .rodata        0x0002e658       0x10 _build/nrf52832_xxaa/nrf_drv_spi.c.o
 .rodata.nrf_log_backend_uart_api
                0x0002e668        0xc _build/nrf52832_xxaa/nrf_log_backend_uart.c.o
                0x0002e668                nrf_log_backend_uart_api
 .rodata        0x0002e674       0x20 _build/nrf52832_xxaa/nrf_log_backend_uart.c.o
 .rodata.str1.4
                0x0002e694        0x5 _build/nrf52832_xxaa/nrfx_spim.c.o
 .rodata        0x0002e694      0x101 /usr/lib/gcc/arm-none-eabi/13.2.1/../../../arm-none-eabi/lib/thumb/v7e-m+fp/hard/libc_nano.a(libc_a-ctype_.o)
                0x0002e694                _ctype_
 *(.eh_frame*)
 *fill*         0x0002e795        0x3 
 .eh_frame      0x0002e798        0x0 /usr/lib/gcc/arm-none-eabi/13.2.1/thumb/v7e-m+fp/hard/crtbegin.o
 .eh_frame      0x0002e798       0x34 /usr/lib/gcc/arm-none-eabi/13.2.1/../../../arm-none-eabi/lib/thumb/v7e-m+fp/hard/libc_nano.a(libc_a-strlen.o)
 .eh_frame      0x0002e7cc       0x2c /usr/lib/gcc/arm-none-eabi/13.2.1/../../../arm-none-eabi/lib/thumb/v7e-m+fp/hard/libc_nano.a(libc_a-memcpy.o)
 .eh_frame      0x0002e7f8        0x4 /usr/lib/gcc/arm-none-eabi/13.2.1/thumb/v7e-m+fp/hard/crtend.o

.glue_7         0x0002e7fc        0x0
 .glue_7        0x0002e7fc        0x0 linker stubs

.glue_7t        0x0002e7fc        0x0
 .glue_7t       0x0002e7fc        0x0 linker stubs

.vfp11_veneer   0x0002e7fc        0x0
 .vfp11_veneer  0x0002e7fc        0x0 linker stubs

.v4_bx          0x0002e7fc        0x0
 .v4_bx         0x0002e7fc        0x0 linker stubs

.iplt           0x0002e7fc        0x0
 .iplt          0x0002e7fc        0x0 /usr/lib/gcc/arm-none-eabi/13.2.1/thumb/v7e-m+fp/hard/crtbegin.o

.mem_section_dummy_rom

.sdh_soc_observers
                0x0002e7fc       0x10
                0x0002e7fc                        PROVIDE (__start_sdh_soc_observers = .)
 *(SORT_BY_NAME(.sdh_soc_observers*))
 .sdh_soc_observers0
                0x0002e7fc        0x8 _build/nrf52832_xxaa/nrf_drv_clock.c.o
 .sdh_soc_observers1
                0x0002e804        0x8 _build/nrf52832_xxaa/main.c.o
                0x0002e80c                        PROVIDE (__stop_sdh_soc_observers = .)

.sdh_ble_observers
                0x0002e80c       0x40
                0x0002e80c                        PROVIDE (__start_sdh_ble_observers = .)
 *(SORT_BY_NAME(.sdh_ble_observers*))
 .sdh_ble_observers0
                0x0002e80c        0x8 _build/nrf52832_xxaa/ble_conn_state.c.o
 .sdh_ble_observers1
                0x0002e814        0x8 _build/nrf52832_xxaa/bsp_btn_ble.c.o
 .sdh_ble_observers1
                0x0002e81c       0x10 _build/nrf52832_xxaa/main.c.o
 .sdh_ble_observers1
                0x0002e82c        0x8 _build/nrf52832_xxaa/ble_conn_params.c.o
 .sdh_ble_observers2
                0x0002e834       0x10 _build/nrf52832_xxaa/main.c.o
 .sdh_ble_observers3
                0x0002e844        0x8 _build/nrf52832_xxaa/main.c.o
                0x0002e84c                        PROVIDE (__stop_sdh_ble_observers = .)

.pwr_mgmt_data  0x0002e84c        0x0
                0x0002e84c                        PROVIDE (__start_pwr_mgmt_data = .)
 *(SORT_BY_NAME(.pwr_mgmt_data*))
                0x0002e84c                        PROVIDE (__stop_pwr_mgmt_data = .)

.sdh_state_observers
                0x0002e84c        0x8
                0x0002e84c                        PROVIDE (__start_sdh_state_observers = .)
 *(SORT_BY_NAME(.sdh_state_observers*))
 .sdh_state_observers0
                0x0002e84c        0x8 _build/nrf52832_xxaa/nrf_drv_clock.c.o
                0x0002e854                        PROVIDE (__stop_sdh_state_observers = .)

.sdh_stack_observers
                0x0002e854       0x10
                0x0002e854                        PROVIDE (__start_sdh_stack_observers = .)
 *(SORT_BY_NAME(.sdh_stack_observers*))
 .sdh_stack_observers0
                0x0002e854        0x8 _build/nrf52832_xxaa/nrf_sdh_ble.c.o
 .sdh_stack_observers0
                0x0002e85c        0x8 _build/nrf52832_xxaa/nrf_sdh_soc.c.o
                0x0002e864                        PROVIDE (__stop_sdh_stack_observers = .)

.sdh_req_observers
                0x0002e864        0x0
                0x0002e864                        PROVIDE (__start_sdh_req_observers = .)
 *(SORT_BY_NAME(.sdh_req_observers*))
                0x0002e864                        PROVIDE (__stop_sdh_req_observers = .)

.nrf_queue      0x0002e864        0x0
                [!provide]                        PROVIDE (__start_nrf_queue = .)
 *(.nrf_queue)
                [!provide]                        PROVIDE (__stop_nrf_queue = .)

.nrf_balloc     0x0002e864       0x14
                [!provide]                        PROVIDE (__start_nrf_balloc = .)
 *(.nrf_balloc)
 .nrf_balloc    0x0002e864       0x14 _build/nrf52832_xxaa/nrf_log_frontend.c.o
                0x0002e864                log_mempool
                [!provide]                        PROVIDE (__stop_nrf_balloc = .)

.cli_command    0x0002e878        0x0
                [!provide]                        PROVIDE (__start_cli_command = .)
 *(.cli_command)
                [!provide]                        PROVIDE (__stop_cli_command = .)

.crypto_data    0x0002e878        0x0
                [!provide]                        PROVIDE (__start_crypto_data = .)
 *(SORT_BY_NAME(.crypto_data*))
                [!provide]                        PROVIDE (__stop_crypto_data = .)

.log_const_data
                0x0002e878       0x70
                0x0002e878                        PROVIDE (__start_log_const_data = .)
 *(SORT_BY_NAME(.log_const_data*))
 .log_const_data_CLOCK
                0x0002e878        0x8 _build/nrf52832_xxaa/nrfx_clock.c.o
                0x0002e878                m_nrf_log_CLOCK_logs_data_const
 .log_const_data_GPIOTE
                0x0002e880        0x8 _build/nrf52832_xxaa/nrfx_gpiote.c.o
                0x0002e880                m_nrf_log_GPIOTE_logs_data_const
 .log_const_data_PRS
                0x0002e888        0x8 _build/nrf52832_xxaa/nrfx_prs.c.o
                0x0002e888                m_nrf_log_PRS_logs_data_const
 .log_const_data_SPIM
                0x0002e890        0x8 _build/nrf52832_xxaa/nrfx_spim.c.o
                0x0002e890                m_nrf_log_SPIM_logs_data_const
 .log_const_data_UART
                0x0002e898        0x8 _build/nrf52832_xxaa/nrfx_uart.c.o
                0x0002e898                m_nrf_log_UART_logs_data_const
 .log_const_data_UARTE
                0x0002e8a0        0x8 _build/nrf52832_xxaa/nrfx_uarte.c.o
                0x0002e8a0                m_nrf_log_UARTE_logs_data_const
 .log_const_data_app
                0x0002e8a8        0x8 _build/nrf52832_xxaa/nrf_log_frontend.c.o
                0x0002e8a8                m_nrf_log_app_logs_data_const
 .log_const_data_ble_nus
                0x0002e8b0        0x8 _build/nrf52832_xxaa/ble_nus.c.o
                0x0002e8b0                m_nrf_log_ble_nus_logs_data_const
 .log_const_data_clock
                0x0002e8b8        0x8 _build/nrf52832_xxaa/nrf_drv_clock.c.o
                0x0002e8b8                m_nrf_log_clock_logs_data_const
 .log_const_data_nrf_ble_gatt
                0x0002e8c0        0x8 _build/nrf52832_xxaa/nrf_ble_gatt.c.o
                0x0002e8c0                m_nrf_log_nrf_ble_gatt_logs_data_const
 .log_const_data_nrf_sdh
                0x0002e8c8        0x8 _build/nrf52832_xxaa/nrf_sdh.c.o
                0x0002e8c8                m_nrf_log_nrf_sdh_logs_data_const
 .log_const_data_nrf_sdh_ble
                0x0002e8d0        0x8 _build/nrf52832_xxaa/nrf_sdh_ble.c.o
                0x0002e8d0                m_nrf_log_nrf_sdh_ble_logs_data_const
 .log_const_data_nrf_sdh_soc
                0x0002e8d8        0x8 _build/nrf52832_xxaa/nrf_sdh_soc.c.o
                0x0002e8d8                m_nrf_log_nrf_sdh_soc_logs_data_const
 .log_const_data_pwr_mgmt
                0x0002e8e0        0x8 _build/nrf52832_xxaa/nrf_pwr_mgmt.c.o
                0x0002e8e0                m_nrf_log_pwr_mgmt_logs_data_const
                0x0002e8e8                        PROVIDE (__stop_log_const_data = .)

.log_backends   0x0002e8e8       0x20
                [!provide]                        PROVIDE (__start_log_backends = .)
 *(SORT_BY_NAME(.log_backends*))
 .log_backends  0x0002e8e8       0x20 _build/nrf52832_xxaa/nrf_log_default_backends.c.o
                [!provide]                        PROVIDE (__stop_log_backends = .)

.ARM.extab
 *(.ARM.extab* .gnu.linkonce.armextab.*)
                0x0002e908                        __exidx_start = .

.ARM.exidx      0x0002e908        0x8
 *(.ARM.exidx* .gnu.linkonce.armexidx.*)
 .ARM.exidx     0x0002e908        0x8 /usr/lib/gcc/arm-none-eabi/13.2.1/../../../arm-none-eabi/lib/thumb/v7e-m+fp/hard/crt0.o
                                 0x10 (size before relaxing)
 .ARM.exidx     0x0002e910        0x0 /usr/lib/gcc/arm-none-eabi/13.2.1/../../../arm-none-eabi/lib/thumb/v7e-m+fp/hard/libc_nano.a(libc_a-strlen.o)
                                  0x8 (size before relaxing)
 .ARM.exidx     0x0002e910        0x0 /usr/lib/gcc/arm-none-eabi/13.2.1/../../../arm-none-eabi/lib/thumb/v7e-m+fp/hard/libc_nano.a(libc_a-memcpy.o)
                                  0x8 (size before relaxing)
 .ARM.exidx     0x0002e910        0x0 /usr/lib/gcc/arm-none-eabi/13.2.1/thumb/v7e-m+fp/hard/libgcc.a(_udivmoddi4.o)
                                  0x8 (size before relaxing)
                0x0002e910                        __exidx_end = .
                0x0002e910                        __etext = .

.rel.dyn        0x0002e910        0x0
 .rel.iplt      0x0002e910        0x0 /usr/lib/gcc/arm-none-eabi/13.2.1/thumb/v7e-m+fp/hard/crtbegin.o

.data           0x20002a98       0x60 load address 0x0002e910
                0x20002a98                        __data_start__ = .
 *(vtable)
 *(.data*)
 .data.log_backend_cb_uart_log_backend
                0x20002a98        0x8 _build/nrf52832_xxaa/nrf_log_default_backends.c.o
 .data.log_backend_cb_rtt_log_backend
                0x20002aa0        0x8 _build/nrf52832_xxaa/nrf_log_default_backends.c.o
 .data.SystemCoreClock
                0x20002aa8        0x4 _build/nrf52832_xxaa/system_nrf52.c.o
                0x20002aa8                SystemCoreClock
 .data.is_first_msg
                0x20002aac        0x1 _build/nrf52832_xxaa/main.c.o
 *fill*         0x20002aad        0x3 
 .data.m_adv_uuids
                0x20002ab0        0x4 _build/nrf52832_xxaa/main.c.o
 .data.m_conn_handle
                0x20002ab4        0x2 _build/nrf52832_xxaa/main.c.o
 *fill*         0x20002ab6        0x2 
 .data.m_nus    0x20002ab8       0x1c _build/nrf52832_xxaa/main.c.o
 .data.m_nus_link_ctx_storage
                0x20002ad4        0x8 _build/nrf52832_xxaa/main.c.o
 .data.m_uart   0x20002adc       0x14 _build/nrf52832_xxaa/nrf_log_backend_uart.c.o
                0x20002adc                m_uart
                0x20002af0                        . = ALIGN (0x4)
                0x20002af0                        PROVIDE (__preinit_array_start = .)
 *(.preinit_array)
                0x20002af0                        PROVIDE (__preinit_array_end = .)
                0x20002af0                        . = ALIGN (0x4)
                0x20002af0                        PROVIDE (__init_array_start = .)
 *(SORT_BY_NAME(.init_array.*))
 *(.init_array)
 .init_array    0x20002af0        0x4 /usr/lib/gcc/arm-none-eabi/13.2.1/thumb/v7e-m+fp/hard/crtbegin.o
                0x20002af4                        PROVIDE (__init_array_end = .)
                0x20002af4                        . = ALIGN (0x4)
                0x20002af4                        PROVIDE (__fini_array_start = .)
 *(SORT_BY_NAME(.fini_array.*))
 *(.fini_array)
 .fini_array    0x20002af4        0x4 /usr/lib/gcc/arm-none-eabi/13.2.1/thumb/v7e-m+fp/hard/crtbegin.o
                0x20002af8                        PROVIDE (__fini_array_end = .)
 *(.jcr*)
                0x20002af8                        . = ALIGN (0x4)
                0x20002af8                        __data_end__ = .
LOAD /usr/lib/gcc/arm-none-eabi/13.2.1/thumb/v7e-m+fp/hard/crti.o
LOAD /usr/lib/gcc/arm-none-eabi/13.2.1/thumb/v7e-m+fp/hard/crtbegin.o
LOAD /usr/lib/gcc/arm-none-eabi/13.2.1/../../../arm-none-eabi/lib/thumb/v7e-m+fp/hard/crt0.o
LOAD _build/nrf52832_xxaa/gcc_startup_nrf52.S.o
LOAD _build/nrf52832_xxaa/nrf_log_backend_rtt.c.o
LOAD _build/nrf52832_xxaa/nrf_log_backend_serial.c.o
LOAD _build/nrf52832_xxaa/nrf_log_default_backends.c.o
LOAD _build/nrf52832_xxaa/nrf_log_frontend.c.o
LOAD _build/nrf52832_xxaa/nrf_log_str_formatter.c.o
LOAD _build/nrf52832_xxaa/app_button.c.o
LOAD _build/nrf52832_xxaa/app_error.c.o
LOAD _build/nrf52832_xxaa/app_error_handler_gcc.c.o
LOAD _build/nrf52832_xxaa/app_error_weak.c.o
LOAD _build/nrf52832_xxaa/app_fifo.c.o
LOAD _build/nrf52832_xxaa/app_scheduler.c.o
LOAD _build/nrf52832_xxaa/app_timer.c.o
LOAD _build/nrf52832_xxaa/app_uart_fifo.c.o
LOAD _build/nrf52832_xxaa/app_util_platform.c.o
LOAD _build/nrf52832_xxaa/hardfault_implementation.c.o
LOAD _build/nrf52832_xxaa/nrf_assert.c.o
LOAD _build/nrf52832_xxaa/nrf_atfifo.c.o
LOAD _build/nrf52832_xxaa/nrf_atflags.c.o
LOAD _build/nrf52832_xxaa/nrf_atomic.c.o
LOAD _build/nrf52832_xxaa/nrf_balloc.c.o
LOAD _build/nrf52832_xxaa/nrf_fprintf.c.o
LOAD _build/nrf52832_xxaa/nrf_fprintf_format.c.o
LOAD _build/nrf52832_xxaa/nrf_memobj.c.o
LOAD _build/nrf52832_xxaa/nrf_pwr_mgmt.c.o
LOAD _build/nrf52832_xxaa/nrf_ringbuf.c.o
LOAD _build/nrf52832_xxaa/nrf_section_iter.c.o
LOAD _build/nrf52832_xxaa/nrf_strerror.c.o
LOAD _build/nrf52832_xxaa/retarget.c.o
LOAD _build/nrf52832_xxaa/system_nrf52.c.o
LOAD _build/nrf52832_xxaa/boards.c.o
LOAD _build/nrf52832_xxaa/nrf_drv_clock.c.o
LOAD _build/nrf52832_xxaa/nrf_drv_uart.c.o
LOAD _build/nrf52832_xxaa/nrfx_clock.c.o
LOAD _build/nrf52832_xxaa/nrfx_gpiote.c.o
LOAD _build/nrf52832_xxaa/nrfx_power_clock.c.o
LOAD _build/nrf52832_xxaa/nrfx_prs.c.o
LOAD _build/nrf52832_xxaa/nrfx_uart.c.o
LOAD _build/nrf52832_xxaa/nrfx_uarte.c.o
LOAD _build/nrf52832_xxaa/bsp.c.o
LOAD _build/nrf52832_xxaa/bsp_btn_ble.c.o
LOAD _build/nrf52832_xxaa/main.c.o
LOAD _build/nrf52832_xxaa/SEGGER_RTT.c.o
LOAD _build/nrf52832_xxaa/SEGGER_RTT_Syscalls_GCC.c.o
LOAD _build/nrf52832_xxaa/SEGGER_RTT_printf.c.o
LOAD _build/nrf52832_xxaa/ble_advdata.c.o
LOAD _build/nrf52832_xxaa/ble_advertising.c.o
LOAD _build/nrf52832_xxaa/ble_conn_params.c.o
LOAD _build/nrf52832_xxaa/ble_conn_state.c.o
LOAD _build/nrf52832_xxaa/ble_link_ctx_manager.c.o
LOAD _build/nrf52832_xxaa/ble_srv_common.c.o
LOAD _build/nrf52832_xxaa/nrf_ble_gatt.c.o
LOAD _build/nrf52832_xxaa/nrf_ble_qwr.c.o
LOAD _build/nrf52832_xxaa/utf.c.o
LOAD _build/nrf52832_xxaa/ble_nus.c.o
LOAD _build/nrf52832_xxaa/nrf_sdh.c.o
LOAD _build/nrf52832_xxaa/nrf_sdh_ble.c.o
LOAD _build/nrf52832_xxaa/nrf_sdh_soc.c.o
LOAD _build/nrf52832_xxaa/spi1309.c.o
LOAD _build/nrf52832_xxaa/ssd1309_font.c.o
LOAD _build/nrf52832_xxaa/nrfx_spi.c.o
LOAD _build/nrf52832_xxaa/nrf_drv_spi.c.o
LOAD _build/nrf52832_xxaa/nrf_drv_twi.c.o
LOAD _build/nrf52832_xxaa/nrfx_twim.c.o
LOAD _build/nrf52832_xxaa/nrfx_twi.c.o
LOAD _build/nrf52832_xxaa/nrf_log_backend_uart.c.o
LOAD _build/nrf52832_xxaa/nrfx_spim.c.o
LOAD /usr/lib/gcc/arm-none-eabi/13.2.1/../../../arm-none-eabi/lib/thumb/v7e-m+fp/hard/libc_nano.a
LOAD /usr/lib/gcc/arm-none-eabi/13.2.1/../../../arm-none-eabi/lib/thumb/v7e-m+fp/hard/libnosys.a
LOAD /usr/lib/gcc/arm-none-eabi/13.2.1/../../../arm-none-eabi/lib/thumb/v7e-m+fp/hard/libm.a
START GROUP
LOAD /usr/lib/gcc/arm-none-eabi/13.2.1/thumb/v7e-m+fp/hard/libgcc.a
LOAD /usr/lib/gcc/arm-none-eabi/13.2.1/../../../arm-none-eabi/lib/thumb/v7e-m+fp/hard/libg_nano.a
LOAD /usr/lib/gcc/arm-none-eabi/13.2.1/../../../arm-none-eabi/lib/thumb/v7e-m+fp/hard/libc_nano.a
END GROUP
START GROUP
LOAD /usr/lib/gcc/arm-none-eabi/13.2.1/thumb/v7e-m+fp/hard/libgcc.a
LOAD /usr/lib/gcc/arm-none-eabi/13.2.1/../../../arm-none-eabi/lib/thumb/v7e-m+fp/hard/libc_nano.a
LOAD /usr/lib/gcc/arm-none-eabi/13.2.1/../../../arm-none-eabi/lib/thumb/v7e-m+fp/hard/libnosys.a
END GROUP
START GROUP
LOAD /usr/lib/gcc/arm-none-eabi/13.2.1/thumb/v7e-m+fp/hard/libgcc.a
LOAD /usr/lib/gcc/arm-none-eabi/13.2.1/../../../arm-none-eabi/lib/thumb/v7e-m+fp/hard/libc_nano.a
LOAD /usr/lib/gcc/arm-none-eabi/13.2.1/../../../arm-none-eabi/lib/thumb/v7e-m+fp/hard/libnosys.a
END GROUP
LOAD /usr/lib/gcc/arm-none-eabi/13.2.1/thumb/v7e-m+fp/hard/crtend.o
LOAD /usr/lib/gcc/arm-none-eabi/13.2.1/thumb/v7e-m+fp/hard/crtn.o
START GROUP
LOAD /usr/lib/gcc/arm-none-eabi/13.2.1/thumb/v7e-m+fp/hard/libgcc.a
LOAD /usr/lib/gcc/arm-none-eabi/13.2.1/../../../arm-none-eabi/lib/thumb/v7e-m+fp/hard/libc.a
LOAD /usr/lib/gcc/arm-none-eabi/13.2.1/../../../arm-none-eabi/lib/thumb/v7e-m+fp/hard/libnosys.a
END GROUP

.tm_clone_table
                0x20002af8        0x0 load address 0x0002e970
 .tm_clone_table
                0x20002af8        0x0 /usr/lib/gcc/arm-none-eabi/13.2.1/thumb/v7e-m+fp/hard/crtbegin.o
 .tm_clone_table
                0x20002af8        0x0 /usr/lib/gcc/arm-none-eabi/13.2.1/thumb/v7e-m+fp/hard/crtend.o

.igot.plt       0x20002af8        0x0 load address 0x0002e970
 .igot.plt      0x20002af8        0x0 /usr/lib/gcc/arm-none-eabi/13.2.1/thumb/v7e-m+fp/hard/crtbegin.o
                0x20002af8                        . = ALIGN (0x4)

.mem_section_dummy_ram

.cli_sorted_cmd_ptrs
                0x20002af8        0x0
                [!provide]                        PROVIDE (__start_cli_sorted_cmd_ptrs = .)
 *(.cli_sorted_cmd_ptrs)
                [!provide]                        PROVIDE (__stop_cli_sorted_cmd_ptrs = .)

.fs_data        0x20002af8        0x0
                [!provide]                        PROVIDE (__start_fs_data = .)
 *(.fs_data)
                [!provide]                        PROVIDE (__stop_fs_data = .)

.log_dynamic_data
                0x20002af8        0x0
                0x20002af8                        PROVIDE (__start_log_dynamic_data = .)
 *(SORT_BY_NAME(.log_dynamic_data*))
                [!provide]                        PROVIDE (__stop_log_dynamic_data = .)

.log_filter_data
                0x20002af8        0x0
                [!provide]                        PROVIDE (__start_log_filter_data = .)
 *(SORT_BY_NAME(.log_filter_data*))
                [!provide]                        PROVIDE (__stop_log_filter_data = .)

.bss            0x20002af8     0x1540 load address 0x0002e970
                0x20002af8                        . = ALIGN (0x4)
                0x20002af8                        __bss_start__ = .
 *(.bss*)
 .bss           0x20002af8       0x1c /usr/lib/gcc/arm-none-eabi/13.2.1/thumb/v7e-m+fp/hard/crtbegin.o
 .bss.m_string_buff
                0x20002b14       0x40 _build/nrf52832_xxaa/nrf_log_backend_rtt.c.o
 .bss.m_host_present
                0x20002b54        0x1 _build/nrf52832_xxaa/nrf_log_backend_rtt.c.o
 *fill*         0x20002b55        0x3 
 .bss.m_log_data
                0x20002b58      0x424 _build/nrf52832_xxaa/nrf_log_frontend.c.o
 .bss.m_log_push_ringbuf_cb
                0x20002f7c       0x18 _build/nrf52832_xxaa/nrf_log_frontend.c.o
 .bss.m_log_push_ringbuf_buf
                0x20002f94       0x80 _build/nrf52832_xxaa/nrf_log_frontend.c.o
 .bss.log_mempool_nrf_balloc_cb
                0x20003014        0x8 _build/nrf52832_xxaa/nrf_log_frontend.c.o
 .bss.log_mempool_nrf_balloc_pool_mem
                0x2000301c       0xc0 _build/nrf52832_xxaa/nrf_log_frontend.c.o
 .bss.log_mempool_nrf_balloc_pool_stack
                0x200030dc        0x8 _build/nrf52832_xxaa/nrf_log_frontend.c.o
 *fill*         0x200030e4        0x4 
 .bss.m_pin_transition
                0x200030e8        0x8 _build/nrf52832_xxaa/app_button.c.o
 .bss.m_pin_state
                0x200030f0        0x8 _build/nrf52832_xxaa/app_button.c.o
 .bss.m_detection_delay_timer_id_data
                0x200030f8       0x20 _build/nrf52832_xxaa/app_button.c.o
 .bss.m_detection_delay
                0x20003118        0x4 _build/nrf52832_xxaa/app_button.c.o
 .bss.m_button_count
                0x2000311c        0x1 _build/nrf52832_xxaa/app_button.c.o
 *fill*         0x2000311d        0x3 
 .bss.mp_buttons
                0x20003120        0x4 _build/nrf52832_xxaa/app_button.c.o
 .bss.m_rtc1_reset
                0x20003124        0x1 _build/nrf52832_xxaa/app_timer.c.o
 .bss.m_rtc1_running
                0x20003125        0x1 _build/nrf52832_xxaa/app_timer.c.o
 .bss.m_ticks_elapsed_q_write_ind
                0x20003126        0x1 _build/nrf52832_xxaa/app_timer.c.o
 .bss.m_ticks_elapsed_q_read_ind
                0x20003127        0x1 _build/nrf52832_xxaa/app_timer.c.o
 .bss.m_ticks_elapsed
                0x20003128        0x8 _build/nrf52832_xxaa/app_timer.c.o
 .bss.m_ticks_latest
                0x20003130        0x4 _build/nrf52832_xxaa/app_timer.c.o
 .bss.mp_timer_id_head
                0x20003134        0x4 _build/nrf52832_xxaa/app_timer.c.o
 .bss.m_op_queue
                0x20003138      0x10c _build/nrf52832_xxaa/app_timer.c.o
 .bss.nrf_nvic_state
                0x20003244        0xc _build/nrf52832_xxaa/app_util_platform.c.o
                0x20003244                nrf_nvic_state
 .bss.m_handlers_iter
                0x20003250        0x8 _build/nrf52832_xxaa/nrf_pwr_mgmt.c.o
 .bss.m_shutdown_started
                0x20003258        0x1 _build/nrf52832_xxaa/nrf_pwr_mgmt.c.o
 *fill*         0x20003259        0x3 
 .bss.m_sysoff_mtx
                0x2000325c        0x4 _build/nrf52832_xxaa/nrf_pwr_mgmt.c.o
 .bss.m_clock_cb
                0x20003260       0x14 _build/nrf52832_xxaa/nrf_drv_clock.c.o
 .bss.nrf_drv_uart_use_easy_dma
                0x20003274        0x1 _build/nrf52832_xxaa/nrf_drv_uart.c.o
                0x20003274                nrf_drv_uart_use_easy_dma
 *fill*         0x20003275        0x3 
 .bss.m_contexts
                0x20003278        0x4 _build/nrf52832_xxaa/nrf_drv_uart.c.o
 .bss.m_handlers
                0x2000327c        0x4 _build/nrf52832_xxaa/nrf_drv_uart.c.o
 .bss.m_clock_cb
                0x20003280        0x8 _build/nrf52832_xxaa/nrfx_clock.c.o
 .bss.m_cb      0x20003288       0x5c _build/nrf52832_xxaa/nrfx_gpiote.c.o
 .bss.m_prs_box_4
                0x200032e4        0x8 _build/nrf52832_xxaa/nrfx_prs.c.o
 *fill*         0x200032ec        0x4 
 .bss.m_cb      0x200032f0       0x2c _build/nrf52832_xxaa/nrfx_uart.c.o
 *fill*         0x2000331c        0x4 
 .bss.m_cb      0x20003320       0x24 _build/nrf52832_xxaa/nrfx_uarte.c.o
 .bss.release_event_at_push.0
                0x20003344        0x4 _build/nrf52832_xxaa/bsp.c.o
 .bss.current_long_push_pin_no.1
                0x20003348        0x1 _build/nrf52832_xxaa/bsp.c.o
 *fill*         0x20003349        0x3 
 .bss.m_bsp_button_tmr_data
                0x2000334c       0x20 _build/nrf52832_xxaa/bsp.c.o
 .bss.m_events_list
                0x2000336c        0xc _build/nrf52832_xxaa/bsp.c.o
 .bss.m_registered_callback
                0x20003378        0x4 _build/nrf52832_xxaa/bsp.c.o
 .bss.m_bsp_alert_tmr_data
                0x2000337c       0x20 _build/nrf52832_xxaa/bsp.c.o
 .bss.m_bsp_leds_tmr_data
                0x2000339c       0x20 _build/nrf52832_xxaa/bsp.c.o
 .bss.m_alert_on
                0x200033bc        0x1 _build/nrf52832_xxaa/bsp.c.o
 *fill*         0x200033bd        0x3 
 .bss.m_indication_type
                0x200033c0        0x4 _build/nrf52832_xxaa/bsp.c.o
 .bss.m_leds_clear
                0x200033c4        0x1 _build/nrf52832_xxaa/bsp.c.o
 .bss.m_stable_state
                0x200033c5        0x1 _build/nrf52832_xxaa/bsp.c.o
 *fill*         0x200033c6        0x2 
 .bss.m_num_connections
                0x200033c8        0x4 _build/nrf52832_xxaa/bsp_btn_ble.c.o
 .bss.m_error_handler
                0x200033cc        0x4 _build/nrf52832_xxaa/bsp_btn_ble.c.o
 .bss.ligne2    0x200033d0       0x20 _build/nrf52832_xxaa/main.c.o
                0x200033d0                ligne2
 .bss.ligne1    0x200033f0       0x20 _build/nrf52832_xxaa/main.c.o
                0x200033f0                ligne1
 .bss.new_data_pending
                0x20003410        0x1 _build/nrf52832_xxaa/main.c.o
 *fill*         0x20003411        0x3 
 .bss.m_advertising
                0x20003414      0x258 _build/nrf52832_xxaa/main.c.o
 .bss.m_qwr     0x2000366c        0xc _build/nrf52832_xxaa/main.c.o
 .bss.m_gatt    0x20003678       0x14 _build/nrf52832_xxaa/main.c.o
 .bss.m_nus_link_ctx_storage_ctx_data_pool
                0x2000368c        0x4 _build/nrf52832_xxaa/main.c.o
 .bss._acDownBuffer
                0x20003690       0x10 _build/nrf52832_xxaa/SEGGER_RTT.c.o
 .bss._acUpBuffer
                0x200036a0      0x200 _build/nrf52832_xxaa/SEGGER_RTT.c.o
 .bss._SEGGER_RTT
                0x200038a0       0x78 _build/nrf52832_xxaa/SEGGER_RTT.c.o
                0x200038a0                _SEGGER_RTT
 .bss.m_preferred_conn_params
                0x20003918        0x8 _build/nrf52832_xxaa/ble_conn_params.c.o
 .bss.m_conn_params_config
                0x20003920       0x1c _build/nrf52832_xxaa/ble_conn_params.c.o
 .bss.m_conn_params_instances
                0x2000393c       0x14 _build/nrf52832_xxaa/ble_conn_params.c.o
 .bss.m_timer_data
                0x20003950       0x20 _build/nrf52832_xxaa/ble_conn_params.c.o
 .bss.m_bcs     0x20003970       0x78 _build/nrf52832_xxaa/ble_conn_state.c.o
 .bss.m_nrf_sdh_continue
                0x200039e8        0x1 _build/nrf52832_xxaa/nrf_sdh.c.o
 .bss.m_nrf_sdh_suspended
                0x200039e9        0x1 _build/nrf52832_xxaa/nrf_sdh.c.o
 .bss.m_nrf_sdh_enabled
                0x200039ea        0x1 _build/nrf52832_xxaa/nrf_sdh.c.o
 .bss.m_stack_is_enabled
                0x200039eb        0x1 _build/nrf52832_xxaa/nrf_sdh_ble.c.o
 .bss.buffer    0x200039ec      0x400 _build/nrf52832_xxaa/spi1309.c.o
 .bss.m_contexts
                0x20003dec        0xc _build/nrf52832_xxaa/nrf_drv_spi.c.o
 .bss.m_handlers
                0x20003df8        0xc _build/nrf52832_xxaa/nrf_drv_spi.c.o
 .bss.m_async_mode
                0x20003e04        0x1 _build/nrf52832_xxaa/nrf_log_backend_uart.c.o
 .bss.m_xfer_done
                0x20003e05        0x1 _build/nrf52832_xxaa/nrf_log_backend_uart.c.o
 *fill*         0x20003e06        0x2 
 .bss.m_string_buff
                0x20003e08       0x40 _build/nrf52832_xxaa/nrf_log_backend_uart.c.o
 .bss.m_cb      0x20003e48       0x24 _build/nrf52832_xxaa/nrfx_spim.c.o
 .bss           0x20003e6c      0x13c /usr/lib/gcc/arm-none-eabi/13.2.1/../../../arm-none-eabi/lib/thumb/v7e-m+fp/hard/libc_nano.a(libc_a-findfp.o)
                0x20003e6c                __sf
                0x20003fa4                __stdio_exit_handler
 .bss           0x20003fa8       0x8c /usr/lib/gcc/arm-none-eabi/13.2.1/../../../arm-none-eabi/lib/thumb/v7e-m+fp/hard/libc_nano.a(libc_a-__atexit.o)
                0x20003fa8                __atexit0
 .bss           0x20004034        0x4 /usr/lib/gcc/arm-none-eabi/13.2.1/../../../arm-none-eabi/lib/thumb/v7e-m+fp/hard/libc_nano.a(libc_a-__call_atexit.o)
                0x20004034                __atexit
 *(COMMON)
                0x20004038                        . = ALIGN (0x4)
                0x20004038                        __bss_end__ = .

.heap           0x20004038     0x2000
                0x20004038                        __HeapBase = .
                0x20004038                        __end__ = .
                0x20004038                        PROVIDE (end = .)
 *(.heap*)
 .heap          0x20004038     0x2000 _build/nrf52832_xxaa/gcc_startup_nrf52.S.o
                0x20006038                        __HeapLimit = .

.stack_dummy    0x20004038     0x2000
 *(.stack*)
 .stack         0x20004038     0x2000 _build/nrf52832_xxaa/gcc_startup_nrf52.S.o
                0x20010000                        __StackTop = (ORIGIN (RAM) + LENGTH (RAM))
                0x2000e000                        __StackLimit = (__StackTop - SIZEOF (.stack_dummy))
                0x20010000                        PROVIDE (__stack = __StackTop)
                0x00000001                        ASSERT ((__StackLimit >= __HeapLimit), region RAM overflowed with stack)
                0x00000060                        DataInitFlashUsed = (__bss_start__ - __data_start__)
                0x00008910                        CodeFlashUsed = (__etext - ORIGIN (FLASH))
                0x00008970                        TotalFlashUsed = (CodeFlashUsed + DataInitFlashUsed)
                0x00000001                        ASSERT ((TotalFlashUsed <= LENGTH (FLASH)), region FLASH overflowed with .data and user data)
OUTPUT(_build/nrf52832_xxaa.out elf32-littlearm)
LOAD linker stubs

.ARM.attributes
                0x00000000       0x30
 .ARM.attributes
                0x00000000       0x22 /usr/lib/gcc/arm-none-eabi/13.2.1/thumb/v7e-m+fp/hard/crti.o
 .ARM.attributes
                0x00000022       0x34 /usr/lib/gcc/arm-none-eabi/13.2.1/thumb/v7e-m+fp/hard/crtbegin.o
 .ARM.attributes
                0x00000056       0x20 /usr/lib/gcc/arm-none-eabi/13.2.1/../../../arm-none-eabi/lib/thumb/v7e-m+fp/hard/crt0.o
 .ARM.attributes
                0x00000076       0x20 _build/nrf52832_xxaa/gcc_startup_nrf52.S.o
 .ARM.attributes
                0x00000096       0x34 _build/nrf52832_xxaa/nrf_log_backend_rtt.c.o
 .ARM.attributes
                0x000000ca       0x34 _build/nrf52832_xxaa/nrf_log_backend_serial.c.o
 .ARM.attributes
                0x000000fe       0x34 _build/nrf52832_xxaa/nrf_log_default_backends.c.o
 .ARM.attributes
                0x00000132       0x34 _build/nrf52832_xxaa/nrf_log_frontend.c.o
 .ARM.attributes
                0x00000166       0x34 _build/nrf52832_xxaa/nrf_log_str_formatter.c.o
 .ARM.attributes
                0x0000019a       0x34 _build/nrf52832_xxaa/app_button.c.o
 .ARM.attributes
                0x000001ce       0x34 _build/nrf52832_xxaa/app_error.c.o
 .ARM.attributes
                0x00000202       0x34 _build/nrf52832_xxaa/app_error_weak.c.o
 .ARM.attributes
                0x00000236       0x34 _build/nrf52832_xxaa/app_timer.c.o
 .ARM.attributes
                0x0000026a       0x34 _build/nrf52832_xxaa/app_util_platform.c.o
 .ARM.attributes
                0x0000029e       0x34 _build/nrf52832_xxaa/nrf_atflags.c.o
 .ARM.attributes
                0x000002d2       0x34 _build/nrf52832_xxaa/nrf_atomic.c.o
 .ARM.attributes
                0x00000306       0x34 _build/nrf52832_xxaa/nrf_balloc.c.o
 .ARM.attributes
                0x0000033a       0x34 _build/nrf52832_xxaa/nrf_fprintf.c.o
 .ARM.attributes
                0x0000036e       0x34 _build/nrf52832_xxaa/nrf_fprintf_format.c.o
 .ARM.attributes
                0x000003a2       0x34 _build/nrf52832_xxaa/nrf_memobj.c.o
 .ARM.attributes
                0x000003d6       0x34 _build/nrf52832_xxaa/nrf_pwr_mgmt.c.o
 .ARM.attributes
                0x0000040a       0x34 _build/nrf52832_xxaa/nrf_ringbuf.c.o
 .ARM.attributes
                0x0000043e       0x34 _build/nrf52832_xxaa/nrf_section_iter.c.o
 .ARM.attributes
                0x00000472       0x34 _build/nrf52832_xxaa/nrf_strerror.c.o
 .ARM.attributes
                0x000004a6       0x34 _build/nrf52832_xxaa/system_nrf52.c.o
 .ARM.attributes
                0x000004da       0x34 _build/nrf52832_xxaa/boards.c.o
 .ARM.attributes
                0x0000050e       0x34 _build/nrf52832_xxaa/nrf_drv_clock.c.o
 .ARM.attributes
                0x00000542       0x34 _build/nrf52832_xxaa/nrf_drv_uart.c.o
 .ARM.attributes
                0x00000576       0x34 _build/nrf52832_xxaa/nrfx_clock.c.o
 .ARM.attributes
                0x000005aa       0x34 _build/nrf52832_xxaa/nrfx_gpiote.c.o
 .ARM.attributes
                0x000005de       0x34 _build/nrf52832_xxaa/nrfx_prs.c.o
 .ARM.attributes
                0x00000612       0x34 _build/nrf52832_xxaa/nrfx_uart.c.o
 .ARM.attributes
                0x00000646       0x34 _build/nrf52832_xxaa/nrfx_uarte.c.o
 .ARM.attributes
                0x0000067a       0x34 _build/nrf52832_xxaa/bsp.c.o
 .ARM.attributes
                0x000006ae       0x34 _build/nrf52832_xxaa/bsp_btn_ble.c.o
 .ARM.attributes
                0x000006e2       0x34 _build/nrf52832_xxaa/main.c.o
 .ARM.attributes
                0x00000716       0x34 _build/nrf52832_xxaa/SEGGER_RTT.c.o
 .ARM.attributes
                0x0000074a       0x34 _build/nrf52832_xxaa/ble_advdata.c.o
 .ARM.attributes
                0x0000077e       0x34 _build/nrf52832_xxaa/ble_advertising.c.o
 .ARM.attributes
                0x000007b2       0x34 _build/nrf52832_xxaa/ble_conn_params.c.o
 .ARM.attributes
                0x000007e6       0x34 _build/nrf52832_xxaa/ble_conn_state.c.o
 .ARM.attributes
                0x0000081a       0x34 _build/nrf52832_xxaa/ble_link_ctx_manager.c.o
 .ARM.attributes
                0x0000084e       0x34 _build/nrf52832_xxaa/ble_srv_common.c.o
 .ARM.attributes
                0x00000882       0x34 _build/nrf52832_xxaa/nrf_ble_gatt.c.o
 .ARM.attributes
                0x000008b6       0x34 _build/nrf52832_xxaa/nrf_ble_qwr.c.o
 .ARM.attributes
                0x000008ea       0x34 _build/nrf52832_xxaa/ble_nus.c.o
 .ARM.attributes
                0x0000091e       0x34 _build/nrf52832_xxaa/nrf_sdh.c.o
 .ARM.attributes
                0x00000952       0x34 _build/nrf52832_xxaa/nrf_sdh_ble.c.o
 .ARM.attributes
                0x00000986       0x34 _build/nrf52832_xxaa/nrf_sdh_soc.c.o
 .ARM.attributes
                0x000009ba       0x34 _build/nrf52832_xxaa/spi1309.c.o
 .ARM.attributes
                0x000009ee       0x34 _build/nrf52832_xxaa/ssd1309_font.c.o
 .ARM.attributes
                0x00000a22       0x34 _build/nrf52832_xxaa/nrf_drv_spi.c.o
 .ARM.attributes
                0x00000a56       0x34 _build/nrf52832_xxaa/nrf_log_backend_uart.c.o
 .ARM.attributes
                0x00000a8a       0x34 _build/nrf52832_xxaa/nrfx_spim.c.o
 .ARM.attributes
                0x00000abe       0x34 /usr/lib/gcc/arm-none-eabi/13.2.1/../../../arm-none-eabi/lib/thumb/v7e-m+fp/hard/libc_nano.a(libc_a-strcpy.o)
 .ARM.attributes
                0x00000af2       0x34 /usr/lib/gcc/arm-none-eabi/13.2.1/../../../arm-none-eabi/lib/thumb/v7e-m+fp/hard/libc_nano.a(libc_a-init.o)
 .ARM.attributes
                0x00000b26       0x1c /usr/lib/gcc/arm-none-eabi/13.2.1/../../../arm-none-eabi/lib/thumb/v7e-m+fp/hard/libc_nano.a(libc_a-strlen.o)
 .ARM.attributes
                0x00000b42       0x34 /usr/lib/gcc/arm-none-eabi/13.2.1/../../../arm-none-eabi/lib/thumb/v7e-m+fp/hard/libc_nano.a(libc_a-memset.o)
 .ARM.attributes
                0x00000b76       0x20 /usr/lib/gcc/arm-none-eabi/13.2.1/../../../arm-none-eabi/lib/thumb/v7e-m+fp/hard/libc_nano.a(libc_a-memcpy.o)
 .ARM.attributes
                0x00000b96       0x34 /usr/lib/gcc/arm-none-eabi/13.2.1/../../../arm-none-eabi/lib/thumb/v7e-m+fp/hard/libc_nano.a(libc_a-exit.o)
 .ARM.attributes
                0x00000bca       0x34 /usr/lib/gcc/arm-none-eabi/13.2.1/../../../arm-none-eabi/lib/thumb/v7e-m+fp/hard/libc_nano.a(libc_a-ctype_.o)
 .ARM.attributes
                0x00000bfe       0x34 /usr/lib/gcc/arm-none-eabi/13.2.1/../../../arm-none-eabi/lib/thumb/v7e-m+fp/hard/libc_nano.a(libc_a-atexit.o)
 .ARM.attributes
                0x00000c32       0x34 /usr/lib/gcc/arm-none-eabi/13.2.1/../../../arm-none-eabi/lib/thumb/v7e-m+fp/hard/libc_nano.a(libc_a-fini.o)
 .ARM.attributes
                0x00000c66       0x34 /usr/lib/gcc/arm-none-eabi/13.2.1/../../../arm-none-eabi/lib/thumb/v7e-m+fp/hard/libc_nano.a(libc_a-findfp.o)
 .ARM.attributes
                0x00000c9a       0x34 /usr/lib/gcc/arm-none-eabi/13.2.1/../../../arm-none-eabi/lib/thumb/v7e-m+fp/hard/libc_nano.a(libc_a-__atexit.o)
 .ARM.attributes
                0x00000cce       0x34 /usr/lib/gcc/arm-none-eabi/13.2.1/../../../arm-none-eabi/lib/thumb/v7e-m+fp/hard/libc_nano.a(libc_a-__call_atexit.o)
 .ARM.attributes
                0x00000d02       0x34 /usr/lib/gcc/arm-none-eabi/13.2.1/../../../arm-none-eabi/lib/thumb/v7e-m+fp/hard/libnosys.a(_exit.o)
 .ARM.attributes
                0x00000d36       0x22 /usr/lib/gcc/arm-none-eabi/13.2.1/thumb/v7e-m+fp/hard/libgcc.a(_aeabi_uldivmod.o)
 .ARM.attributes
                0x00000d58       0x34 /usr/lib/gcc/arm-none-eabi/13.2.1/thumb/v7e-m+fp/hard/libgcc.a(_udivmoddi4.o)
 .ARM.attributes
                0x00000d8c       0x22 /usr/lib/gcc/arm-none-eabi/13.2.1/thumb/v7e-m+fp/hard/libgcc.a(_dvmd_tls.o)
 .ARM.attributes
                0x00000dae       0x34 /usr/lib/gcc/arm-none-eabi/13.2.1/thumb/v7e-m+fp/hard/crtend.o
 .ARM.attributes
                0x00000de2       0x22 /usr/lib/gcc/arm-none-eabi/13.2.1/thumb/v7e-m+fp/hard/crtn.o

.comment        0x00000000       0x26
 .comment       0x00000000       0x26 /usr/lib/gcc/arm-none-eabi/13.2.1/thumb/v7e-m+fp/hard/crtbegin.o
                                 0x27 (size before relaxing)
 .comment       0x00000026       0x27 _build/nrf52832_xxaa/nrf_log_backend_rtt.c.o
 .comment       0x00000026       0x27 _build/nrf52832_xxaa/nrf_log_backend_serial.c.o
 .comment       0x00000026       0x27 _build/nrf52832_xxaa/nrf_log_default_backends.c.o
 .comment       0x00000026       0x27 _build/nrf52832_xxaa/nrf_log_frontend.c.o
 .comment       0x00000026       0x27 _build/nrf52832_xxaa/nrf_log_str_formatter.c.o
 .comment       0x00000026       0x27 _build/nrf52832_xxaa/app_button.c.o
 .comment       0x00000026       0x27 _build/nrf52832_xxaa/app_error.c.o
 .comment       0x00000026       0x27 _build/nrf52832_xxaa/app_error_weak.c.o
 .comment       0x00000026       0x27 _build/nrf52832_xxaa/app_timer.c.o
 .comment       0x00000026       0x27 _build/nrf52832_xxaa/app_util_platform.c.o
 .comment       0x00000026       0x27 _build/nrf52832_xxaa/nrf_atflags.c.o
 .comment       0x00000026       0x27 _build/nrf52832_xxaa/nrf_atomic.c.o
 .comment       0x00000026       0x27 _build/nrf52832_xxaa/nrf_balloc.c.o
 .comment       0x00000026       0x27 _build/nrf52832_xxaa/nrf_fprintf.c.o
 .comment       0x00000026       0x27 _build/nrf52832_xxaa/nrf_fprintf_format.c.o
 .comment       0x00000026       0x27 _build/nrf52832_xxaa/nrf_memobj.c.o
 .comment       0x00000026       0x27 _build/nrf52832_xxaa/nrf_pwr_mgmt.c.o
 .comment       0x00000026       0x27 _build/nrf52832_xxaa/nrf_ringbuf.c.o
 .comment       0x00000026       0x27 _build/nrf52832_xxaa/nrf_section_iter.c.o
 .comment       0x00000026       0x27 _build/nrf52832_xxaa/nrf_strerror.c.o
 .comment       0x00000026       0x27 _build/nrf52832_xxaa/system_nrf52.c.o
 .comment       0x00000026       0x27 _build/nrf52832_xxaa/boards.c.o
 .comment       0x00000026       0x27 _build/nrf52832_xxaa/nrf_drv_clock.c.o
 .comment       0x00000026       0x27 _build/nrf52832_xxaa/nrf_drv_uart.c.o
 .comment       0x00000026       0x27 _build/nrf52832_xxaa/nrfx_clock.c.o
 .comment       0x00000026       0x27 _build/nrf52832_xxaa/nrfx_gpiote.c.o
 .comment       0x00000026       0x27 _build/nrf52832_xxaa/nrfx_prs.c.o
 .comment       0x00000026       0x27 _build/nrf52832_xxaa/nrfx_uart.c.o
 .comment       0x00000026       0x27 _build/nrf52832_xxaa/nrfx_uarte.c.o
 .comment       0x00000026       0x27 _build/nrf52832_xxaa/bsp.c.o
 .comment       0x00000026       0x27 _build/nrf52832_xxaa/bsp_btn_ble.c.o
 .comment       0x00000026       0x27 _build/nrf52832_xxaa/main.c.o
 .comment       0x00000026       0x27 _build/nrf52832_xxaa/SEGGER_RTT.c.o
 .comment       0x00000026       0x27 _build/nrf52832_xxaa/ble_advdata.c.o
 .comment       0x00000026       0x27 _build/nrf52832_xxaa/ble_advertising.c.o
 .comment       0x00000026       0x27 _build/nrf52832_xxaa/ble_conn_params.c.o
 .comment       0x00000026       0x27 _build/nrf52832_xxaa/ble_conn_state.c.o
 .comment       0x00000026       0x27 _build/nrf52832_xxaa/ble_link_ctx_manager.c.o
 .comment       0x00000026       0x27 _build/nrf52832_xxaa/ble_srv_common.c.o
 .comment       0x00000026       0x27 _build/nrf52832_xxaa/nrf_ble_gatt.c.o
 .comment       0x00000026       0x27 _build/nrf52832_xxaa/nrf_ble_qwr.c.o
 .comment       0x00000026       0x27 _build/nrf52832_xxaa/ble_nus.c.o
 .comment       0x00000026       0x27 _build/nrf52832_xxaa/nrf_sdh.c.o
 .comment       0x00000026       0x27 _build/nrf52832_xxaa/nrf_sdh_ble.c.o
 .comment       0x00000026       0x27 _build/nrf52832_xxaa/nrf_sdh_soc.c.o
 .comment       0x00000026       0x27 _build/nrf52832_xxaa/spi1309.c.o
 .comment       0x00000026       0x27 _build/nrf52832_xxaa/ssd1309_font.c.o
 .comment       0x00000026       0x27 _build/nrf52832_xxaa/nrf_drv_spi.c.o
 .comment       0x00000026       0x27 _build/nrf52832_xxaa/nrf_log_backend_uart.c.o
 .comment       0x00000026       0x27 _build/nrf52832_xxaa/nrfx_spim.c.o
 .comment       0x00000026       0x27 /usr/lib/gcc/arm-none-eabi/13.2.1/../../../arm-none-eabi/lib/thumb/v7e-m+fp/hard/libc_nano.a(libc_a-strcpy.o)
 .comment       0x00000026       0x27 /usr/lib/gcc/arm-none-eabi/13.2.1/../../../arm-none-eabi/lib/thumb/v7e-m+fp/hard/libc_nano.a(libc_a-init.o)
 .comment       0x00000026       0x27 /usr/lib/gcc/arm-none-eabi/13.2.1/../../../arm-none-eabi/lib/thumb/v7e-m+fp/hard/libc_nano.a(libc_a-memset.o)
 .comment       0x00000026       0x27 /usr/lib/gcc/arm-none-eabi/13.2.1/../../../arm-none-eabi/lib/thumb/v7e-m+fp/hard/libc_nano.a(libc_a-exit.o)
 .comment       0x00000026       0x27 /usr/lib/gcc/arm-none-eabi/13.2.1/../../../arm-none-eabi/lib/thumb/v7e-m+fp/hard/libc_nano.a(libc_a-ctype_.o)
 .comment       0x00000026       0x27 /usr/lib/gcc/arm-none-eabi/13.2.1/../../../arm-none-eabi/lib/thumb/v7e-m+fp/hard/libc_nano.a(libc_a-atexit.o)
 .comment       0x00000026       0x27 /usr/lib/gcc/arm-none-eabi/13.2.1/../../../arm-none-eabi/lib/thumb/v7e-m+fp/hard/libc_nano.a(libc_a-fini.o)
 .comment       0x00000026       0x27 /usr/lib/gcc/arm-none-eabi/13.2.1/../../../arm-none-eabi/lib/thumb/v7e-m+fp/hard/libc_nano.a(libc_a-findfp.o)
 .comment       0x00000026       0x27 /usr/lib/gcc/arm-none-eabi/13.2.1/../../../arm-none-eabi/lib/thumb/v7e-m+fp/hard/libc_nano.a(libc_a-__atexit.o)
 .comment       0x00000026       0x27 /usr/lib/gcc/arm-none-eabi/13.2.1/../../../arm-none-eabi/lib/thumb/v7e-m+fp/hard/libc_nano.a(libc_a-__call_atexit.o)
 .comment       0x00000026       0x27 /usr/lib/gcc/arm-none-eabi/13.2.1/../../../arm-none-eabi/lib/thumb/v7e-m+fp/hard/libnosys.a(_exit.o)
 .comment       0x00000026       0x27 /usr/lib/gcc/arm-none-eabi/13.2.1/thumb/v7e-m+fp/hard/libgcc.a(_udivmoddi4.o)
 .comment       0x00000026       0x27 /usr/lib/gcc/arm-none-eabi/13.2.1/thumb/v7e-m+fp/hard/crtend.o

.debug_line     0x00000000    0x2c5b8
 .debug_line    0x00000000       0x75 /usr/lib/gcc/arm-none-eabi/13.2.1/../../../arm-none-eabi/lib/thumb/v7e-m+fp/hard/crt0.o
 .debug_line    0x00000075       0x69 _build/nrf52832_xxaa/gcc_startup_nrf52.S.o
 .debug_line    0x000000de      0xa0d _build/nrf52832_xxaa/nrf_log_backend_rtt.c.o
 .debug_line    0x00000aeb      0x767 _build/nrf52832_xxaa/nrf_log_backend_serial.c.o
 .debug_line    0x00001252      0x6d0 _build/nrf52832_xxaa/nrf_log_default_backends.c.o
 .debug_line    0x00001922     0x2d14 _build/nrf52832_xxaa/nrf_log_frontend.c.o
 .debug_line    0x00004636      0x904 _build/nrf52832_xxaa/nrf_log_str_formatter.c.o
 .debug_line    0x00004f3a      0xa68 _build/nrf52832_xxaa/app_button.c.o
 .debug_line    0x000059a2      0x46c _build/nrf52832_xxaa/app_error.c.o
 .debug_line    0x00005e0e      0x756 _build/nrf52832_xxaa/app_error_weak.c.o
 .debug_line    0x00006564     0x1608 _build/nrf52832_xxaa/app_timer.c.o
 .debug_line    0x00007b6c      0x6bc _build/nrf52832_xxaa/app_util_platform.c.o
 .debug_line    0x00008228      0x7ba _build/nrf52832_xxaa/nrf_atflags.c.o
 .debug_line    0x000089e2      0x7b2 _build/nrf52832_xxaa/nrf_atomic.c.o
 .debug_line    0x00009194      0x7ae _build/nrf52832_xxaa/nrf_balloc.c.o
 .debug_line    0x00009942      0x494 _build/nrf52832_xxaa/nrf_fprintf.c.o
 .debug_line    0x00009dd6      0xe6a _build/nrf52832_xxaa/nrf_fprintf_format.c.o
 .debug_line    0x0000ac40      0xaeb _build/nrf52832_xxaa/nrf_memobj.c.o
 .debug_line    0x0000b72b      0xde5 _build/nrf52832_xxaa/nrf_pwr_mgmt.c.o
 .debug_line    0x0000c510      0x924 _build/nrf52832_xxaa/nrf_ringbuf.c.o
 .debug_line    0x0000ce34      0x4a1 _build/nrf52832_xxaa/nrf_section_iter.c.o
 .debug_line    0x0000d2d5      0x4e8 _build/nrf52832_xxaa/nrf_strerror.c.o
 .debug_line    0x0000d7bd      0x728 _build/nrf52832_xxaa/system_nrf52.c.o
 .debug_line    0x0000dee5      0xf41 _build/nrf52832_xxaa/boards.c.o
 .debug_line    0x0000ee26     0x10a3 _build/nrf52832_xxaa/nrf_drv_clock.c.o
 .debug_line    0x0000fec9      0x757 _build/nrf52832_xxaa/nrf_drv_uart.c.o
 .debug_line    0x00010620      0xf7d _build/nrf52832_xxaa/nrfx_clock.c.o
 .debug_line    0x0001159d     0x2e07 _build/nrf52832_xxaa/nrfx_gpiote.c.o
 .debug_line    0x000143a4      0x861 _build/nrf52832_xxaa/nrfx_prs.c.o
 .debug_line    0x00014c05     0x1cec _build/nrf52832_xxaa/nrfx_uart.c.o
 .debug_line    0x000168f1     0x1992 _build/nrf52832_xxaa/nrfx_uarte.c.o
 .debug_line    0x00018283     0x1105 _build/nrf52832_xxaa/bsp.c.o
 .debug_line    0x00019388      0xa31 _build/nrf52832_xxaa/bsp_btn_ble.c.o
 .debug_line    0x00019db9     0x17da _build/nrf52832_xxaa/main.c.o
 .debug_line    0x0001b593     0x2c6f _build/nrf52832_xxaa/SEGGER_RTT.c.o
 .debug_line    0x0001e202     0x13ea _build/nrf52832_xxaa/ble_advdata.c.o
 .debug_line    0x0001f5ec     0x102a _build/nrf52832_xxaa/ble_advertising.c.o
 .debug_line    0x00020616      0xd3c _build/nrf52832_xxaa/ble_conn_params.c.o
 .debug_line    0x00021352     0x107d _build/nrf52832_xxaa/ble_conn_state.c.o
 .debug_line    0x000223cf      0x5b2 _build/nrf52832_xxaa/ble_link_ctx_manager.c.o
 .debug_line    0x00022981      0x906 _build/nrf52832_xxaa/ble_srv_common.c.o
 .debug_line    0x00023287      0xccd _build/nrf52832_xxaa/nrf_ble_gatt.c.o
 .debug_line    0x00023f54      0x748 _build/nrf52832_xxaa/nrf_ble_qwr.c.o
 .debug_line    0x0002469c      0xae3 _build/nrf52832_xxaa/ble_nus.c.o
 .debug_line    0x0002517f     0x1008 _build/nrf52832_xxaa/nrf_sdh.c.o
 .debug_line    0x00026187      0xaa8 _build/nrf52832_xxaa/nrf_sdh_ble.c.o
 .debug_line    0x00026c2f      0x69d _build/nrf52832_xxaa/nrf_sdh_soc.c.o
 .debug_line    0x000272cc     0x1478 _build/nrf52832_xxaa/spi1309.c.o
 .debug_line    0x00028744       0x7f _build/nrf52832_xxaa/ssd1309_font.c.o
 .debug_line    0x000287c3      0x729 _build/nrf52832_xxaa/nrf_drv_spi.c.o
 .debug_line    0x00028eec      0xaf8 _build/nrf52832_xxaa/nrf_log_backend_uart.c.o
 .debug_line    0x000299e4     0x13d0 _build/nrf52832_xxaa/nrfx_spim.c.o
 .debug_line    0x0002adb4       0xb9 /usr/lib/gcc/arm-none-eabi/13.2.1/../../../arm-none-eabi/lib/thumb/v7e-m+fp/hard/libc_nano.a(libc_a-strcpy.o)
 .debug_line    0x0002ae6d      0x11e /usr/lib/gcc/arm-none-eabi/13.2.1/../../../arm-none-eabi/lib/thumb/v7e-m+fp/hard/libc_nano.a(libc_a-init.o)
 .debug_line    0x0002af8b       0x86 /usr/lib/gcc/arm-none-eabi/13.2.1/../../../arm-none-eabi/lib/thumb/v7e-m+fp/hard/libc_nano.a(libc_a-strlen.o)
 .debug_line    0x0002b011      0x1b6 /usr/lib/gcc/arm-none-eabi/13.2.1/../../../arm-none-eabi/lib/thumb/v7e-m+fp/hard/libc_nano.a(libc_a-memset.o)
 .debug_line    0x0002b1c7       0xb9 /usr/lib/gcc/arm-none-eabi/13.2.1/../../../arm-none-eabi/lib/thumb/v7e-m+fp/hard/libc_nano.a(libc_a-memcpy.o)
 .debug_line    0x0002b280      0x12d /usr/lib/gcc/arm-none-eabi/13.2.1/../../../arm-none-eabi/lib/thumb/v7e-m+fp/hard/libc_nano.a(libc_a-exit.o)
 .debug_line    0x0002b3ad       0x97 /usr/lib/gcc/arm-none-eabi/13.2.1/../../../arm-none-eabi/lib/thumb/v7e-m+fp/hard/libc_nano.a(libc_a-ctype_.o)
 .debug_line    0x0002b444       0xc3 /usr/lib/gcc/arm-none-eabi/13.2.1/../../../arm-none-eabi/lib/thumb/v7e-m+fp/hard/libc_nano.a(libc_a-atexit.o)
 .debug_line    0x0002b507       0xd2 /usr/lib/gcc/arm-none-eabi/13.2.1/../../../arm-none-eabi/lib/thumb/v7e-m+fp/hard/libc_nano.a(libc_a-fini.o)
 .debug_line    0x0002b5d9      0x4fc /usr/lib/gcc/arm-none-eabi/13.2.1/../../../arm-none-eabi/lib/thumb/v7e-m+fp/hard/libc_nano.a(libc_a-findfp.o)
 .debug_line    0x0002bad5      0x230 /usr/lib/gcc/arm-none-eabi/13.2.1/../../../arm-none-eabi/lib/thumb/v7e-m+fp/hard/libc_nano.a(libc_a-__atexit.o)
 .debug_line    0x0002bd05      0x246 /usr/lib/gcc/arm-none-eabi/13.2.1/../../../arm-none-eabi/lib/thumb/v7e-m+fp/hard/libc_nano.a(libc_a-__call_atexit.o)
 .debug_line    0x0002bf4b       0x61 /usr/lib/gcc/arm-none-eabi/13.2.1/../../../arm-none-eabi/lib/thumb/v7e-m+fp/hard/libnosys.a(_exit.o)
 .debug_line    0x0002bfac       0x4e /usr/lib/gcc/arm-none-eabi/13.2.1/thumb/v7e-m+fp/hard/libgcc.a(_aeabi_uldivmod.o)
 .debug_line    0x0002bffa      0x574 /usr/lib/gcc/arm-none-eabi/13.2.1/thumb/v7e-m+fp/hard/libgcc.a(_udivmoddi4.o)
 .debug_line    0x0002c56e       0x4a /usr/lib/gcc/arm-none-eabi/13.2.1/thumb/v7e-m+fp/hard/libgcc.a(_dvmd_tls.o)

.debug_line_str
                0x00000000      0x278
 .debug_line_str
                0x00000000      0x278 /usr/lib/gcc/arm-none-eabi/13.2.1/../../../arm-none-eabi/lib/thumb/v7e-m+fp/hard/crt0.o
                                 0x82 (size before relaxing)
 .debug_line_str
                0x00000278       0xab _build/nrf52832_xxaa/gcc_startup_nrf52.S.o
 .debug_line_str
                0x00000278       0x98 /usr/lib/gcc/arm-none-eabi/13.2.1/../../../arm-none-eabi/lib/thumb/v7e-m+fp/hard/libc_nano.a(libc_a-strlen.o)
 .debug_line_str
                0x00000278       0x99 /usr/lib/gcc/arm-none-eabi/13.2.1/../../../arm-none-eabi/lib/thumb/v7e-m+fp/hard/libc_nano.a(libc_a-memcpy.o)
 .debug_line_str
                0x00000278       0x97 /usr/lib/gcc/arm-none-eabi/13.2.1/thumb/v7e-m+fp/hard/libgcc.a(_aeabi_uldivmod.o)
 .debug_line_str
                0x00000278       0x9b /usr/lib/gcc/arm-none-eabi/13.2.1/thumb/v7e-m+fp/hard/libgcc.a(_dvmd_tls.o)

.debug_info     0x00000000    0x4873f
 .debug_info    0x00000000       0x24 /usr/lib/gcc/arm-none-eabi/13.2.1/../../../arm-none-eabi/lib/thumb/v7e-m+fp/hard/crt0.o
 .debug_info    0x00000024      0x296 _build/nrf52832_xxaa/gcc_startup_nrf52.S.o
 .debug_info    0x000002ba      0x58d _build/nrf52832_xxaa/nrf_log_backend_rtt.c.o
 .debug_info    0x00000847      0x7a3 _build/nrf52832_xxaa/nrf_log_backend_serial.c.o
 .debug_info    0x00000fea      0x350 _build/nrf52832_xxaa/nrf_log_default_backends.c.o
 .debug_info    0x0000133a     0x3bce _build/nrf52832_xxaa/nrf_log_frontend.c.o
 .debug_info    0x00004f08      0x81d _build/nrf52832_xxaa/nrf_log_str_formatter.c.o
 .debug_info    0x00005725      0x73e _build/nrf52832_xxaa/app_button.c.o
 .debug_info    0x00005e63      0x2b2 _build/nrf52832_xxaa/app_error.c.o
 .debug_info    0x00006115      0x47e _build/nrf52832_xxaa/app_error_weak.c.o
 .debug_info    0x00006593     0x1fae _build/nrf52832_xxaa/app_timer.c.o
 .debug_info    0x00008541      0x979 _build/nrf52832_xxaa/app_util_platform.c.o
 .debug_info    0x00008eba      0x68d _build/nrf52832_xxaa/nrf_atflags.c.o
 .debug_info    0x00009547      0xa59 _build/nrf52832_xxaa/nrf_atomic.c.o
 .debug_info    0x00009fa0      0x3ad _build/nrf52832_xxaa/nrf_balloc.c.o
 .debug_info    0x0000a34d      0x23e _build/nrf52832_xxaa/nrf_fprintf.c.o
 .debug_info    0x0000a58b      0xaaa _build/nrf52832_xxaa/nrf_fprintf_format.c.o
 .debug_info    0x0000b035      0xb70 _build/nrf52832_xxaa/nrf_memobj.c.o
 .debug_info    0x0000bba5     0x12eb _build/nrf52832_xxaa/nrf_pwr_mgmt.c.o
 .debug_info    0x0000ce90      0x60f _build/nrf52832_xxaa/nrf_ringbuf.c.o
 .debug_info    0x0000d49f      0x182 _build/nrf52832_xxaa/nrf_section_iter.c.o
 .debug_info    0x0000d621      0x269 _build/nrf52832_xxaa/nrf_strerror.c.o
 .debug_info    0x0000d88a     0x1157 _build/nrf52832_xxaa/system_nrf52.c.o
 .debug_info    0x0000e9e1      0xccd _build/nrf52832_xxaa/boards.c.o
 .debug_info    0x0000f6ae     0x15fa _build/nrf52832_xxaa/nrf_drv_clock.c.o
 .debug_info    0x00010ca8     0x1161 _build/nrf52832_xxaa/nrf_drv_uart.c.o
 .debug_info    0x00011e09     0x14f8 _build/nrf52832_xxaa/nrfx_clock.c.o
 .debug_info    0x00013301     0x35ef _build/nrf52832_xxaa/nrfx_gpiote.c.o
 .debug_info    0x000168f0      0x77d _build/nrf52832_xxaa/nrfx_prs.c.o
 .debug_info    0x0001706d     0x36cc _build/nrf52832_xxaa/nrfx_uart.c.o
 .debug_info    0x0001a739     0x32b5 _build/nrf52832_xxaa/nrfx_uarte.c.o
 .debug_info    0x0001d9ee     0x14f8 _build/nrf52832_xxaa/bsp.c.o
 .debug_info    0x0001eee6     0x1df6 _build/nrf52832_xxaa/bsp_btn_ble.c.o
 .debug_info    0x00020cdc     0x4751 _build/nrf52832_xxaa/main.c.o
 .debug_info    0x0002542d     0x304b _build/nrf52832_xxaa/SEGGER_RTT.c.o
 .debug_info    0x00028478     0x1ece _build/nrf52832_xxaa/ble_advdata.c.o
 .debug_info    0x0002a346     0x3085 _build/nrf52832_xxaa/ble_advertising.c.o
 .debug_info    0x0002d3cb     0x2ad7 _build/nrf52832_xxaa/ble_conn_params.c.o