Archive member included to satisfy reference by file (symbol)

/usr/lib/gcc/arm-none-eabi/13.2.1/../../../arm-none-eabi/lib/thumb/v7e-m+fp/hard/libc_nano.a(libc_a-abs.o)
                              _build/nrf52832_xxaa/main.c.o (abs)
/usr/lib/gcc/arm-none-eabi/13.2.1/../../../arm-none-eabi/lib/thumb/v7e-m+fp/hard/libc_nano.a(libc_a-strcpy.o)
                              _build/nrf52832_xxaa/SEGGER_RTT.c.o (strcpy)
/usr/lib/gcc/arm-none-eabi/13.2.1/../../../arm-none-eabi/lib/thumb/v7e-m+fp/hard/libc_nano.a(libc_a-init.o)
                              /usr/lib/gcc/arm-none-eabi/13.2.1/../../../arm-none-eabi/lib/thumb/v7e-m+fp/hard/crt0.o (__libc_init_array)
/usr/lib/gcc/arm-none-eabi/13.2.1/../../../arm-none-eabi/lib/thumb/v7e-m+fp/hard/libc_nano.a(libc_a-strlen.o)
                              _build/nrf52832_xxaa/nrf_log_frontend.c.o (strlen)
/usr/lib/gcc/arm-none-eabi/13.2.1/../../../arm-none-eabi/lib/thumb/v7e-m+fp/hard/libc_nano.a(libc_a-memset.o)
                              /usr/lib/gcc/arm-none-eabi/13.2.1/../../../arm-none-eabi/lib/thumb/v7e-m+fp/hard/crt0.o (memset)
/usr/lib/gcc/arm-none-eabi/13.2.1/../../../arm-none-eabi/lib/thumb/v7e-m+fp/hard/libc_nano.a(libc_a-memcpy.o)
                              _build/nrf52832_xxaa/nrf_log_frontend.c.o (memcpy)
/usr/lib/gcc/arm-none-eabi/13.2.1/../../../arm-none-eabi/lib/thumb/v7e-m+fp/hard/libc_nano.a(libc_a-exit.o)
                              /usr/lib/gcc/arm-none-eabi/13.2.1/../../../arm-none-eabi/lib/thumb/v7e-m+fp/hard/crt0.o (exit)
/usr/lib/gcc/arm-none-eabi/13.2.1/../../../arm-none-eabi/lib/thumb/v7e-m+fp/hard/libc_nano.a(libc_a-ctype_.o)
                              _build/nrf52832_xxaa/nrf_log_str_formatter.c.o (_ctype_)
/usr/lib/gcc/arm-none-eabi/13.2.1/../../../arm-none-eabi/lib/thumb/v7e-m+fp/hard/libc_nano.a(libc_a-atexit.o)
                              /usr/lib/gcc/arm-none-eabi/13.2.1/../../../arm-none-eabi/lib/thumb/v7e-m+fp/hard/crt0.o (atexit)
/usr/lib/gcc/arm-none-eabi/13.2.1/../../../arm-none-eabi/lib/thumb/v7e-m+fp/hard/libc_nano.a(libc_a-snprintf.o)
                              _build/nrf52832_xxaa/main.c.o (snprintf)
/usr/lib/gcc/arm-none-eabi/13.2.1/../../../arm-none-eabi/lib/thumb/v7e-m+fp/hard/libc_nano.a(libc_a-memcmp.o)
                              _build/nrf52832_xxaa/main.c.o (memcmp)
/usr/lib/gcc/arm-none-eabi/13.2.1/../../../arm-none-eabi/lib/thumb/v7e-m+fp/hard/libc_nano.a(libc_a-fini.o)
                              /usr/lib/gcc/arm-none-eabi/13.2.1/../../../arm-none-eabi/lib/thumb/v7e-m+fp/hard/crt0.o (__libc_fini_array)
/usr/lib/gcc/arm-none-eabi/13.2.1/../../../arm-none-eabi/lib/thumb/v7e-m+fp/hard/libc_nano.a(libc_a-impure.o)
                              /usr/lib/gcc/arm-none-eabi/13.2.1/../../../arm-none-eabi/lib/thumb/v7e-m+fp/hard/libc_nano.a(libc_a-snprintf.o) (_impure_ptr)
/usr/lib/gcc/arm-none-eabi/13.2.1/../../../arm-none-eabi/lib/thumb/v7e-m+fp/hard/libc_nano.a(libc_a-nano-svfprintf.o)
                              /usr/lib/gcc/arm-none-eabi/13.2.1/../../../arm-none-eabi/lib/thumb/v7e-m+fp/hard/libc_nano.a(libc_a-snprintf.o) (_svfprintf_r)
/usr/lib/gcc/arm-none-eabi/13.2.1/../../../arm-none-eabi/lib/thumb/v7e-m+fp/hard/libc_nano.a(libc_a-findfp.o)
                              /usr/lib/gcc/arm-none-eabi/13.2.1/../../../arm-none-eabi/lib/thumb/v7e-m+fp/hard/libc_nano.a(libc_a-exit.o) (__stdio_exit_handler)
/usr/lib/gcc/arm-none-eabi/13.2.1/../../../arm-none-eabi/lib/thumb/v7e-m+fp/hard/libc_nano.a(libc_a-fflush.o)
                              /usr/lib/gcc/arm-none-eabi/13.2.1/../../../arm-none-eabi/lib/thumb/v7e-m+fp/hard/libc_nano.a(libc_a-findfp.o) (_fflush_r)
/usr/lib/gcc/arm-none-eabi/13.2.1/../../../arm-none-eabi/lib/thumb/v7e-m+fp/hard/libc_nano.a(libc_a-mallocr.o)
                              /usr/lib/gcc/arm-none-eabi/13.2.1/../../../arm-none-eabi/lib/thumb/v7e-m+fp/hard/libc_nano.a(libc_a-nano-svfprintf.o) (_malloc_r)
/usr/lib/gcc/arm-none-eabi/13.2.1/../../../arm-none-eabi/lib/thumb/v7e-m+fp/hard/libc_nano.a(libc_a-freer.o)
                              /usr/lib/gcc/arm-none-eabi/13.2.1/../../../arm-none-eabi/lib/thumb/v7e-m+fp/hard/libc_nano.a(libc_a-nano-svfprintf.o) (_free_r)
/usr/lib/gcc/arm-none-eabi/13.2.1/../../../arm-none-eabi/lib/thumb/v7e-m+fp/hard/libc_nano.a(libc_a-memmove.o)
                              /usr/lib/gcc/arm-none-eabi/13.2.1/../../../arm-none-eabi/lib/thumb/v7e-m+fp/hard/libc_nano.a(libc_a-nano-svfprintf.o) (memmove)
/usr/lib/gcc/arm-none-eabi/13.2.1/../../../arm-none-eabi/lib/thumb/v7e-m+fp/hard/libc_nano.a(libc_a-fwalk.o)
                              /usr/lib/gcc/arm-none-eabi/13.2.1/../../../arm-none-eabi/lib/thumb/v7e-m+fp/hard/libc_nano.a(libc_a-findfp.o) (_fwalk_sglue)
/usr/lib/gcc/arm-none-eabi/13.2.1/../../../arm-none-eabi/lib/thumb/v7e-m+fp/hard/libc_nano.a(libc_a-memchr.o)
                              /usr/lib/gcc/arm-none-eabi/13.2.1/../../../arm-none-eabi/lib/thumb/v7e-m+fp/hard/libc_nano.a(libc_a-nano-svfprintf.o) (memchr)
[...]
Memory Configuration

Name             Origin             Length             Attributes
FLASH            0x00026000         0x0005a000         xr
RAM              0x200029e0         0x0000d620         xrw
*default*        0x00000000         0xffffffff

Linker script and memory map


.text           0x00026000     0x980c
 *(.isr_vector)
 .isr_vector    0x00026000      0x200 _build/nrf52832_xxaa/gcc_startup_nrf52.S.o
                0x00026000                __isr_vector
 *(.text*)
 .text          0x00026200       0x88 /usr/lib/gcc/arm-none-eabi/13.2.1/thumb/v7e-m+fp/hard/crtbegin.o
 .text          0x00026288       0x70 /usr/lib/gcc/arm-none-eabi/13.2.1/../../../arm-none-eabi/lib/thumb/v7e-m+fp/hard/crt0.o
                0x00026288                _stack_init
                0x00026290                _mainCRTStartup
                0x00026290                _start
 .text          0x000262f8       0x3c _build/nrf52832_xxaa/gcc_startup_nrf52.S.o
                0x000262f8                Reset_Handler
                0x00026320                NMI_Handler
                0x00026322                HardFault_Handler
                0x00026324                MemoryManagement_Handler
                0x00026326                BusFault_Handler
                0x00026328                UsageFault_Handler
                0x0002632a                SVC_Handler
                0x0002632c                DebugMon_Handler
                0x0002632e                PendSV_Handler
                0x00026330                SysTick_Handler
                0x00026332                TIMER2_IRQHandler
                0x00026332                RTC0_IRQHandler
                0x00026332                PWM1_IRQHandler
                0x00026332                RADIO_IRQHandler
                0x00026332                PDM_IRQHandler
                0x00026332                TEMP_IRQHandler
                0x00026332                QDEC_IRQHandler
                0x00026332                TIMER3_IRQHandler
                0x00026332                FPU_IRQHandler
                0x00026332                TIMER4_IRQHandler
                0x00026332                I2S_IRQHandler
                0x00026332                SWI4_EGU4_IRQHandler
                0x00026332                TIMER0_IRQHandler
                0x00026332                TIMER1_IRQHandler
                0x00026332                PWM2_IRQHandler
                0x00026332                ECB_IRQHandler
                0x00026332                SPIM1_SPIS1_TWIM1_TWIS1_SPI1_TWI1_IRQHandler
                0x00026332                Default_Handler
                0x00026332                SAADC_IRQHandler
                0x00026332                CCM_AAR_IRQHandler
                0x00026332                WDT_IRQHandler
                0x00026332                SWI5_EGU5_IRQHandler
                0x00026332                RNG_IRQHandler
                0x00026332                RTC2_IRQHandler
                0x00026332                PWM0_IRQHandler
                0x00026332                SWI3_EGU3_IRQHandler
                0x00026332                SWI1_EGU1_IRQHandler
                0x00026332                SPIM2_SPIS2_SPI2_IRQHandler
                0x00026332                NFCT_IRQHandler
                0x00026332                MWU_IRQHandler
                0x00026332                COMP_LPCOMP_IRQHandler
 .text.nrf_log_backend_serial_put
                0x00026334       0xd8 _build/nrf52832_xxaa/nrf_log_backend_serial.c.o
                0x00026334                nrf_log_backend_serial_put
 .text.nrf_log_default_backends_init
                0x0002640c       0x20 _build/nrf52832_xxaa/nrf_log_default_backends.c.o
                0x0002640c                nrf_log_default_backends_init
 *fill*         0x0002642c        0x4 
 .text.nrf_log_init
                0x00026430       0x4c _build/nrf52832_xxaa/nrf_log_frontend.c.o
                0x00026430                nrf_log_init
 .text.nrf_log_module_name_get
                0x0002647c       0x48 _build/nrf52832_xxaa/nrf_log_frontend.c.o
                0x0002647c                nrf_log_module_name_get
 .text.nrf_log_color_id_get
                0x000264c4       0x2c _build/nrf52832_xxaa/nrf_log_frontend.c.o
                0x000264c4                nrf_log_color_id_get
 .text.nrf_log_frontend_dequeue
                0x000264f0      0x270 _build/nrf52832_xxaa/nrf_log_frontend.c.o
                0x000264f0                nrf_log_frontend_dequeue
 .text.nrf_log_frontend_std_0
                0x00026760      0x1bc _build/nrf52832_xxaa/nrf_log_frontend.c.o
                0x00026760                nrf_log_frontend_std_0
 .text.nrf_log_frontend_std_1
                0x0002691c      0x1cc _build/nrf52832_xxaa/nrf_log_frontend.c.o
                0x0002691c                nrf_log_frontend_std_1
 .text.nrf_log_frontend_std_2
                0x00026ae8      0x1cc _build/nrf52832_xxaa/nrf_log_frontend.c.o
                0x00026ae8                nrf_log_frontend_std_2
 .text.nrf_log_frontend_std_3
                0x00026cb4      0x1dc _build/nrf52832_xxaa/nrf_log_frontend.c.o
                0x00026cb4                nrf_log_frontend_std_3
 .text.nrf_log_frontend_std_4
                0x00026e90      0x1f4 _build/nrf52832_xxaa/nrf_log_frontend.c.o
                0x00026e90                nrf_log_frontend_std_4
 .text.nrf_log_backend_add
                0x00027084       0x5c _build/nrf52832_xxaa/nrf_log_frontend.c.o
                0x00027084                nrf_log_backend_add
 .text.nrf_log_panic
                0x000270e0       0x2c _build/nrf52832_xxaa/nrf_log_frontend.c.o
                0x000270e0                nrf_log_panic
 .text.prefix_process.constprop.0
                0x0002710c       0x80 _build/nrf52832_xxaa/nrf_log_str_formatter.c.o
 .text.nrf_log_std_entry_process
                0x0002718c       0xec _build/nrf52832_xxaa/nrf_log_str_formatter.c.o
                0x0002718c                nrf_log_std_entry_process
 .text.nrf_log_hexdump_entry_process
                0x00027278       0xf4 _build/nrf52832_xxaa/nrf_log_str_formatter.c.o
                0x00027278                nrf_log_hexdump_entry_process
 .text.app_error_handler_bare
                0x0002736c       0x20 _build/nrf52832_xxaa/app_error.c.o
                0x0002736c                app_error_handler_bare
 .text.app_error_fault_handler
                0x0002738c       0x6c _build/nrf52832_xxaa/app_error_weak.c.o
                0x0002738c                app_error_fault_handler
 .text.RTC1_IRQHandler
                0x000273f8       0xa0 _build/nrf52832_xxaa/app_timer.c.o
                0x000273f8                RTC1_IRQHandler
 .text.SWI0_EGU0_IRQHandler
                0x00027498      0x37c _build/nrf52832_xxaa/app_timer.c.o
                0x00027498                SWI0_EGU0_IRQHandler
 .text.app_util_critical_region_enter
                0x00027814       0x4c _build/nrf52832_xxaa/app_util_platform.c.o
                0x00027814                app_util_critical_region_enter
 .text.app_util_critical_region_exit
                0x00027860       0x30 _build/nrf52832_xxaa/app_util_platform.c.o
                0x00027860                app_util_critical_region_exit
 .text.nrf_atomic_u32_fetch_store
                0x00027890       0x14 _build/nrf52832_xxaa/nrf_atomic.c.o
                0x00027890                nrf_atomic_u32_fetch_store
 .text.nrf_atomic_u32_add
                0x000278a4       0x18 _build/nrf52832_xxaa/nrf_atomic.c.o
                0x000278a4                nrf_atomic_u32_add
 .text.nrf_atomic_u32_sub
                0x000278bc       0x18 _build/nrf52832_xxaa/nrf_atomic.c.o
                0x000278bc                nrf_atomic_u32_sub
 .text.nrf_atomic_flag_set
                0x000278d4       0x18 _build/nrf52832_xxaa/nrf_atomic.c.o
                0x000278d4                nrf_atomic_flag_set
 .text.nrf_atomic_flag_clear_fetch
                0x000278ec       0x18 _build/nrf52832_xxaa/nrf_atomic.c.o
                0x000278ec                nrf_atomic_flag_clear_fetch
 .text.nrf_balloc_init
                0x00027904       0x3c _build/nrf52832_xxaa/nrf_balloc.c.o
                0x00027904                nrf_balloc_init
 .text.nrf_balloc_alloc
                0x00027940       0x50 _build/nrf52832_xxaa/nrf_balloc.c.o
                0x00027940                nrf_balloc_alloc
 .text.nrf_balloc_free
                0x00027990       0x38 _build/nrf52832_xxaa/nrf_balloc.c.o
                0x00027990                nrf_balloc_free
 .text.nrf_fprintf_buffer_flush
                0x000279c8       0x18 _build/nrf52832_xxaa/nrf_fprintf.c.o
                0x000279c8                nrf_fprintf_buffer_flush
 .text.nrf_fprintf
                0x000279e0       0x20 _build/nrf52832_xxaa/nrf_fprintf.c.o
                0x000279e0                nrf_fprintf
 .text.unsigned_print
                0x00027a00      0x12c _build/nrf52832_xxaa/nrf_fprintf_format.c.o
 .text.nrf_fprintf_fmt
                0x00027b2c      0x578 _build/nrf52832_xxaa/nrf_fprintf_format.c.o
                0x00027b2c                nrf_fprintf_fmt
 .text.nrf_memobj_pool_init
                0x000280a4        0x4 _build/nrf52832_xxaa/nrf_memobj.c.o
                0x000280a4                nrf_memobj_pool_init
 .text.nrf_memobj_alloc
                0x000280a8       0x98 _build/nrf52832_xxaa/nrf_memobj.c.o
                0x000280a8                nrf_memobj_alloc
 .text.nrf_memobj_get
                0x00028140        0x8 _build/nrf52832_xxaa/nrf_memobj.c.o
                0x00028140                nrf_memobj_get
 .text.nrf_memobj_put
                0x00028148       0x58 _build/nrf52832_xxaa/nrf_memobj.c.o
                0x00028148                nrf_memobj_put
 .text.nrf_memobj_write
                0x000281a0       0x68 _build/nrf52832_xxaa/nrf_memobj.c.o
                0x000281a0                nrf_memobj_write
 .text.nrf_memobj_read
                0x00028208       0x68 _build/nrf52832_xxaa/nrf_memobj.c.o
                0x00028208                nrf_memobj_read
 .text.nrf_ringbuf_init
                0x00028270       0x1c _build/nrf52832_xxaa/nrf_ringbuf.c.o
                0x00028270                nrf_ringbuf_init
 .text.nrf_section_iter_init
                0x0002828c       0x14 _build/nrf52832_xxaa/nrf_section_iter.c.o
                0x0002828c                nrf_section_iter_init
 .text.nrf_section_iter_next
                0x000282a0       0x18 _build/nrf52832_xxaa/nrf_section_iter.c.o
                0x000282a0                nrf_section_iter_next
 .text.nrf_strerror_get
                0x000282b8       0x44 _build/nrf52832_xxaa/nrf_strerror.c.o
                0x000282b8                nrf_strerror_get
 .text.SystemInit
                0x000282fc      0x33c _build/nrf52832_xxaa/system_nrf52.c.o
                0x000282fc                SystemInit
 .text.bsp_board_led_on
                0x00028638       0x18 _build/nrf52832_xxaa/boards.c.o
                0x00028638                bsp_board_led_on
 .text.bsp_board_led_off
                0x00028650       0x18 _build/nrf52832_xxaa/boards.c.o
                0x00028650                bsp_board_led_off
 .text.bsp_board_leds_off
                0x00028668       0x2c _build/nrf52832_xxaa/boards.c.o
                0x00028668                bsp_board_leds_off
 .text.bsp_board_init
                0x00028694       0x5c _build/nrf52832_xxaa/boards.c.o
                0x00028694                bsp_board_init
 .text.clock_irq_handler
                0x000286f0       0x44 _build/nrf52832_xxaa/nrf_drv_clock.c.o
 .text.soc_evt_handler
                0x00028734       0x28 _build/nrf52832_xxaa/nrf_drv_clock.c.o
 .text.sd_state_evt_handler
                0x0002875c       0xa4 _build/nrf52832_xxaa/nrf_drv_clock.c.o
 .text.uarte_evt_handler
                0x00028800       0x38 _build/nrf52832_xxaa/nrf_drv_uart.c.o
 .text.uart_evt_handler
                0x00028838       0x34 _build/nrf52832_xxaa/nrf_drv_uart.c.o
 .text.nrf_drv_uart_init
                0x0002886c       0x74 _build/nrf52832_xxaa/nrf_drv_uart.c.o
                0x0002886c                nrf_drv_uart_init
 .text.nrfx_clock_init
                0x000288e0       0x18 _build/nrf52832_xxaa/nrfx_clock.c.o
                0x000288e0                nrfx_clock_init
 .text.nrfx_clock_enable
                0x000288f8       0x28 _build/nrf52832_xxaa/nrfx_clock.c.o
                0x000288f8                nrfx_clock_enable
 .text.nrfx_clock_lfclk_stop
                0x00028920       0x14 _build/nrf52832_xxaa/nrfx_clock.c.o
                0x00028920                nrfx_clock_lfclk_stop
 .text.POWER_CLOCK_IRQHandler
                0x00028934       0x70 _build/nrf52832_xxaa/nrfx_clock.c.o
                0x00028934                POWER_CLOCK_IRQHandler
 .text.GPIOTE_IRQHandler
                0x000289a4      0x540 _build/nrf52832_xxaa/nrfx_gpiote.c.o
                0x000289a4                GPIOTE_IRQHandler
 .text.UARTE0_UART0_IRQHandler
                0x00028ee4        0xc _build/nrf52832_xxaa/nrfx_prs.c.o
                0x00028ee4                UARTE0_UART0_IRQHandler
 .text.nrfx_prs_acquire
                0x00028ef0       0x50 _build/nrf52832_xxaa/nrfx_prs.c.o
                0x00028ef0                nrfx_prs_acquire
 .text.nrfx_prs_release
                0x00028f40       0x18 _build/nrf52832_xxaa/nrfx_prs.c.o
                0x00028f40                nrfx_prs_release
 .text.nrfx_uart_0_irq_handler
                0x00028f58      0x1d8 _build/nrf52832_xxaa/nrfx_uart.c.o
                0x00028f58                nrfx_uart_0_irq_handler
 .text.nrfx_uart_init
                0x00029130      0x1a8 _build/nrf52832_xxaa/nrfx_uart.c.o
                0x00029130                nrfx_uart_init
 .text.nrfx_uart_uninit
                0x000292d8       0xcc _build/nrf52832_xxaa/nrfx_uart.c.o
                0x000292d8                nrfx_uart_uninit
 .text.nrfx_uart_tx
                0x000293a4       0xd8 _build/nrf52832_xxaa/nrfx_uart.c.o
                0x000293a4                nrfx_uart_tx
 *fill*         0x0002947c        0x4 
 .text.nrfx_uarte_0_irq_handler
                0x00029480      0x138 _build/nrf52832_xxaa/nrfx_uarte.c.o
                0x00029480                nrfx_uarte_0_irq_handler
 .text.nrfx_uarte_init
                0x000295b8      0x1c8 _build/nrf52832_xxaa/nrfx_uarte.c.o
                0x000295b8                nrfx_uarte_init
 .text.nrfx_uarte_uninit
                0x00029780       0xd4 _build/nrf52832_xxaa/nrfx_uarte.c.o
                0x00029780                nrfx_uarte_uninit
 .text.nrfx_uarte_tx
                0x00029854       0x9c _build/nrf52832_xxaa/nrfx_uarte.c.o
                0x00029854                nrfx_uarte_tx
 .text.bsp_event_to_button_action_assign
                0x000298f0       0x54 _build/nrf52832_xxaa/bsp.c.o
                0x000298f0                bsp_event_to_button_action_assign
 .text.ble_evt_handler
                0x00029944       0xac _build/nrf52832_xxaa/bsp_btn_ble.c.o
 .text.sd_ble_gap_conn_param_update
                0x000299f0        0x4 _build/nrf52832_xxaa/main.c.o
 .text.sd_ble_gap_connect
                0x000299f4        0x4 _build/nrf52832_xxaa/main.c.o
 .text.sd_ble_uuid_vs_add
                0x000299f8        0x4 _build/nrf52832_xxaa/main.c.o
 .text.nus_c_evt_handler
                0x000299fc       0xa4 _build/nrf52832_xxaa/main.c.o
                0x000299fc                nus_c_evt_handler
 .text.ble_evt_handler
                0x00029aa0       0xc4 _build/nrf52832_xxaa/main.c.o
                0x00029aa0                ble_evt_handler
 .text.ble_nus_c_db_disc_handler
                0x00029b64       0x34 _build/nrf52832_xxaa/main.c.o
                0x00029b64                ble_nus_c_db_disc_handler
 .text.scan_evt_handler
                0x00029b98       0xcc _build/nrf52832_xxaa/main.c.o
                0x00029b98                scan_evt_handler
 .text.ble_stack_init
                0x00029c64       0x40 _build/nrf52832_xxaa/main.c.o
                0x00029c64                ble_stack_init
 .text.scan_init
                0x00029ca4       0x5c _build/nrf52832_xxaa/main.c.o
                0x00029ca4                scan_init
 .text.nus_c_init
                0x00029d00       0x40 _build/nrf52832_xxaa/main.c.o
                0x00029d00                nus_c_init
 .text.startup.main
                0x00029d40      0x2f4 _build/nrf52832_xxaa/main.c.o
                0x00029d40                main
 .text.sd_ble_uuid_encode
                0x0002a034        0x4 _build/nrf52832_xxaa/ble_advdata.c.o
 .text.ble_advdata_uuid_find
                0x0002a038       0xe0 _build/nrf52832_xxaa/ble_advdata.c.o
                0x0002a038                ble_advdata_uuid_find
 .text.sd_ble_gattc_primary_services_discover
                0x0002a118        0x4 _build/nrf52832_xxaa/ble_db_discovery.c.o
 .text.sd_ble_gattc_characteristics_discover
                0x0002a11c        0x4 _build/nrf52832_xxaa/ble_db_discovery.c.o
 .text.sd_ble_gattc_descriptors_discover
                0x0002a120        0x4 _build/nrf52832_xxaa/ble_db_discovery.c.o
 .text.descriptors_discover
                0x0002a124       0xd8 _build/nrf52832_xxaa/ble_db_discovery.c.o
 .text.discovery_complete_evt_trigger
                0x0002a1fc      0x138 _build/nrf52832_xxaa/ble_db_discovery.c.o
 .text.discovery_error_evt_trigger.constprop.0
                0x0002a334       0xd4 _build/nrf52832_xxaa/ble_db_discovery.c.o
 .text.ble_db_discovery_init
                0x0002a408       0x34 _build/nrf52832_xxaa/ble_db_discovery.c.o
                0x0002a408                ble_db_discovery_init
 .text.ble_db_discovery_evt_register
                0x0002a43c       0xec _build/nrf52832_xxaa/ble_db_discovery.c.o
                0x0002a43c                ble_db_discovery_evt_register
 .text.ble_db_discovery_start
                0x0002a528       0x7c _build/nrf52832_xxaa/ble_db_discovery.c.o
                0x0002a528                ble_db_discovery_start
 .text.ble_db_discovery_on_ble_evt
                0x0002a5a4      0x990 _build/nrf52832_xxaa/ble_db_discovery.c.o
                0x0002a5a4                ble_db_discovery_on_ble_evt
 .text.sd_ble_gap_data_length_update
                0x0002af34        0x4 _build/nrf52832_xxaa/nrf_ble_gatt.c.o
 .text.sd_ble_gattc_exchange_mtu_request
                0x0002af38        0x4 _build/nrf52832_xxaa/nrf_ble_gatt.c.o
 .text.sd_ble_gatts_exchange_mtu_reply
                0x0002af3c        0x4 _build/nrf52832_xxaa/nrf_ble_gatt.c.o
 .text.data_length_update
                0x0002af40       0x8c _build/nrf52832_xxaa/nrf_ble_gatt.c.o
 .text.nrf_ble_gatt_on_ble_evt
                0x0002afcc      0x1e0 _build/nrf52832_xxaa/nrf_ble_gatt.c.o
                0x0002afcc                nrf_ble_gatt_on_ble_evt
 .text.sd_ble_gap_scan_start
                0x0002b1ac        0x4 _build/nrf52832_xxaa/nrf_ble_scan.c.o
 .text.sd_ble_gap_scan_stop
                0x0002b1b0        0x4 _build/nrf52832_xxaa/nrf_ble_scan.c.o
 .text.sd_ble_gap_connect
                0x0002b1b4        0x4 _build/nrf52832_xxaa/nrf_ble_scan.c.o
 .text.nrf_ble_scan_init
                0x0002b1b8       0xac _build/nrf52832_xxaa/nrf_ble_scan.c.o
                0x0002b1b8                nrf_ble_scan_init
 .text.nrf_ble_scan_start
                0x0002b264       0x70 _build/nrf52832_xxaa/nrf_ble_scan.c.o
                0x0002b264                nrf_ble_scan_start
 .text.nrf_ble_scan_on_ble_evt
                0x0002b2d4      0x254 _build/nrf52832_xxaa/nrf_ble_scan.c.o
                0x0002b2d4                nrf_ble_scan_on_ble_evt
 .text.sd_ble_gattc_write
                0x0002b528        0x4 _build/nrf52832_xxaa/ble_nus_c.c.o
 .text.sd_ble_uuid_vs_add
                0x0002b52c        0x4 _build/nrf52832_xxaa/ble_nus_c.c.o
 .text.ble_nus_c_on_db_disc_evt
                0x0002b530       0x94 _build/nrf52832_xxaa/ble_nus_c.c.o
                0x0002b530                ble_nus_c_on_db_disc_evt
 .text.ble_nus_c_init
                0x0002b5c4       0x54 _build/nrf52832_xxaa/ble_nus_c.c.o
                0x0002b5c4                ble_nus_c_init
 .text.ble_nus_c_on_ble_evt
                0x0002b618       0x84 _build/nrf52832_xxaa/ble_nus_c.c.o
                0x0002b618                ble_nus_c_on_ble_evt
 .text.ble_nus_c_tx_notif_enable
                0x0002b69c       0x48 _build/nrf52832_xxaa/ble_nus_c.c.o
                0x0002b69c                ble_nus_c_tx_notif_enable
 .text.ble_nus_c_string_send
                0x0002b6e4       0x84 _build/nrf52832_xxaa/ble_nus_c.c.o
                0x0002b6e4                ble_nus_c_string_send
 .text.ble_nus_c_handles_assign
                0x0002b768       0x1c _build/nrf52832_xxaa/ble_nus_c.c.o
                0x0002b768                ble_nus_c_handles_assign
 .text.sd_softdevice_enable
                0x0002b784        0x4 _build/nrf52832_xxaa/nrf_sdh.c.o
 .text.nrf_sdh_enable_request.part.0
                0x0002b788      0x114 _build/nrf52832_xxaa/nrf_sdh.c.o
 .text.nrf_sdh_enable_request
                0x0002b89c       0x14 _build/nrf52832_xxaa/nrf_sdh.c.o
                0x0002b89c                nrf_sdh_enable_request
 .text.nrf_sdh_is_enabled
                0x0002b8b0        0xc _build/nrf52832_xxaa/nrf_sdh.c.o
                0x0002b8b0                nrf_sdh_is_enabled
 .text.SWI2_EGU2_IRQHandler
                0x0002b8bc       0x2c _build/nrf52832_xxaa/nrf_sdh.c.o
                0x0002b8bc                SWI2_EGU2_IRQHandler
 .text.sd_ble_enable
                0x0002b8e8        0x4 _build/nrf52832_xxaa/nrf_sdh_ble.c.o
 .text.sd_ble_cfg_set
                0x0002b8ec        0x4 _build/nrf52832_xxaa/nrf_sdh_ble.c.o
 .text.sd_ble_evt_get
                0x0002b8f0        0x4 _build/nrf52832_xxaa/nrf_sdh_ble.c.o
 .text.nrf_sdh_ble_evts_poll.part.0
                0x0002b8f4       0x5c _build/nrf52832_xxaa/nrf_sdh_ble.c.o
 .text.nrf_sdh_ble_evts_poll
                0x0002b950       0x10 _build/nrf52832_xxaa/nrf_sdh_ble.c.o
 .text.nrf_sdh_ble_default_cfg_set
                0x0002b960      0x1b8 _build/nrf52832_xxaa/nrf_sdh_ble.c.o
                0x0002b960                nrf_sdh_ble_default_cfg_set
 .text.nrf_sdh_ble_enable
                0x0002bb18       0x9c _build/nrf52832_xxaa/nrf_sdh_ble.c.o
                0x0002bb18                nrf_sdh_ble_enable
 .text.sd_evt_get
                0x0002bbb4        0x4 _build/nrf52832_xxaa/nrf_sdh_soc.c.o
 .text.nrf_sdh_soc_evts_poll
                0x0002bbb8       0x50 _build/nrf52832_xxaa/nrf_sdh_soc.c.o
 .text.bmp180_read_calibration
                0x0002bc08       0xd8 _build/nrf52832_xxaa/bmp180.c.o
                0x0002bc08                bmp180_read_calibration
 .text.bmp180_read_raw_temperature
                0x0002bce0       0x88 _build/nrf52832_xxaa/bmp180.c.o
                0x0002bce0                bmp180_read_raw_temperature
 .text.bmp180_read_raw_pressure
                0x0002bd68       0x84 _build/nrf52832_xxaa/bmp180.c.o
                0x0002bd68                bmp180_read_raw_pressure
 .text.bmp180_get_temperature_pressure
                0x0002bdec      0x110 _build/nrf52832_xxaa/bmp180.c.o
                0x0002bdec                bmp180_get_temperature_pressure
 .text.bmp180_init
                0x0002befc       0x3c _build/nrf52832_xxaa/bmp180.c.o
                0x0002befc                bmp180_init
 .text.max30102_init
                0x0002bf38       0xa4 _build/nrf52832_xxaa/max30102.c.o
                0x0002bf38                max30102_init
 .text.max30102_read_fifo
                0x0002bfdc       0xb8 _build/nrf52832_xxaa/max30102.c.o
                0x0002bfdc                max30102_read_fifo
 .text.twi_rx_start_transfer
                0x0002c094      0x1dc _build/nrf52832_xxaa/nrfx_twi.c.o
 .text.SPIM0_SPIS0_TWIM0_TWIS0_SPI0_TWI0_IRQHandler
                0x0002c270      0x570 _build/nrf52832_xxaa/nrfx_twi.c.o
                0x0002c270                SPIM0_SPIS0_TWIM0_TWIS0_SPI0_TWI0_IRQHandler
 .text.nrfx_twi_init
                0x0002c7e0      0x104 _build/nrf52832_xxaa/nrfx_twi.c.o
                0x0002c7e0                nrfx_twi_init
 .text.nrfx_twi_enable
                0x0002c8e4       0x20 _build/nrf52832_xxaa/nrfx_twi.c.o
                0x0002c8e4                nrfx_twi_enable
 .text.nrfx_twi_tx
                0x0002c904      0x4d0 _build/nrf52832_xxaa/nrfx_twi.c.o
                0x0002c904                nrfx_twi_tx
 .text.nrfx_twi_rx
                0x0002cdd4       0xbc _build/nrf52832_xxaa/nrfx_twi.c.o
                0x0002cdd4                nrfx_twi_rx
 .text.uart_evt_handler
                0x0002ce90        0xc _build/nrf52832_xxaa/nrf_log_backend_uart.c.o
 .text.nrf_log_backend_uart_flush
                0x0002ce9c        0x4 _build/nrf52832_xxaa/nrf_log_backend_uart.c.o
 .text.nrf_log_backend_uart_put
                0x0002cea0       0x20 _build/nrf52832_xxaa/nrf_log_backend_uart.c.o
 .text.serial_tx
                0x0002cec0       0x50 _build/nrf52832_xxaa/nrf_log_backend_uart.c.o
 .text.nrf_log_backend_uart_panic_set
                0x0002cf10       0x68 _build/nrf52832_xxaa/nrf_log_backend_uart.c.o
 .text.nrf_log_backend_uart_init
                0x0002cf78       0x50 _build/nrf52832_xxaa/nrf_log_backend_uart.c.o
                0x0002cf78                nrf_log_backend_uart_init
 .text.mlx90614_read_ambient_temp
                0x0002cfc8       0xa4 _build/nrf52832_xxaa/MLX90614.c.o
                0x0002cfc8                mlx90614_read_ambient_temp
 .text.mlx90614_read_object_temp
                0x0002d06c       0xa4 _build/nrf52832_xxaa/MLX90614.c.o
                0x0002d06c                mlx90614_read_object_temp
 .text.mlx90614_init
                0x0002d110      0x120 _build/nrf52832_xxaa/MLX90614.c.o
                0x0002d110                mlx90614_init
 .text          0x0002d230        0x8 /usr/lib/gcc/arm-none-eabi/13.2.1/../../../arm-none-eabi/lib/thumb/v7e-m+fp/hard/libc_nano.a(libc_a-abs.o)
                0x0002d230                abs
 .text          0x0002d238       0x50 /usr/lib/gcc/arm-none-eabi/13.2.1/../../../arm-none-eabi/lib/thumb/v7e-m+fp/hard/libc_nano.a(libc_a-init.o)
                0x0002d238                __libc_init_array
 *fill*         0x0002d288       0x38 
 .text          0x0002d2c0       0xd8 /usr/lib/gcc/arm-none-eabi/13.2.1/../../../arm-none-eabi/lib/thumb/v7e-m+fp/hard/libc_nano.a(libc_a-strlen.o)
                0x0002d2c0                strlen
 .text          0x0002d398       0xa4 /usr/lib/gcc/arm-none-eabi/13.2.1/../../../arm-none-eabi/lib/thumb/v7e-m+fp/hard/libc_nano.a(libc_a-memset.o)
                0x0002d398                memset
 .text          0x0002d43c      0x134 /usr/lib/gcc/arm-none-eabi/13.2.1/../../../arm-none-eabi/lib/thumb/v7e-m+fp/hard/libc_nano.a(libc_a-memcpy.o)
                0x0002d43c                memcpy
 .text          0x0002d570       0x24 /usr/lib/gcc/arm-none-eabi/13.2.1/../../../arm-none-eabi/lib/thumb/v7e-m+fp/hard/libc_nano.a(libc_a-exit.o)
                0x0002d570                exit
 .text          0x0002d594        0xc /usr/lib/gcc/arm-none-eabi/13.2.1/../../../arm-none-eabi/lib/thumb/v7e-m+fp/hard/libc_nano.a(libc_a-atexit.o)
                0x0002d594                atexit
 .text          0x0002d5a0      0x114 /usr/lib/gcc/arm-none-eabi/13.2.1/../../../arm-none-eabi/lib/thumb/v7e-m+fp/hard/libc_nano.a(libc_a-snprintf.o)
                0x0002d5a0                _sniprintf_r
                0x0002d5a0                _snprintf_r
                0x0002d624                snprintf
                0x0002d624                sniprintf
 .text          0x0002d6b4       0x5c /usr/lib/gcc/arm-none-eabi/13.2.1/../../../arm-none-eabi/lib/thumb/v7e-m+fp/hard/libc_nano.a(libc_a-memcmp.o)
                0x0002d6b4                memcmp
 .text          0x0002d710       0x28 /usr/lib/gcc/arm-none-eabi/13.2.1/../../../arm-none-eabi/lib/thumb/v7e-m+fp/hard/libc_nano.a(libc_a-fini.o)
                0x0002d710                __libc_fini_array
 .text          0x0002d738      0x400 /usr/lib/gcc/arm-none-eabi/13.2.1/../../../arm-none-eabi/lib/thumb/v7e-m+fp/hard/libc_nano.a(libc_a-nano-svfprintf.o)
                0x0002d738                __ssputs_r
                0x0002d7f8                __ssprint_r
                0x0002d900                _svfprintf_r
                0x0002d900                _svfiprintf_r
 .text          0x0002db38      0x148 /usr/lib/gcc/arm-none-eabi/13.2.1/../../../arm-none-eabi/lib/thumb/v7e-m+fp/hard/libc_nano.a(libc_a-mallocr.o)
                0x0002db80                _malloc_r
 .text          0x0002dc80       0xbc /usr/lib/gcc/arm-none-eabi/13.2.1/../../../arm-none-eabi/lib/thumb/v7e-m+fp/hard/libc_nano.a(libc_a-freer.o)
                0x0002dc80                _free_r
 .text          0x0002dd3c      0x100 /usr/lib/gcc/arm-none-eabi/13.2.1/../../../arm-none-eabi/lib/thumb/v7e-m+fp/hard/libc_nano.a(libc_a-memmove.o)
                0x0002dd3c                memmove
 *fill*         0x0002de3c        0x4 
 .text          0x0002de40       0xa0 /usr/lib/gcc/arm-none-eabi/13.2.1/../../../arm-none-eabi/lib/thumb/v7e-m+fp/hard/libc_nano.a(libc_a-memchr.o)
                0x0002de40                memchr
 .text          0x0002dee0       0xac /usr/lib/gcc/arm-none-eabi/13.2.1/../../../arm-none-eabi/lib/thumb/v7e-m+fp/hard/libc_nano.a(libc_a-__atexit.o)
                0x0002dee0                __register_exitproc
 .text          0x0002df8c       0x64 /usr/lib/gcc/arm-none-eabi/13.2.1/../../../arm-none-eabi/lib/thumb/v7e-m+fp/hard/libc_nano.a(libc_a-reallocr.o)
                0x0002df8c                _realloc_r
 .text          0x0002dff0      0x3a8 /usr/lib/gcc/arm-none-eabi/13.2.1/../../../arm-none-eabi/lib/thumb/v7e-m+fp/hard/libc_nano.a(libc_a-nano-vfprintf_i.o)
                0x0002dff0                _printf_common
                0x0002e114                _printf_i
 .text          0x0002e398        0x8 /usr/lib/gcc/arm-none-eabi/13.2.1/../../../arm-none-eabi/lib/thumb/v7e-m+fp/hard/libc_nano.a(libc_a-mlock.o)
                0x0002e398                __malloc_lock
                0x0002e39c                __malloc_unlock
 .text          0x0002e3a0       0x24 /usr/lib/gcc/arm-none-eabi/13.2.1/../../../arm-none-eabi/lib/thumb/v7e-m+fp/hard/libc_nano.a(libc_a-sbrkr.o)
                0x0002e3a0                _sbrk_r
 .text          0x0002e3c4       0x10 /usr/lib/gcc/arm-none-eabi/13.2.1/../../../arm-none-eabi/lib/thumb/v7e-m+fp/hard/libc_nano.a(libc_a-msizer.o)
                0x0002e3c4                _malloc_usable_size_r
 .text          0x0002e3d4       0xc4 /usr/lib/gcc/arm-none-eabi/13.2.1/../../../arm-none-eabi/lib/thumb/v7e-m+fp/hard/libc_nano.a(libc_a-__call_atexit.o)
                0x0002e3d4                __call_exitprocs
 .text          0x0002e498       0x1c /usr/lib/gcc/arm-none-eabi/13.2.1/../../../arm-none-eabi/lib/thumb/v7e-m+fp/hard/libnosys.a(sbrk.o)
                0x0002e498                _sbrk
 .text          0x0002e4b4        0x4 /usr/lib/gcc/arm-none-eabi/13.2.1/../../../arm-none-eabi/lib/thumb/v7e-m+fp/hard/libnosys.a(_exit.o)
                0x0002e4b4                _exit
 *(.init)
 .init          0x0002e4b8        0x4 /usr/lib/gcc/arm-none-eabi/13.2.1/thumb/v7e-m+fp/hard/crti.o
                0x0002e4b8                _init
 .init          0x0002e4bc        0x8 /usr/lib/gcc/arm-none-eabi/13.2.1/thumb/v7e-m+fp/hard/crtn.o
 *(.fini)
 .fini          0x0002e4c4        0x4 /usr/lib/gcc/arm-none-eabi/13.2.1/thumb/v7e-m+fp/hard/crti.o
                0x0002e4c4                _fini
 .fini          0x0002e4c8        0x8 /usr/lib/gcc/arm-none-eabi/13.2.1/thumb/v7e-m+fp/hard/crtn.o
 *crtbegin.o(.ctors)
 *crtbegin?.o(.ctors)
 *(EXCLUDE_FILE(*crtend.o *crtend?.o) .ctors)
 *(SORT_BY_NAME(.ctors.*))
 *(.ctors)
 *crtbegin.o(.dtors)
 *crtbegin?.o(.dtors)
 *(EXCLUDE_FILE(*crtend.o *crtend?.o) .dtors)
 *(SORT_BY_NAME(.dtors.*))
 *(.dtors)
 *(.rodata*)
 .rodata.str1.4
                0x0002e4d0      0xf11 _build/nrf52832_xxaa/nrf_log_default_backends.c.o
                                 0x11 (size before relaxing)
 .rodata.nrf_log_frontend_dequeue.str1.4
                0x0002f3e1       0x11 _build/nrf52832_xxaa/nrf_log_frontend.c.o
 .rodata.str1.4
                0x0002f3e1        0x4 _build/nrf52832_xxaa/nrf_log_frontend.c.o
 *fill*         0x0002f3e1        0x3 
 .rodata.m_log_push_ringbuf
                0x0002f3e4        0xc _build/nrf52832_xxaa/nrf_log_frontend.c.o
 .rodata.prefix_process.constprop.0.str1.4
                0x0002f3f0       0x36 _build/nrf52832_xxaa/nrf_log_str_formatter.c.o
 .rodata.nrf_log_std_entry_process.str1.4
                0x0002f3f0        0x3 _build/nrf52832_xxaa/nrf_log_str_formatter.c.o
 .rodata.nrf_log_hexdump_entry_process.str1.4
                0x0002f3f0       0x16 _build/nrf52832_xxaa/nrf_log_str_formatter.c.o
 .rodata.str1.4
                0x0002f3f0       0x56 _build/nrf52832_xxaa/nrf_log_str_formatter.c.o
 .rodata.m_colors
                0x0002f3f0       0x24 _build/nrf52832_xxaa/nrf_log_str_formatter.c.o
 .rodata.severity_names
                0x0002f414       0x14 _build/nrf52832_xxaa/nrf_log_str_formatter.c.o
 .rodata.app_error_fault_handler.str1.4
                0x0002f428       0x19 _build/nrf52832_xxaa/app_error_weak.c.o
 *fill*         0x0002f428        0x8 
 .rodata.delay_bytecode.0
                0x0002f430        0x6 _build/nrf52832_xxaa/app_timer.c.o
 *fill*         0x0002f436        0x2 
 .rodata._aV2C.0
                0x0002f438       0x10 _build/nrf52832_xxaa/nrf_fprintf_format.c.o
 .rodata.str1.4
                0x0002f448        0x9 _build/nrf52832_xxaa/nrf_pwr_mgmt.c.o
 .rodata.str1.4
                0x0002f448      0x3e9 _build/nrf52832_xxaa/nrf_strerror.c.o
 .rodata.nrf_strerror_array
                0x0002f448      0x128 _build/nrf52832_xxaa/nrf_strerror.c.o
 .rodata.m_unknown_str
                0x0002f570       0x13 _build/nrf52832_xxaa/nrf_strerror.c.o
 *fill*         0x0002f583        0x1 
 .rodata.m_board_led_list
                0x0002f584        0x4 _build/nrf52832_xxaa/boards.c.o
 .rodata.str1.4
                0x0002f588        0x6 _build/nrf52832_xxaa/nrf_drv_clock.c.o
 .rodata.str1.4
                0x0002f588        0x6 _build/nrf52832_xxaa/nrfx_clock.c.o
 .rodata.str1.4
                0x0002f588        0x7 _build/nrf52832_xxaa/nrfx_gpiote.c.o
 .rodata.str1.4
                0x0002f588        0x4 _build/nrf52832_xxaa/nrfx_prs.c.o
 .rodata.str1.4
                0x0002f588        0x5 _build/nrf52832_xxaa/nrfx_uart.c.o
 .rodata.str1.4
                0x0002f588        0x6 _build/nrf52832_xxaa/nrfx_uarte.c.o
 .rodata.nus_c_evt_handler.str1.4
                0x0002f588       0x9d _build/nrf52832_xxaa/main.c.o
 .rodata.ble_evt_handler.str1.4
                0x0002f588       0x92 _build/nrf52832_xxaa/main.c.o
 .rodata.ble_nus_c_db_disc_handler.str1.4
                0x0002f588       0x1d _build/nrf52832_xxaa/main.c.o
 .rodata.scan_evt_handler.str1.4
                0x0002f588       0x6a _build/nrf52832_xxaa/main.c.o
 .rodata.ble_stack_init.str1.4
                0x0002f588       0x1a _build/nrf52832_xxaa/main.c.o
 .rodata.scan_init.str1.4
                0x0002f588       0x1c _build/nrf52832_xxaa/main.c.o
 .rodata.nus_c_init.str1.4
                0x0002f588       0x1b _build/nrf52832_xxaa/main.c.o
 .rodata.main.str1.4
                0x0002f588      0x10b _build/nrf52832_xxaa/main.c.o
 *fill*         0x0002f588        0x8 
 .rodata.delay_bytecode.0
                0x0002f590        0x6 _build/nrf52832_xxaa/main.c.o
 *fill*         0x0002f596        0x2 
 .rodata.nus_base_uuid.1
                0x0002f598       0x10 _build/nrf52832_xxaa/main.c.o
 .rodata.ble_db_discovery_on_ble_evt.str1.4
                0x0002f5a8       0xa2 _build/nrf52832_xxaa/ble_db_discovery.c.o
 .rodata.str1.4
                0x0002f5a8        0xc _build/nrf52832_xxaa/ble_db_discovery.c.o
 .rodata.data_length_update.str1.4
                0x0002f5a8       0xe2 _build/nrf52832_xxaa/nrf_ble_gatt.c.o
 .rodata.nrf_ble_gatt_on_ble_evt.str1.4
                0x0002f5a8       0x63 _build/nrf52832_xxaa/nrf_ble_gatt.c.o
 .rodata.str1.4
                0x0002f5a8        0xd _build/nrf52832_xxaa/nrf_ble_gatt.c.o
 .rodata.nrf_ble_scan_start.str1.4
                0x0002f5a8       0x24 _build/nrf52832_xxaa/nrf_ble_scan.c.o
 .rodata.str1.4
                0x0002f5a8        0x9 _build/nrf52832_xxaa/nrf_ble_scan.c.o
 .rodata.ble_nus_c_string_send.str1.4
                0x0002f5a8       0x2f _build/nrf52832_xxaa/ble_nus_c.c.o
 .rodata.str1.4
                0x0002f5a8        0xa _build/nrf52832_xxaa/ble_nus_c.c.o
 .rodata        0x0002f5a8       0x10 _build/nrf52832_xxaa/ble_nus_c.c.o
 .rodata.sdh_stack_observers
                0x0002f5b8        0xc _build/nrf52832_xxaa/nrf_sdh.c.o
 .rodata.sdh_state_observers
                0x0002f5c4        0xc _build/nrf52832_xxaa/nrf_sdh.c.o
 .rodata.sdh_req_observers
                0x0002f5d0        0xc _build/nrf52832_xxaa/nrf_sdh.c.o
 .rodata.str1.4
                0x0002f5dc        0x8 _build/nrf52832_xxaa/nrf_sdh.c.o
 .rodata        0x0002f5dc        0x4 _build/nrf52832_xxaa/nrf_sdh.c.o
 .rodata.nrf_sdh_ble_default_cfg_set.str1.4
                0x0002f5e0      0x1cf _build/nrf52832_xxaa/nrf_sdh_ble.c.o
 .rodata.nrf_sdh_ble_enable.str1.4
                0x0002f5e0       0xad _build/nrf52832_xxaa/nrf_sdh_ble.c.o
 .rodata.sdh_ble_observers
                0x0002f5e0        0xc _build/nrf52832_xxaa/nrf_sdh_ble.c.o
 .rodata.str1.4
                0x0002f5ec        0xc _build/nrf52832_xxaa/nrf_sdh_ble.c.o
 .rodata.sdh_soc_observers
                0x0002f5ec        0xc _build/nrf52832_xxaa/nrf_sdh_soc.c.o
 .rodata.str1.4
                0x0002f5f8        0xc _build/nrf52832_xxaa/nrf_sdh_soc.c.o
 *fill*         0x0002f5f8        0x8 
 .rodata.delay_bytecode.0
                0x0002f600        0x6 _build/nrf52832_xxaa/bmp180.c.o
 *fill*         0x0002f606        0x2 
 .rodata.m_twi  0x0002f608        0x8 _build/nrf52832_xxaa/bmp180.c.o
                0x0002f608                m_twi
 .rodata        0x0002f610       0x10 _build/nrf52832_xxaa/bmp180.c.o
 .rodata.max30102_read_fifo.str1.4
                0x0002f620       0xcc _build/nrf52832_xxaa/max30102.c.o
 .rodata.delay_bytecode.0
                0x0002f620        0x6 _build/nrf52832_xxaa/max30102.c.o
 .rodata.str1.4
                0x0002f626        0x4 _build/nrf52832_xxaa/nrfx_twi.c.o
 *fill*         0x0002f626        0x2 
 .rodata.nrf_log_backend_uart_api
                0x0002f628        0xc _build/nrf52832_xxaa/nrf_log_backend_uart.c.o
                0x0002f628                nrf_log_backend_uart_api
 .rodata        0x0002f634       0x20 _build/nrf52832_xxaa/nrf_log_backend_uart.c.o
 .rodata.mlx90614_read_ambient_temp.str1.4
                0x0002f654       0x42 _build/nrf52832_xxaa/MLX90614.c.o
 .rodata.mlx90614_read_object_temp.str1.4
                0x0002f654       0x1a _build/nrf52832_xxaa/MLX90614.c.o
 .rodata.mlx90614_init.str1.4
                0x0002f654       0x6f _build/nrf52832_xxaa/MLX90614.c.o
 .rodata        0x0002f654      0x101 /usr/lib/gcc/arm-none-eabi/13.2.1/../../../arm-none-eabi/lib/thumb/v7e-m+fp/hard/libc_nano.a(libc_a-ctype_.o)
                0x0002f654                _ctype_
 .rodata.str1.4
                0x0002f755       0x13 /usr/lib/gcc/arm-none-eabi/13.2.1/../../../arm-none-eabi/lib/thumb/v7e-m+fp/hard/libc_nano.a(libc_a-nano-svfprintf.o)
 .rodata.str1.4
                0x0002f755       0x25 /usr/lib/gcc/arm-none-eabi/13.2.1/../../../arm-none-eabi/lib/thumb/v7e-m+fp/hard/libc_nano.a(libc_a-nano-vfprintf_i.o)
 *(.eh_frame*)
 *fill*         0x0002f755        0x3 
 .eh_frame      0x0002f758        0x0 /usr/lib/gcc/arm-none-eabi/13.2.1/thumb/v7e-m+fp/hard/crtbegin.o
 .eh_frame      0x0002f758       0x34 /usr/lib/gcc/arm-none-eabi/13.2.1/../../../arm-none-eabi/lib/thumb/v7e-m+fp/hard/libc_nano.a(libc_a-strlen.o)
 .eh_frame      0x0002f78c       0x2c /usr/lib/gcc/arm-none-eabi/13.2.1/../../../arm-none-eabi/lib/thumb/v7e-m+fp/hard/libc_nano.a(libc_a-memcpy.o)
 .eh_frame      0x0002f7b8       0x50 /usr/lib/gcc/arm-none-eabi/13.2.1/../../../arm-none-eabi/lib/thumb/v7e-m+fp/hard/libc_nano.a(libc_a-memchr.o)
 .eh_frame      0x0002f808        0x4 /usr/lib/gcc/arm-none-eabi/13.2.1/thumb/v7e-m+fp/hard/crtend.o

.glue_7         0x0002f80c        0x0
 .glue_7        0x0002f80c        0x0 linker stubs

.glue_7t        0x0002f80c        0x0
 .glue_7t       0x0002f80c        0x0 linker stubs

.vfp11_veneer   0x0002f80c        0x0
 .vfp11_veneer  0x0002f80c        0x0 linker stubs

.v4_bx          0x0002f80c        0x0
 .v4_bx         0x0002f80c        0x0 linker stubs

.iplt           0x0002f80c        0x0
 .iplt          0x0002f80c        0x0 /usr/lib/gcc/arm-none-eabi/13.2.1/thumb/v7e-m+fp/hard/crtbegin.o

.mem_section_dummy_rom

.sdh_soc_observers
                0x0002f80c        0x8
                0x0002f80c                        PROVIDE (__start_sdh_soc_observers = .)
 *(SORT_BY_NAME(.sdh_soc_observers*))
 .sdh_soc_observers0
                0x0002f80c        0x8 _build/nrf52832_xxaa/nrf_drv_clock.c.o
                0x0002f814                        PROVIDE (__stop_sdh_soc_observers = .)

.pwr_mgmt_data  0x0002f814        0x0
                0x0002f814                        PROVIDE (__start_pwr_mgmt_data = .)
 *(SORT_BY_NAME(.pwr_mgmt_data*))
                0x0002f814                        PROVIDE (__stop_pwr_mgmt_data = .)

.log_const_data
                0x0002f814       0x80
                0x0002f814                        PROVIDE (__start_log_const_data = .)
 *(SORT_BY_NAME(.log_const_data*))
 .log_const_data_CLOCK
                0x0002f814        0x8 _build/nrf52832_xxaa/nrfx_clock.c.o
                0x0002f814                m_nrf_log_CLOCK_logs_data_const
 .log_const_data_GPIOTE
                0x0002f81c        0x8 _build/nrf52832_xxaa/nrfx_gpiote.c.o
                0x0002f81c                m_nrf_log_GPIOTE_logs_data_const
 .log_const_data_PRS
                0x0002f824        0x8 _build/nrf52832_xxaa/nrfx_prs.c.o
                0x0002f824                m_nrf_log_PRS_logs_data_const
 .log_const_data_TWI
                0x0002f82c        0x8 _build/nrf52832_xxaa/nrfx_twi.c.o
                0x0002f82c                m_nrf_log_TWI_logs_data_const
 .log_const_data_UART
                0x0002f834        0x8 _build/nrf52832_xxaa/nrfx_uart.c.o
                0x0002f834                m_nrf_log_UART_logs_data_const
 .log_const_data_UARTE
                0x0002f83c        0x8 _build/nrf52832_xxaa/nrfx_uarte.c.o
                0x0002f83c                m_nrf_log_UARTE_logs_data_const
 .log_const_data_app
                0x0002f844        0x8 _build/nrf52832_xxaa/nrf_log_frontend.c.o
                0x0002f844                m_nrf_log_app_logs_data_const
 .log_const_data_ble_db_disc
                0x0002f84c        0x8 _build/nrf52832_xxaa/ble_db_discovery.c.o
                0x0002f84c                m_nrf_log_ble_db_disc_logs_data_const
 .log_const_data_ble_nus_c
                0x0002f854        0x8 _build/nrf52832_xxaa/ble_nus_c.c.o
                0x0002f854                m_nrf_log_ble_nus_c_logs_data_const
 .log_const_data_ble_scan
                0x0002f85c        0x8 _build/nrf52832_xxaa/nrf_ble_scan.c.o
                0x0002f85c                m_nrf_log_ble_scan_logs_data_const
 .log_const_data_clock
                0x0002f864        0x8 _build/nrf52832_xxaa/nrf_drv_clock.c.o
                0x0002f864                m_nrf_log_clock_logs_data_const
 .log_const_data_nrf_ble_gatt
                0x0002f86c        0x8 _build/nrf52832_xxaa/nrf_ble_gatt.c.o
                0x0002f86c                m_nrf_log_nrf_ble_gatt_logs_data_const
 .log_const_data_nrf_sdh
                0x0002f874        0x8 _build/nrf52832_xxaa/nrf_sdh.c.o
                0x0002f874                m_nrf_log_nrf_sdh_logs_data_const
 .log_const_data_nrf_sdh_ble
                0x0002f87c        0x8 _build/nrf52832_xxaa/nrf_sdh_ble.c.o
                0x0002f87c                m_nrf_log_nrf_sdh_ble_logs_data_const
 .log_const_data_nrf_sdh_soc
                0x0002f884        0x8 _build/nrf52832_xxaa/nrf_sdh_soc.c.o
                0x0002f884                m_nrf_log_nrf_sdh_soc_logs_data_const
 .log_const_data_pwr_mgmt
                0x0002f88c        0x8 _build/nrf52832_xxaa/nrf_pwr_mgmt.c.o
                0x0002f88c                m_nrf_log_pwr_mgmt_logs_data_const
                0x0002f894                        PROVIDE (__stop_log_const_data = .)

.nrf_balloc     0x0002f894       0x14
                [!provide]                        PROVIDE (__start_nrf_balloc = .)
 *(.nrf_balloc)
 .nrf_balloc    0x0002f894       0x14 _build/nrf52832_xxaa/nrf_log_frontend.c.o
                0x0002f894                log_mempool
                [!provide]                        PROVIDE (__stop_nrf_balloc = .)

.sdh_state_observers
                0x0002f8a8        0x8
                0x0002f8a8                        PROVIDE (__start_sdh_state_observers = .)
 *(SORT_BY_NAME(.sdh_state_observers*))
 .sdh_state_observers0
                0x0002f8a8        0x8 _build/nrf52832_xxaa/nrf_drv_clock.c.o
                0x0002f8b0                        PROVIDE (__stop_sdh_state_observers = .)

.sdh_stack_observers
                0x0002f8b0       0x10
                0x0002f8b0                        PROVIDE (__start_sdh_stack_observers = .)
 *(SORT_BY_NAME(.sdh_stack_observers*))
 .sdh_stack_observers0
                0x0002f8b0        0x8 _build/nrf52832_xxaa/nrf_sdh_ble.c.o
 .sdh_stack_observers0
                0x0002f8b8        0x8 _build/nrf52832_xxaa/nrf_sdh_soc.c.o
                0x0002f8c0                        PROVIDE (__stop_sdh_stack_observers = .)

.sdh_req_observers
                0x0002f8c0        0x0
                0x0002f8c0                        PROVIDE (__start_sdh_req_observers = .)
 *(SORT_BY_NAME(.sdh_req_observers*))
                0x0002f8c0                        PROVIDE (__stop_sdh_req_observers = .)

.nrf_queue      0x0002f8c0        0x0
                [!provide]                        PROVIDE (__start_nrf_queue = .)
 *(.nrf_queue)
                [!provide]                        PROVIDE (__stop_nrf_queue = .)

.cli_command    0x0002f8c0        0x0
                [!provide]                        PROVIDE (__start_cli_command = .)
 *(.cli_command)
                [!provide]                        PROVIDE (__stop_cli_command = .)

.crypto_data    0x0002f8c0        0x0
                [!provide]                        PROVIDE (__start_crypto_data = .)
 *(SORT_BY_NAME(.crypto_data*))
                [!provide]                        PROVIDE (__stop_crypto_data = .)

.sdh_ble_observers
                0x0002f8c0       0x30
                0x0002f8c0                        PROVIDE (__start_sdh_ble_observers = .)
 *(SORT_BY_NAME(.sdh_ble_observers*))
 .sdh_ble_observers1
                0x0002f8c0        0x8 _build/nrf52832_xxaa/bsp_btn_ble.c.o
 .sdh_ble_observers1
                0x0002f8c8       0x18 _build/nrf52832_xxaa/main.c.o
 .sdh_ble_observers2
                0x0002f8e0        0x8 _build/nrf52832_xxaa/main.c.o
 .sdh_ble_observers3
                0x0002f8e8        0x8 _build/nrf52832_xxaa/main.c.o
                0x0002f8f0                        PROVIDE (__stop_sdh_ble_observers = .)

.log_backends   0x0002f8f0       0x10
                [!provide]                        PROVIDE (__start_log_backends = .)
 *(SORT_BY_NAME(.log_backends*))
 .log_backends  0x0002f8f0       0x10 _build/nrf52832_xxaa/nrf_log_default_backends.c.o
                [!provide]                        PROVIDE (__stop_log_backends = .)

.ARM.extab
 *(.ARM.extab* .gnu.linkonce.armextab.*)
                0x0002f900                        __exidx_start = .

.ARM.exidx      0x0002f900        0x8
 *(.ARM.exidx* .gnu.linkonce.armexidx.*)
 .ARM.exidx     0x0002f900        0x8 /usr/lib/gcc/arm-none-eabi/13.2.1/../../../arm-none-eabi/lib/thumb/v7e-m+fp/hard/crt0.o
                                 0x10 (size before relaxing)
 .ARM.exidx     0x0002f908        0x0 /usr/lib/gcc/arm-none-eabi/13.2.1/../../../arm-none-eabi/lib/thumb/v7e-m+fp/hard/libc_nano.a(libc_a-strlen.o)
                                  0x8 (size before relaxing)
 .ARM.exidx     0x0002f908        0x0 /usr/lib/gcc/arm-none-eabi/13.2.1/../../../arm-none-eabi/lib/thumb/v7e-m+fp/hard/libc_nano.a(libc_a-memcpy.o)
                                  0x8 (size before relaxing)
 .ARM.exidx     0x0002f908        0x0 /usr/lib/gcc/arm-none-eabi/13.2.1/../../../arm-none-eabi/lib/thumb/v7e-m+fp/hard/libc_nano.a(libc_a-memchr.o)
                                  0x8 (size before relaxing)
                0x0002f908                        __exidx_end = .
                0x0002f908                        __etext = .

.rel.dyn        0x0002f908        0x0
 .rel.iplt      0x0002f908        0x0 /usr/lib/gcc/arm-none-eabi/13.2.1/thumb/v7e-m+fp/hard/crtbegin.o

.data           0x200029e0      0x350 load address 0x0002f908
                0x200029e0                        __data_start__ = .
 *(vtable)
 *(.data*)
 .data.log_backend_cb_uart_log_backend
                0x200029e0        0x8 _build/nrf52832_xxaa/nrf_log_default_backends.c.o
 .data.SystemCoreClock
                0x200029e8        0x4 _build/nrf52832_xxaa/system_nrf52.c.o
                0x200029e8                SystemCoreClock
 .data.conn_params
                0x200029ec        0x8 _build/nrf52832_xxaa/main.c.o
 .data.m_ble_tx_ready
                0x200029f4        0x1 _build/nrf52832_xxaa/main.c.o
 *fill*         0x200029f5        0x3 
 .data.m_db_disc
                0x200029f8      0x2cc _build/nrf52832_xxaa/main.c.o
 .data.m_uart   0x20002cc4       0x14 _build/nrf52832_xxaa/nrf_log_backend_uart.c.o
                0x20002cc4                m_uart
 .data          0x20002cd8       0x50 /usr/lib/gcc/arm-none-eabi/13.2.1/../../../arm-none-eabi/lib/thumb/v7e-m+fp/hard/libc_nano.a(libc_a-impure.o)
                0x20002cd8                _impure_ptr
                0x20002cdc                _impure_data
                0x20002d28                        . = ALIGN (0x4)
                0x20002d28                        PROVIDE (__preinit_array_start = .)
 *(.preinit_array)
                0x20002d28                        PROVIDE (__preinit_array_end = .)
                0x20002d28                        . = ALIGN (0x4)
                0x20002d28                        PROVIDE (__init_array_start = .)
 *(SORT_BY_NAME(.init_array.*))
 *(.init_array)
 .init_array    0x20002d28        0x4 /usr/lib/gcc/arm-none-eabi/13.2.1/thumb/v7e-m+fp/hard/crtbegin.o
                0x20002d2c                        PROVIDE (__init_array_end = .)
                0x20002d2c                        . = ALIGN (0x4)
                0x20002d2c                        PROVIDE (__fini_array_start = .)
 *(SORT_BY_NAME(.fini_array.*))
 *(.fini_array)
 .fini_array    0x20002d2c        0x4 /usr/lib/gcc/arm-none-eabi/13.2.1/thumb/v7e-m+fp/hard/crtbegin.o
                0x20002d30                        PROVIDE (__fini_array_end = .)
 *(.jcr*)
                0x20002d30                        . = ALIGN (0x4)
                0x20002d30                        __data_end__ = .
LOAD /usr/lib/gcc/arm-none-eabi/13.2.1/thumb/v7e-m+fp/hard/crti.o
LOAD /usr/lib/gcc/arm-none-eabi/13.2.1/thumb/v7e-m+fp/hard/crtbegin.o
LOAD /usr/lib/gcc/arm-none-eabi/13.2.1/../../../arm-none-eabi/lib/thumb/v7e-m+fp/hard/crt0.o
LOAD _build/nrf52832_xxaa/gcc_startup_nrf52.S.o
LOAD _build/nrf52832_xxaa/nrf_log_backend_rtt.c.o
LOAD _build/nrf52832_xxaa/nrf_log_backend_serial.c.o
LOAD _build/nrf52832_xxaa/nrf_log_default_backends.c.o
LOAD _build/nrf52832_xxaa/nrf_log_frontend.c.o
LOAD _build/nrf52832_xxaa/nrf_log_str_formatter.c.o
LOAD _build/nrf52832_xxaa/app_button.c.o
LOAD _build/nrf52832_xxaa/app_error.c.o
LOAD _build/nrf52832_xxaa/app_error_handler_gcc.c.o
LOAD _build/nrf52832_xxaa/app_error_weak.c.o
LOAD _build/nrf52832_xxaa/app_fifo.c.o
LOAD _build/nrf52832_xxaa/app_scheduler.c.o
LOAD _build/nrf52832_xxaa/app_timer.c.o
LOAD _build/nrf52832_xxaa/app_uart_fifo.c.o
LOAD _build/nrf52832_xxaa/app_util_platform.c.o
LOAD _build/nrf52832_xxaa/hardfault_implementation.c.o
LOAD _build/nrf52832_xxaa/nrf_assert.c.o
LOAD _build/nrf52832_xxaa/nrf_atfifo.c.o
LOAD _build/nrf52832_xxaa/nrf_atomic.c.o
LOAD _build/nrf52832_xxaa/nrf_balloc.c.o
LOAD _build/nrf52832_xxaa/nrf_fprintf.c.o
LOAD _build/nrf52832_xxaa/nrf_fprintf_format.c.o
LOAD _build/nrf52832_xxaa/nrf_memobj.c.o
LOAD _build/nrf52832_xxaa/nrf_pwr_mgmt.c.o
LOAD _build/nrf52832_xxaa/nrf_ringbuf.c.o
LOAD _build/nrf52832_xxaa/nrf_section_iter.c.o
LOAD _build/nrf52832_xxaa/nrf_strerror.c.o
LOAD _build/nrf52832_xxaa/retarget.c.o
LOAD _build/nrf52832_xxaa/system_nrf52.c.o
LOAD _build/nrf52832_xxaa/boards.c.o
LOAD _build/nrf52832_xxaa/nrf_drv_clock.c.o
LOAD _build/nrf52832_xxaa/nrf_drv_uart.c.o
LOAD _build/nrf52832_xxaa/nrfx_clock.c.o
LOAD _build/nrf52832_xxaa/nrfx_gpiote.c.o
LOAD _build/nrf52832_xxaa/nrfx_power_clock.c.o
LOAD _build/nrf52832_xxaa/nrfx_prs.c.o
LOAD _build/nrf52832_xxaa/nrfx_uart.c.o
LOAD _build/nrf52832_xxaa/nrfx_uarte.c.o
LOAD _build/nrf52832_xxaa/bsp.c.o
LOAD _build/nrf52832_xxaa/bsp_btn_ble.c.o
LOAD _build/nrf52832_xxaa/main.c.o
LOAD _build/nrf52832_xxaa/SEGGER_RTT.c.o
LOAD _build/nrf52832_xxaa/SEGGER_RTT_Syscalls_GCC.c.o
LOAD _build/nrf52832_xxaa/SEGGER_RTT_printf.c.o
LOAD _build/nrf52832_xxaa/ble_advdata.c.o
LOAD _build/nrf52832_xxaa/ble_db_discovery.c.o
LOAD _build/nrf52832_xxaa/ble_srv_common.c.o
LOAD _build/nrf52832_xxaa/nrf_ble_gatt.c.o
LOAD _build/nrf52832_xxaa/nrf_ble_scan.c.o
LOAD _build/nrf52832_xxaa/utf.c.o
LOAD _build/nrf52832_xxaa/ble_nus_c.c.o
LOAD _build/nrf52832_xxaa/nrf_sdh.c.o
LOAD _build/nrf52832_xxaa/nrf_sdh_ble.c.o
LOAD _build/nrf52832_xxaa/nrf_sdh_soc.c.o
LOAD _build/nrf52832_xxaa/bmp180.c.o
LOAD _build/nrf52832_xxaa/max30102.c.o
LOAD _build/nrf52832_xxaa/nrfx_twi.c.o
LOAD _build/nrf52832_xxaa/nrf_log_backend_uart.c.o
LOAD _build/nrf52832_xxaa/MLX90614.c.o
LOAD /usr/lib/gcc/arm-none-eabi/13.2.1/../../../arm-none-eabi/lib/thumb/v7e-m+fp/hard/libc_nano.a
LOAD /usr/lib/gcc/arm-none-eabi/13.2.1/../../../arm-none-eabi/lib/thumb/v7e-m+fp/hard/libnosys.a
LOAD /usr/lib/gcc/arm-none-eabi/13.2.1/../../../arm-none-eabi/lib/thumb/v7e-m+fp/hard/libm.a
START GROUP
LOAD /usr/lib/gcc/arm-none-eabi/13.2.1/thumb/v7e-m+fp/hard/libgcc.a
LOAD /usr/lib/gcc/arm-none-eabi/13.2.1/../../../arm-none-eabi/lib/thumb/v7e-m+fp/hard/libg_nano.a
LOAD /usr/lib/gcc/arm-none-eabi/13.2.1/../../../arm-none-eabi/lib/thumb/v7e-m+fp/hard/libc_nano.a
END GROUP
START GROUP
LOAD /usr/lib/gcc/arm-none-eabi/13.2.1/thumb/v7e-m+fp/hard/libgcc.a
LOAD /usr/lib/gcc/arm-none-eabi/13.2.1/../../../arm-none-eabi/lib/thumb/v7e-m+fp/hard/libc_nano.a
END GROUP
LOAD /usr/lib/gcc/arm-none-eabi/13.2.1/thumb/v7e-m+fp/hard/crtend.o
LOAD /usr/lib/gcc/arm-none-eabi/13.2.1/thumb/v7e-m+fp/hard/crtn.o
START GROUP
LOAD /usr/lib/gcc/arm-none-eabi/13.2.1/thumb/v7e-m+fp/hard/libgcc.a
LOAD /usr/lib/gcc/arm-none-eabi/13.2.1/../../../arm-none-eabi/lib/thumb/v7e-m+fp/hard/libc.a
LOAD /usr/lib/gcc/arm-none-eabi/13.2.1/../../../arm-none-eabi/lib/thumb/v7e-m+fp/hard/libnosys.a
END GROUP

.tm_clone_table
                0x20002d30        0x0 load address 0x0002fc58
 .tm_clone_table
                0x20002d30        0x0 /usr/lib/gcc/arm-none-eabi/13.2.1/thumb/v7e-m+fp/hard/crtbegin.o
 .tm_clone_table
                0x20002d30        0x0 /usr/lib/gcc/arm-none-eabi/13.2.1/thumb/v7e-m+fp/hard/crtend.o

.igot.plt       0x20002d30        0x0 load address 0x0002fc58
 .igot.plt      0x20002d30        0x0 /usr/lib/gcc/arm-none-eabi/13.2.1/thumb/v7e-m+fp/hard/crtbegin.o
                0x20002d30                        . = ALIGN (0x4)

.mem_section_dummy_ram

.log_dynamic_data
                0x20002d30        0x0
                0x20002d30                        PROVIDE (__start_log_dynamic_data = .)
 *(SORT_BY_NAME(.log_dynamic_data*))
                [!provide]                        PROVIDE (__stop_log_dynamic_data = .)

.log_filter_data
                0x20002d30        0x0
                [!provide]                        PROVIDE (__start_log_filter_data = .)
 *(SORT_BY_NAME(.log_filter_data*))
                [!provide]                        PROVIDE (__stop_log_filter_data = .)

.cli_sorted_cmd_ptrs
                0x20002d30        0x0
                [!provide]                        PROVIDE (__start_cli_sorted_cmd_ptrs = .)
 *(.cli_sorted_cmd_ptrs)
                [!provide]                        PROVIDE (__stop_cli_sorted_cmd_ptrs = .)

.fs_data        0x20002d30        0x0
                [!provide]                        PROVIDE (__start_fs_data = .)
 *(.fs_data)
                [!provide]                        PROVIDE (__stop_fs_data = .)

.bss            0x20002d30      0xe24 load address 0x0002fc58
                0x20002d30                        . = ALIGN (0x4)
                0x20002d30                        __bss_start__ = .
 *(.bss*)
 .bss           0x20002d30       0x1c /usr/lib/gcc/arm-none-eabi/13.2.1/thumb/v7e-m+fp/hard/crtbegin.o
 *fill*         0x20002d4c        0x4 
 .bss.m_log_data
                0x20002d50      0x424 _build/nrf52832_xxaa/nrf_log_frontend.c.o
 .bss.m_log_push_ringbuf_cb
                0x20003174       0x18 _build/nrf52832_xxaa/nrf_log_frontend.c.o
 .bss.m_log_push_ringbuf_buf
                0x2000318c       0x80 _build/nrf52832_xxaa/nrf_log_frontend.c.o
 .bss.log_mempool_nrf_balloc_cb
                0x2000320c        0x8 _build/nrf52832_xxaa/nrf_log_frontend.c.o
 .bss.log_mempool_nrf_balloc_pool_mem
                0x20003214       0xc0 _build/nrf52832_xxaa/nrf_log_frontend.c.o
 .bss.log_mempool_nrf_balloc_pool_stack
                0x200032d4        0x8 _build/nrf52832_xxaa/nrf_log_frontend.c.o
 .bss.m_rtc1_reset
                0x200032dc        0x1 _build/nrf52832_xxaa/app_timer.c.o
 .bss.m_rtc1_running
                0x200032dd        0x1 _build/nrf52832_xxaa/app_timer.c.o
 .bss.m_ticks_elapsed_q_write_ind
                0x200032de        0x1 _build/nrf52832_xxaa/app_timer.c.o
 .bss.m_ticks_elapsed_q_read_ind
                0x200032df        0x1 _build/nrf52832_xxaa/app_timer.c.o
 .bss.m_ticks_elapsed
                0x200032e0        0x8 _build/nrf52832_xxaa/app_timer.c.o
 .bss.m_ticks_latest
                0x200032e8        0x4 _build/nrf52832_xxaa/app_timer.c.o
 .bss.mp_timer_id_head
                0x200032ec        0x4 _build/nrf52832_xxaa/app_timer.c.o
 .bss.m_op_queue
                0x200032f0      0x10c _build/nrf52832_xxaa/app_timer.c.o
 .bss.nrf_nvic_state
                0x200033fc        0xc _build/nrf52832_xxaa/app_util_platform.c.o
                0x200033fc                nrf_nvic_state
 .bss.m_clock_cb
                0x20003408       0x14 _build/nrf52832_xxaa/nrf_drv_clock.c.o
 .bss.nrf_drv_uart_use_easy_dma
                0x2000341c        0x1 _build/nrf52832_xxaa/nrf_drv_uart.c.o
                0x2000341c                nrf_drv_uart_use_easy_dma
 *fill*         0x2000341d        0x3 
 .bss.m_contexts
                0x20003420        0x4 _build/nrf52832_xxaa/nrf_drv_uart.c.o
 .bss.m_handlers
                0x20003424        0x4 _build/nrf52832_xxaa/nrf_drv_uart.c.o
 .bss.m_clock_cb
                0x20003428        0x8 _build/nrf52832_xxaa/nrfx_clock.c.o
 .bss.m_cb      0x20003430       0x5c _build/nrf52832_xxaa/nrfx_gpiote.c.o
 .bss.m_prs_box_4
                0x2000348c        0x8 _build/nrf52832_xxaa/nrfx_prs.c.o
 *fill*         0x20003494        0x4 
 .bss.m_cb      0x20003498       0x2c _build/nrf52832_xxaa/nrfx_uart.c.o
 *fill*         0x200034c4        0x4 
 .bss.m_cb      0x200034c8       0x24 _build/nrf52832_xxaa/nrfx_uarte.c.o
 .bss.m_events_list
                0x200034ec        0xc _build/nrf52832_xxaa/bsp.c.o
 .bss.m_num_connections
                0x200034f8        0x4 _build/nrf52832_xxaa/bsp_btn_ble.c.o
 .bss.m_error_handler
                0x200034fc        0x4 _build/nrf52832_xxaa/bsp_btn_ble.c.o
 .bss.m_gatt    0x20003500       0x14 _build/nrf52832_xxaa/main.c.o
 .bss.msg2      0x20003514       0x20 _build/nrf52832_xxaa/main.c.o
                0x20003514                msg2
 .bss.msg1      0x20003534       0x20 _build/nrf52832_xxaa/main.c.o
                0x20003534                msg1
 .bss.m_nus_ready
                0x20003554        0x1 _build/nrf52832_xxaa/main.c.o
 *fill*         0x20003555        0x3 
 .bss.m_nus_c   0x20003558       0x10 _build/nrf52832_xxaa/main.c.o
 .bss.m_scan    0x20003568       0x50 _build/nrf52832_xxaa/main.c.o
 .bss.m_initialized
                0x200035b8        0x1 _build/nrf52832_xxaa/ble_db_discovery.c.o
 *fill*         0x200035b9        0x3 
 .bss.m_num_of_handlers_reg
                0x200035bc        0x4 _build/nrf52832_xxaa/ble_db_discovery.c.o
 .bss.m_pending_usr_evt_index
                0x200035c0        0x4 _build/nrf52832_xxaa/ble_db_discovery.c.o
 .bss.m_evt_handler
                0x200035c4        0x4 _build/nrf52832_xxaa/ble_db_discovery.c.o
 .bss.m_pending_user_evts
                0x200035c8      0x300 _build/nrf52832_xxaa/ble_db_discovery.c.o
 .bss.m_registered_handlers
                0x200038c8       0x18 _build/nrf52832_xxaa/ble_db_discovery.c.o
 .bss.m_nrf_sdh_continue
                0x200038e0        0x1 _build/nrf52832_xxaa/nrf_sdh.c.o
 .bss.m_nrf_sdh_suspended
                0x200038e1        0x1 _build/nrf52832_xxaa/nrf_sdh.c.o
 .bss.m_nrf_sdh_enabled
                0x200038e2        0x1 _build/nrf52832_xxaa/nrf_sdh.c.o
 .bss.m_stack_is_enabled
                0x200038e3        0x1 _build/nrf52832_xxaa/nrf_sdh_ble.c.o
 .bss.AC6       0x200038e4        0x2 _build/nrf52832_xxaa/bmp180.c.o
 .bss.AC5       0x200038e6        0x2 _build/nrf52832_xxaa/bmp180.c.o
 .bss.AC4       0x200038e8        0x2 _build/nrf52832_xxaa/bmp180.c.o
 .bss.MD        0x200038ea        0x2 _build/nrf52832_xxaa/bmp180.c.o
 .bss.MC        0x200038ec        0x2 _build/nrf52832_xxaa/bmp180.c.o
 .bss.B2        0x200038ee        0x2 _build/nrf52832_xxaa/bmp180.c.o
 .bss.B1        0x200038f0        0x2 _build/nrf52832_xxaa/bmp180.c.o
 .bss.AC3       0x200038f2        0x2 _build/nrf52832_xxaa/bmp180.c.o
 .bss.AC2       0x200038f4        0x2 _build/nrf52832_xxaa/bmp180.c.o
 .bss.AC1       0x200038f6        0x2 _build/nrf52832_xxaa/bmp180.c.o
 .bss.m_cb      0x200038f8       0x3c _build/nrf52832_xxaa/nrfx_twi.c.o
 .bss.m_async_mode
                0x20003934        0x1 _build/nrf52832_xxaa/nrf_log_backend_uart.c.o
 .bss.m_xfer_done
                0x20003935        0x1 _build/nrf52832_xxaa/nrf_log_backend_uart.c.o
 *fill*         0x20003936        0x2 
 .bss.m_string_buff
                0x20003938       0x40 _build/nrf52832_xxaa/nrf_log_backend_uart.c.o
 .bss           0x20003978      0x13c /usr/lib/gcc/arm-none-eabi/13.2.1/../../../arm-none-eabi/lib/thumb/v7e-m+fp/hard/libc_nano.a(libc_a-findfp.o)
                0x20003978                __sf
                0x20003ab0                __stdio_exit_handler
 .bss           0x20003ab4        0x8 /usr/lib/gcc/arm-none-eabi/13.2.1/../../../arm-none-eabi/lib/thumb/v7e-m+fp/hard/libc_nano.a(libc_a-mallocr.o)
                0x20003ab4                __malloc_sbrk_start
                0x20003ab8                __malloc_free_list
 .bss           0x20003abc       0x8c /usr/lib/gcc/arm-none-eabi/13.2.1/../../../arm-none-eabi/lib/thumb/v7e-m+fp/hard/libc_nano.a(libc_a-__atexit.o)
                0x20003abc                __atexit0
 .bss           0x20003b48        0x4 /usr/lib/gcc/arm-none-eabi/13.2.1/../../../arm-none-eabi/lib/thumb/v7e-m+fp/hard/libc_nano.a(libc_a-__call_atexit.o)
                0x20003b48                __atexit
 .bss           0x20003b4c        0x4 /usr/lib/gcc/arm-none-eabi/13.2.1/../../../arm-none-eabi/lib/thumb/v7e-m+fp/hard/libc_nano.a(libc_a-reent.o)
                0x20003b4c                errno
 .bss           0x20003b50        0x4 /usr/lib/gcc/arm-none-eabi/13.2.1/../../../arm-none-eabi/lib/thumb/v7e-m+fp/hard/libnosys.a(sbrk.o)
 *(COMMON)
                0x20003b54                        . = ALIGN (0x4)
                0x20003b54                        __bss_end__ = .

.heap           0x20003b58     0x2000
                0x20003b58                        __HeapBase = .
                0x20003b58                        __end__ = .
                0x20003b58                        PROVIDE (end = .)
 *(.heap*)
 .heap          0x20003b58     0x2000 _build/nrf52832_xxaa/gcc_startup_nrf52.S.o
                0x20005b58                        __HeapLimit = .

.stack_dummy    0x20003b58     0x2000
 *(.stack*)
 .stack         0x20003b58     0x2000 _build/nrf52832_xxaa/gcc_startup_nrf52.S.o
                0x20010000                        __StackTop = (ORIGIN (RAM) + LENGTH (RAM))
                0x2000e000                        __StackLimit = (__StackTop - SIZEOF (.stack_dummy))
                0x20010000                        PROVIDE (__stack = __StackTop)
                0x00000001                        ASSERT ((__StackLimit >= __HeapLimit), region RAM overflowed with stack)
                0x00000350                        DataInitFlashUsed = (__bss_start__ - __data_start__)
                0x00009908                        CodeFlashUsed = (__etext - ORIGIN (FLASH))
                0x00009c58                        TotalFlashUsed = (CodeFlashUsed + DataInitFlashUsed)
                0x00000001                        ASSERT ((TotalFlashUsed <= LENGTH (FLASH)), region FLASH overflowed with .data and user data)
OUTPUT(_build/nrf52832_xxaa.out elf32-littlearm)
LOAD linker stubs

.ARM.attributes
                0x00000000       0x30
 .ARM.attributes
                0x00000000       0x22 /usr/lib/gcc/arm-none-eabi/13.2.1/thumb/v7e-m+fp/hard/crti.o
 .ARM.attributes
                0x00000022       0x34 /usr/lib/gcc/arm-none-eabi/13.2.1/thumb/v7e-m+fp/hard/crtbegin.o
 .ARM.attributes
                0x00000056       0x20 /usr/lib/gcc/arm-none-eabi/13.2.1/../../../arm-none-eabi/lib/thumb/v7e-m+fp/hard/crt0.o
 .ARM.attributes
                0x00000076       0x20 _build/nrf52832_xxaa/gcc_startup_nrf52.S.o
 .ARM.attributes
                0x00000096       0x34 _build/nrf52832_xxaa/nrf_log_backend_serial.c.o
 .ARM.attributes
                0x000000ca       0x34 _build/nrf52832_xxaa/nrf_log_default_backends.c.o
 .ARM.attributes
                0x000000fe       0x34 _build/nrf52832_xxaa/nrf_log_frontend.c.o
 .ARM.attributes
                0x00000132       0x34 _build/nrf52832_xxaa/nrf_log_str_formatter.c.o
 .ARM.attributes
                0x00000166       0x34 _build/nrf52832_xxaa/app_error.c.o
 .ARM.attributes
                0x0000019a       0x34 _build/nrf52832_xxaa/app_error_weak.c.o
 .ARM.attributes
                0x000001ce       0x34 _build/nrf52832_xxaa/app_timer.c.o
 .ARM.attributes
                0x00000202       0x34 _build/nrf52832_xxaa/app_util_platform.c.o
 .ARM.attributes
                0x00000236       0x34 _build/nrf52832_xxaa/nrf_atomic.c.o
 .ARM.attributes
                0x0000026a       0x34 _build/nrf52832_xxaa/nrf_balloc.c.o
 .ARM.attributes
                0x0000029e       0x34 _build/nrf52832_xxaa/nrf_fprintf.c.o
 .ARM.attributes
                0x000002d2       0x34 _build/nrf52832_xxaa/nrf_fprintf_format.c.o
 .ARM.attributes
                0x00000306       0x34 _build/nrf52832_xxaa/nrf_memobj.c.o
 .ARM.attributes
                0x0000033a       0x34 _build/nrf52832_xxaa/nrf_pwr_mgmt.c.o
 .ARM.attributes
                0x0000036e       0x34 _build/nrf52832_xxaa/nrf_ringbuf.c.o
 .ARM.attributes
                0x000003a2       0x34 _build/nrf52832_xxaa/nrf_section_iter.c.o
 .ARM.attributes
                0x000003d6       0x34 _build/nrf52832_xxaa/nrf_strerror.c.o
 .ARM.attributes
                0x0000040a       0x34 _build/nrf52832_xxaa/system_nrf52.c.o
 .ARM.attributes
                0x0000043e       0x34 _build/nrf52832_xxaa/boards.c.o
 .ARM.attributes
                0x00000472       0x34 _build/nrf52832_xxaa/nrf_drv_clock.c.o
 .ARM.attributes
                0x000004a6       0x34 _build/nrf52832_xxaa/nrf_drv_uart.c.o
 .ARM.attributes
                0x000004da       0x34 _build/nrf52832_xxaa/nrfx_clock.c.o
 .ARM.attributes
                0x0000050e       0x34 _build/nrf52832_xxaa/nrfx_gpiote.c.o
 .ARM.attributes
                0x00000542       0x34 _build/nrf52832_xxaa/nrfx_prs.c.o
 .ARM.attributes
                0x00000576       0x34 _build/nrf52832_xxaa/nrfx_uart.c.o
 .ARM.attributes
                0x000005aa       0x34 _build/nrf52832_xxaa/nrfx_uarte.c.o
 .ARM.attributes
                0x000005de       0x34 _build/nrf52832_xxaa/bsp.c.o
 .ARM.attributes
                0x00000612       0x34 _build/nrf52832_xxaa/bsp_btn_ble.c.o
 .ARM.attributes
                0x00000646       0x34 _build/nrf52832_xxaa/main.c.o
 .ARM.attributes
                0x0000067a       0x34 _build/nrf52832_xxaa/ble_advdata.c.o
 .ARM.attributes
                0x000006ae       0x34 _build/nrf52832_xxaa/ble_db_discovery.c.o
 .ARM.attributes
                0x000006e2       0x34 _build/nrf52832_xxaa/nrf_ble_gatt.c.o
 .ARM.attributes
                0x00000716       0x34 _build/nrf52832_xxaa/nrf_ble_scan.c.o
 .ARM.attributes
                0x0000074a       0x34 _build/nrf52832_xxaa/ble_nus_c.c.o
 .ARM.attributes
                0x0000077e       0x34 _build/nrf52832_xxaa/nrf_sdh.c.o
 .ARM.attributes
                0x000007b2       0x34 _build/nrf52832_xxaa/nrf_sdh_ble.c.o
 .ARM.attributes
                0x000007e6       0x34 _build/nrf52832_xxaa/nrf_sdh_soc.c.o
 .ARM.attributes
                0x0000081a       0x34 _build/nrf52832_xxaa/bmp180.c.o
 .ARM.attributes
                0x0000084e       0x34 _build/nrf52832_xxaa/max30102.c.o
 .ARM.attributes
                0x00000882       0x34 _build/nrf52832_xxaa/nrfx_twi.c.o
 .ARM.attributes
                0x000008b6       0x34 _build/nrf52832_xxaa/nrf_log_backend_uart.c.o
 .ARM.attributes
                0x000008ea       0x34 _build/nrf52832_xxaa/MLX90614.c.o
 .ARM.attributes
                0x0000091e       0x34 /usr/lib/gcc/arm-none-eabi/13.2.1/../../../arm-none-eabi/lib/thumb/v7e-m+fp/hard/libc_nano.a(libc_a-abs.o)
 .ARM.attributes
                0x00000952       0x34 /usr/lib/gcc/arm-none-eabi/13.2.1/../../../arm-none-eabi/lib/thumb/v7e-m+fp/hard/libc_nano.a(libc_a-init.o)
 .ARM.attributes
                0x00000986       0x1c /usr/lib/gcc/arm-none-eabi/13.2.1/../../../arm-none-eabi/lib/thumb/v7e-m+fp/hard/libc_nano.a(libc_a-strlen.o)
 .ARM.attributes
                0x000009a2       0x34 /usr/lib/gcc/arm-none-eabi/13.2.1/../../../arm-none-eabi/lib/thumb/v7e-m+fp/hard/libc_nano.a(libc_a-memset.o)
 .ARM.attributes
                0x000009d6       0x20 /usr/lib/gcc/arm-none-eabi/13.2.1/../../../arm-none-eabi/lib/thumb/v7e-m+fp/hard/libc_nano.a(libc_a-memcpy.o)
 .ARM.attributes
                0x000009f6       0x34 /usr/lib/gcc/arm-none-eabi/13.2.1/../../../arm-none-eabi/lib/thumb/v7e-m+fp/hard/libc_nano.a(libc_a-exit.o)
 .ARM.attributes
                0x00000a2a       0x34 /usr/lib/gcc/arm-none-eabi/13.2.1/../../../arm-none-eabi/lib/thumb/v7e-m+fp/hard/libc_nano.a(libc_a-ctype_.o)
 .ARM.attributes
                0x00000a5e       0x34 /usr/lib/gcc/arm-none-eabi/13.2.1/../../../arm-none-eabi/lib/thumb/v7e-m+fp/hard/libc_nano.a(libc_a-atexit.o)
 .ARM.attributes
                0x00000a92       0x34 /usr/lib/gcc/arm-none-eabi/13.2.1/../../../arm-none-eabi/lib/thumb/v7e-m+fp/hard/libc_nano.a(libc_a-snprintf.o)
 .ARM.attributes
                0x00000ac6       0x34 /usr/lib/gcc/arm-none-eabi/13.2.1/../../../arm-none-eabi/lib/thumb/v7e-m+fp/hard/libc_nano.a(libc_a-memcmp.o)
 .ARM.attributes
                0x00000afa       0x34 /usr/lib/gcc/arm-none-eabi/13.2.1/../../../arm-none-eabi/lib/thumb/v7e-m+fp/hard/libc_nano.a(libc_a-fini.o)
 .ARM.attributes
                0x00000b2e       0x34 /usr/lib/gcc/arm-none-eabi/13.2.1/../../../arm-none-eabi/lib/thumb/v7e-m+fp/hard/libc_nano.a(libc_a-impure.o)
 .ARM.attributes
                0x00000b62       0x34 /usr/lib/gcc/arm-none-eabi/13.2.1/../../../arm-none-eabi/lib/thumb/v7e-m+fp/hard/libc_nano.a(libc_a-nano-svfprintf.o)
 .ARM.attributes
                0x00000b96       0x34 /usr/lib/gcc/arm-none-eabi/13.2.1/../../../arm-none-eabi/lib/thumb/v7e-m+fp/hard/libc_nano.a(libc_a-findfp.o)
 .ARM.attributes
                0x00000bca       0x34 /usr/lib/gcc/arm-none-eabi/13.2.1/../../../arm-none-eabi/lib/thumb/v7e-m+fp/hard/libc_nano.a(libc_a-mallocr.o)
 .ARM.attributes
                0x00000bfe       0x34 /usr/lib/gcc/arm-none-eabi/13.2.1/../../../arm-none-eabi/lib/thumb/v7e-m+fp/hard/libc_nano.a(libc_a-freer.o)
 .ARM.attributes
                0x00000c32       0x34 /usr/lib/gcc/arm-none-eabi/13.2.1/../../../arm-none-eabi/lib/thumb/v7e-m+fp/hard/libc_nano.a(libc_a-memmove.o)
 .ARM.attributes
                0x00000c66       0x1c /usr/lib/gcc/arm-none-eabi/13.2.1/../../../arm-none-eabi/lib/thumb/v7e-m+fp/hard/libc_nano.a(libc_a-memchr.o)
 .ARM.attributes
                0x00000c82       0x34 /usr/lib/gcc/arm-none-eabi/13.2.1/../../../arm-none-eabi/lib/thumb/v7e-m+fp/hard/libc_nano.a(libc_a-__atexit.o)
 .ARM.attributes
                0x00000cb6       0x34 /usr/lib/gcc/arm-none-eabi/13.2.1/../../../arm-none-eabi/lib/thumb/v7e-m+fp/hard/libc_nano.a(libc_a-reallocr.o)
 .ARM.attributes
                0x00000cea       0x34 /usr/lib/gcc/arm-none-eabi/13.2.1/../../../arm-none-eabi/lib/thumb/v7e-m+fp/hard/libc_nano.a(libc_a-nano-vfprintf_i.o)
 .ARM.attributes
                0x00000d1e       0x34 /usr/lib/gcc/arm-none-eabi/13.2.1/../../../arm-none-eabi/lib/thumb/v7e-m+fp/hard/libc_nano.a(libc_a-mlock.o)
 .ARM.attributes
                0x00000d52       0x34 /usr/lib/gcc/arm-none-eabi/13.2.1/../../../arm-none-eabi/lib/thumb/v7e-m+fp/hard/libc_nano.a(libc_a-sbrkr.o)
 .ARM.attributes
                0x00000d86       0x34 /usr/lib/gcc/arm-none-eabi/13.2.1/../../../arm-none-eabi/lib/thumb/v7e-m+fp/hard/libc_nano.a(libc_a-msizer.o)
 .ARM.attributes
                0x00000dba       0x34 /usr/lib/gcc/arm-none-eabi/13.2.1/../../../arm-none-eabi/lib/thumb/v7e-m+fp/hard/libc_nano.a(libc_a-__call_atexit.o)
 .ARM.attributes
                0x00000dee       0x34 /usr/lib/gcc/arm-none-eabi/13.2.1/../../../arm-none-eabi/lib/thumb/v7e-m+fp/hard/libc_nano.a(libc_a-reent.o)
 .ARM.attributes
                0x00000e22       0x34 /usr/lib/gcc/arm-none-eabi/13.2.1/../../../arm-none-eabi/lib/thumb/v7e-m+fp/hard/libnosys.a(sbrk.o)
 .ARM.attributes
                0x00000e56       0x34 /usr/lib/gcc/arm-none-eabi/13.2.1/../../../arm-none-eabi/lib/thumb/v7e-m+fp/hard/libnosys.a(_exit.o)
 .ARM.attributes
                0x00000e8a       0x34 /usr/lib/gcc/arm-none-eabi/13.2.1/thumb/v7e-m+fp/hard/crtend.o
 .ARM.attributes
                0x00000ebe       0x22 /usr/lib/gcc/arm-none-eabi/13.2.1/thumb/v7e-m+fp/hard/crtn.o

.comment        0x00000000       0x26
 .comment       0x00000000       0x26 /usr/lib/gcc/arm-none-eabi/13.2.1/thumb/v7e-m+fp/hard/crtbegin.o
                                 0x27 (size before relaxing)
 .comment       0x00000026       0x27 _build/nrf52832_xxaa/nrf_log_backend_serial.c.o
 .comment       0x00000026       0x27 _build/nrf52832_xxaa/nrf_log_default_backends.c.o
 .comment       0x00000026       0x27 _build/nrf52832_xxaa/nrf_log_frontend.c.o
 .comment       0x00000026       0x27 _build/nrf52832_xxaa/nrf_log_str_formatter.c.o
 .comment       0x00000026       0x27 _build/nrf52832_xxaa/app_error.c.o
 .comment       0x00000026       0x27 _build/nrf52832_xxaa/app_error_weak.c.o
 .comment       0x00000026       0x27 _build/nrf52832_xxaa/app_timer.c.o
 .comment       0x00000026       0x27 _build/nrf52832_xxaa/app_util_platform.c.o
 .comment       0x00000026       0x27 _build/nrf52832_xxaa/nrf_atomic.c.o
 .comment       0x00000026       0x27 _build/nrf52832_xxaa/nrf_balloc.c.o
 .comment       0x00000026       0x27 _build/nrf52832_xxaa/nrf_fprintf.c.o
 .comment       0x00000026       0x27 _build/nrf52832_xxaa/nrf_fprintf_format.c.o
 .comment       0x00000026       0x27 _build/nrf52832_xxaa/nrf_memobj.c.o
 .comment       0x00000026       0x27 _build/nrf52832_xxaa/nrf_pwr_mgmt.c.o
 .comment       0x00000026       0x27 _build/nrf52832_xxaa/nrf_ringbuf.c.o
 .comment       0x00000026       0x27 _build/nrf52832_xxaa/nrf_section_iter.c.o
 .comment       0x00000026       0x27 _build/nrf52832_xxaa/nrf_strerror.c.o
 .comment       0x00000026       0x27 _build/nrf52832_xxaa/system_nrf52.c.o
 .comment       0x00000026       0x27 _build/nrf52832_xxaa/boards.c.o
 .comment       0x00000026       0x27 _build/nrf52832_xxaa/nrf_drv_clock.c.o
 .comment       0x00000026       0x27 _build/nrf52832_xxaa/nrf_drv_uart.c.o
 .comment       0x00000026       0x27 _build/nrf52832_xxaa/nrfx_clock.c.o
 .comment       0x00000026       0x27 _build/nrf52832_xxaa/nrfx_gpiote.c.o
 .comment       0x00000026       0x27 _build/nrf52832_xxaa/nrfx_prs.c.o
 .comment       0x00000026       0x27 _build/nrf52832_xxaa/nrfx_uart.c.o
 .comment       0x00000026       0x27 _build/nrf52832_xxaa/nrfx_uarte.c.o
 .comment       0x00000026       0x27 _build/nrf52832_xxaa/bsp.c.o
 .comment       0x00000026       0x27 _build/nrf52832_xxaa/bsp_btn_ble.c.o
 .comment       0x00000026       0x27 _build/nrf52832_xxaa/main.c.o
 .comment       0x00000026       0x27 _build/nrf52832_xxaa/ble_advdata.c.o
 .comment       0x00000026       0x27 _build/nrf52832_xxaa/ble_db_discovery.c.o
 .comment       0x00000026       0x27 _build/nrf52832_xxaa/nrf_ble_gatt.c.o
 .comment       0x00000026       0x27 _build/nrf52832_xxaa/nrf_ble_scan.c.o
 .comment       0x00000026       0x27 _build/nrf52832_xxaa/ble_nus_c.c.o
 .comment       0x00000026       0x27 _build/nrf52832_xxaa/nrf_sdh.c.o
 .comment       0x00000026       0x27 _build/nrf52832_xxaa/nrf_sdh_ble.c.o
 .comment       0x00000026       0x27 _build/nrf52832_xxaa/nrf_sdh_soc.c.o
 .comment       0x00000026       0x27 _build/nrf52832_xxaa/bmp180.c.o
 .comment       0x00000026       0x27 _build/nrf52832_xxaa/max30102.c.o
 .comment       0x00000026       0x27 _build/nrf52832_xxaa/nrfx_twi.c.o
 .comment       0x00000026       0x27 _build/nrf52832_xxaa/nrf_log_backend_uart.c.o
 .comment       0x00000026       0x27 _build/nrf52832_xxaa/MLX90614.c.o
 .comment       0x00000026       0x27 /usr/lib/gcc/arm-none-eabi/13.2.1/../../../arm-none-eabi/lib/thumb/v7e-m+fp/hard/libc_nano.a(libc_a-abs.o)
 .comment       0x00000026       0x27 /usr/lib/gcc/arm-none-eabi/13.2.1/../../../arm-none-eabi/lib/thumb/v7e-m+fp/hard/libc_nano.a(libc_a-init.o)
 .comment       0x00000026       0x27 /usr/lib/gcc/arm-none-eabi/13.2.1/../../../arm-none-eabi/lib/thumb/v7e-m+fp/hard/libc_nano.a(libc_a-memset.o)
 .comment       0x00000026       0x27 /usr/lib/gcc/arm-none-eabi/13.2.1/../../../arm-none-eabi/lib/thumb/v7e-m+fp/hard/libc_nano.a(libc_a-exit.o)
 .comment       0x00000026       0x27 /usr/lib/gcc/arm-none-eabi/13.2.1/../../../arm-none-eabi/lib/thumb/v7e-m+fp/hard/libc_nano.a(libc_a-ctype_.o)
 .comment       0x00000026       0x27 /usr/lib/gcc/arm-none-eabi/13.2.1/../../../arm-none-eabi/lib/thumb/v7e-m+fp/hard/libc_nano.a(libc_a-atexit.o)
 .comment       0x00000026       0x27 /usr/lib/gcc/arm-none-eabi/13.2.1/../../../arm-none-eabi/lib/thumb/v7e-m+fp/hard/libc_nano.a(libc_a-snprintf.o)
 .comment       0x00000026       0x27 /usr/lib/gcc/arm-none-eabi/13.2.1/../../../arm-none-eabi/lib/thumb/v7e-m+fp/hard/libc_nano.a(libc_a-memcmp.o)
 .comment       0x00000026       0x27 /usr/lib/gcc/arm-none-eabi/13.2.1/../../../arm-none-eabi/lib/thumb/v7e-m+fp/hard/libc_nano.a(libc_a-fini.o)
 .comment       0x00000026       0x27 /usr/lib/gcc/arm-none-eabi/13.2.1/../../../arm-none-eabi/lib/thumb/v7e-m+fp/hard/libc_nano.a(libc_a-impure.o)
 .comment       0x00000026       0x27 /usr/lib/gcc/arm-none-eabi/13.2.1/../../../arm-none-eabi/lib/thumb/v7e-m+fp/hard/libc_nano.a(libc_a-nano-svfprintf.o)
 .comment       0x00000026       0x27 /usr/lib/gcc/arm-none-eabi/13.2.1/../../../arm-none-eabi/lib/thumb/v7e-m+fp/hard/libc_nano.a(libc_a-findfp.o)
 .comment       0x00000026       0x27 /usr/lib/gcc/arm-none-eabi/13.2.1/../../../arm-none-eabi/lib/thumb/v7e-m+fp/hard/libc_nano.a(libc_a-mallocr.o)
 .comment       0x00000026       0x27 /usr/lib/gcc/arm-none-eabi/13.2.1/../../../arm-none-eabi/lib/thumb/v7e-m+fp/hard/libc_nano.a(libc_a-freer.o)
 .comment       0x00000026       0x27 /usr/lib/gcc/arm-none-eabi/13.2.1/../../../arm-none-eabi/lib/thumb/v7e-m+fp/hard/libc_nano.a(libc_a-memmove.o)
 .comment       0x00000026       0x27 /usr/lib/gcc/arm-none-eabi/13.2.1/../../../arm-none-eabi/lib/thumb/v7e-m+fp/hard/libc_nano.a(libc_a-__atexit.o)
 .comment       0x00000026       0x27 /usr/lib/gcc/arm-none-eabi/13.2.1/../../../arm-none-eabi/lib/thumb/v7e-m+fp/hard/libc_nano.a(libc_a-reallocr.o)
 .comment       0x00000026       0x27 /usr/lib/gcc/arm-none-eabi/13.2.1/../../../arm-none-eabi/lib/thumb/v7e-m+fp/hard/libc_nano.a(libc_a-nano-vfprintf_i.o)
 .comment       0x00000026       0x27 /usr/lib/gcc/arm-none-eabi/13.2.1/../../../arm-none-eabi/lib/thumb/v7e-m+fp/hard/libc_nano.a(libc_a-mlock.o)
 .comment       0x00000026       0x27 /usr/lib/gcc/arm-none-eabi/13.2.1/../../../arm-none-eabi/lib/thumb/v7e-m+fp/hard/libc_nano.a(libc_a-sbrkr.o)
 .comment       0x00000026       0x27 /usr/lib/gcc/arm-none-eabi/13.2.1/../../../arm-none-eabi/lib/thumb/v7e-m+fp/hard/libc_nano.a(libc_a-msizer.o)
 .comment       0x00000026       0x27 /usr/lib/gcc/arm-none-eabi/13.2.1/../../../arm-none-eabi/lib/thumb/v7e-m+fp/hard/libc_nano.a(libc_a-__call_atexit.o)
 .comment       0x00000026       0x27 /usr/lib/gcc/arm-none-eabi/13.2.1/../../../arm-none-eabi/lib/thumb/v7e-m+fp/hard/libc_nano.a(libc_a-reent.o)
 .comment       0x00000026       0x27 /usr/lib/gcc/arm-none-eabi/13.2.1/../../../arm-none-eabi/lib/thumb/v7e-m+fp/hard/libnosys.a(sbrk.o)
 .comment       0x00000026       0x27 /usr/lib/gcc/arm-none-eabi/13.2.1/../../../arm-none-eabi/lib/thumb/v7e-m+fp/hard/libnosys.a(_exit.o)
 .comment       0x00000026       0x27 /usr/lib/gcc/arm-none-eabi/13.2.1/thumb/v7e-m+fp/hard/crtend.o

.debug_line     0x00000000    0x2b446
 .debug_line    0x00000000       0x75 /usr/lib/gcc/arm-none-eabi/13.2.1/../../../arm-none-eabi/lib/thumb/v7e-m+fp/hard/crt0.o
 .debug_line    0x00000075       0x69 _build/nrf52832_xxaa/gcc_startup_nrf52.S.o
 .debug_line    0x000000de      0x767 _build/nrf52832_xxaa/nrf_log_backend_serial.c.o
 .debug_line    0x00000845      0x691 _build/nrf52832_xxaa/nrf_log_default_backends.c.o
 .debug_line    0x00000ed6     0x2d14 _build/nrf52832_xxaa/nrf_log_frontend.c.o
 .debug_line    0x00003bea      0x904 _build/nrf52832_xxaa/nrf_log_str_formatter.c.o
 .debug_line    0x000044ee      0x46c _build/nrf52832_xxaa/app_error.c.o
 .debug_line    0x0000495a      0x756 _build/nrf52832_xxaa/app_error_weak.c.o
 .debug_line    0x000050b0     0x1608 _build/nrf52832_xxaa/app_timer.c.o
 .debug_line    0x000066b8      0x6bc _build/nrf52832_xxaa/app_util_platform.c.o
 .debug_line    0x00006d74      0x7b2 _build/nrf52832_xxaa/nrf_atomic.c.o
 .debug_line    0x00007526      0x7ae _build/nrf52832_xxaa/nrf_balloc.c.o
 .debug_line    0x00007cd4      0x494 _build/nrf52832_xxaa/nrf_fprintf.c.o
 .debug_line    0x00008168      0xe6a _build/nrf52832_xxaa/nrf_fprintf_format.c.o
 .debug_line    0x00008fd2      0xaeb _build/nrf52832_xxaa/nrf_memobj.c.o
 .debug_line    0x00009abd      0xde5 _build/nrf52832_xxaa/nrf_pwr_mgmt.c.o
 .debug_line    0x0000a8a2      0x924 _build/nrf52832_xxaa/nrf_ringbuf.c.o
 .debug_line    0x0000b1c6      0x4a1 _build/nrf52832_xxaa/nrf_section_iter.c.o
 .debug_line    0x0000b667      0x4e8 _build/nrf52832_xxaa/nrf_strerror.c.o
 .debug_line    0x0000bb4f      0x728 _build/nrf52832_xxaa/system_nrf52.c.o
 .debug_line    0x0000c277      0xf41 _build/nrf52832_xxaa/boards.c.o
 .debug_line    0x0000d1b8     0x10a3 _build/nrf52832_xxaa/nrf_drv_clock.c.o
 .debug_line    0x0000e25b      0x757 _build/nrf52832_xxaa/nrf_drv_uart.c.o
 .debug_line    0x0000e9b2      0xf7d _build/nrf52832_xxaa/nrfx_clock.c.o
 .debug_line    0x0000f92f     0x2e07 _build/nrf52832_xxaa/nrfx_gpiote.c.o
 .debug_line    0x00012736      0x861 _build/nrf52832_xxaa/nrfx_prs.c.o
 .debug_line    0x00012f97     0x1cec _build/nrf52832_xxaa/nrfx_uart.c.o
 .debug_line    0x00014c83     0x1992 _build/nrf52832_xxaa/nrfx_uarte.c.o
 .debug_line    0x00016615     0x1105 _build/nrf52832_xxaa/bsp.c.o
 .debug_line    0x0001771a      0xa31 _build/nrf52832_xxaa/bsp_btn_ble.c.o
 .debug_line    0x0001814b     0x1527 _build/nrf52832_xxaa/main.c.o
 .debug_line    0x00019672     0x13ea _build/nrf52832_xxaa/ble_advdata.c.o
 .debug_line    0x0001aa5c     0x19bf _build/nrf52832_xxaa/ble_db_discovery.c.o
 .debug_line    0x0001c41b      0xccd _build/nrf52832_xxaa/nrf_ble_gatt.c.o
 .debug_line    0x0001d0e8     0x106e _build/nrf52832_xxaa/nrf_ble_scan.c.o
 .debug_line    0x0001e156      0xabf _build/nrf52832_xxaa/ble_nus_c.c.o
 .debug_line    0x0001ec15     0x1008 _build/nrf52832_xxaa/nrf_sdh.c.o
 .debug_line    0x0001fc1d      0xaa8 _build/nrf52832_xxaa/nrf_sdh_ble.c.o
 .debug_line    0x000206c5      0x69d _build/nrf52832_xxaa/nrf_sdh_soc.c.o
 .debug_line    0x00020d62      0xaa1 _build/nrf52832_xxaa/bmp180.c.o
 .debug_line    0x00021803      0xb41 _build/nrf52832_xxaa/max30102.c.o
 .debug_line    0x00022344     0x4120 _build/nrf52832_xxaa/nrfx_twi.c.o
 .debug_line    0x00026464      0xaf8 _build/nrf52832_xxaa/nrf_log_backend_uart.c.o
 .debug_line    0x00026f5c      0xad3 _build/nrf52832_xxaa/MLX90614.c.o
 .debug_line    0x00027a2f       0xaf /usr/lib/gcc/arm-none-eabi/13.2.1/../../../arm-none-eabi/lib/thumb/v7e-m+fp/hard/libc_nano.a(libc_a-abs.o)
 .debug_line    0x00027ade      0x11e /usr/lib/gcc/arm-none-eabi/13.2.1/../../../arm-none-eabi/lib/thumb/v7e-m+fp/hard/libc_nano.a(libc_a-init.o)
 .debug_line    0x00027bfc       0x86 /usr/lib/gcc/arm-none-eabi/13.2.1/../../../arm-none-eabi/lib/thumb/v7e-m+fp/hard/libc_nano.a(libc_a-strlen.o)
 .debug_line    0x00027c82      0x1b6 /usr/lib/gcc/arm-none-eabi/13.2.1/../../../arm-none-eabi/lib/thumb/v7e-m+fp/hard/libc_nano.a(libc_a-memset.o)
 .debug_line    0x00027e38       0xb9 /usr/lib/gcc/arm-none-eabi/13.2.1/../../../arm-none-eabi/lib/thumb/v7e-m+fp/hard/libc_nano.a(libc_a-memcpy.o)
 .debug_line    0x00027ef1      0x12d /usr/lib/gcc/arm-none-eabi/13.2.1/../../../arm-none-eabi/lib/thumb/v7e-m+fp/hard/libc_nano.a(libc_a-exit.o)
 .debug_line    0x0002801e       0x97 /usr/lib/gcc/arm-none-eabi/13.2.1/../../../arm-none-eabi/lib/thumb/v7e-m+fp/hard/libc_nano.a(libc_a-ctype_.o)
 .debug_line    0x000280b5       0xc3 /usr/lib/gcc/arm-none-eabi/13.2.1/../../../arm-none-eabi/lib/thumb/v7e-m+fp/hard/libc_nano.a(libc_a-atexit.o)
 .debug_line    0x00028178      0x354 /usr/lib/gcc/arm-none-eabi/13.2.1/../../../arm-none-eabi/lib/thumb/v7e-m+fp/hard/libc_nano.a(libc_a-snprintf.o)
 .debug_line    0x000284cc      0x17a /usr/lib/gcc/arm-none-eabi/13.2.1/../../../arm-none-eabi/lib/thumb/v7e-m+fp/hard/libc_nano.a(libc_a-memcmp.o)
 .debug_line    0x00028646       0xd2 /usr/lib/gcc/arm-none-eabi/13.2.1/../../../arm-none-eabi/lib/thumb/v7e-m+fp/hard/libc_nano.a(libc_a-fini.o)
 .debug_line    0x00028718       0xe7 /usr/lib/gcc/arm-none-eabi/13.2.1/../../../arm-none-eabi/lib/thumb/v7e-m+fp/hard/libc_nano.a(libc_a-impure.o)
 .debug_line    0x000287ff      0x854 /usr/lib/gcc/arm-none-eabi/13.2.1/../../../arm-none-eabi/lib/thumb/v7e-m+fp/hard/libc_nano.a(libc_a-nano-svfprintf.o)
 .debug_line    0x00029053      0x4fc /usr/lib/gcc/arm-none-eabi/13.2.1/../../../arm-none-eabi/lib/thumb/v7e-m+fp/hard/libc_nano.a(libc_a-findfp.o)
 .debug_line    0x0002954f      0x446 /usr/lib/gcc/arm-none-eabi/13.2.1/../../../arm-none-eabi/lib/thumb/v7e-m+fp/hard/libc_nano.a(libc_a-mallocr.o)
 .debug_line    0x00029995      0x2c3 /usr/lib/gcc/arm-none-eabi/13.2.1/../../../arm-none-eabi/lib/thumb/v7e-m+fp/hard/libc_nano.a(libc_a-freer.o)
 .debug_line    0x00029c58      0x1f1 /usr/lib/gcc/arm-none-eabi/13.2.1/../../../arm-none-eabi/lib/thumb/v7e-m+fp/hard/libc_nano.a(libc_a-memmove.o)
 .debug_line    0x00029e49       0x84 /usr/lib/gcc/arm-none-eabi/13.2.1/../../../arm-none-eabi/lib/thumb/v7e-m+fp/hard/libc_nano.a(libc_a-memchr.o)
 .debug_line    0x00029ecd      0x230 /usr/lib/gcc/arm-none-eabi/13.2.1/../../../arm-none-eabi/lib/thumb/v7e-m+fp/hard/libc_nano.a(libc_a-__atexit.o)
 .debug_line    0x0002a0fd      0x1f8 /usr/lib/gcc/arm-none-eabi/13.2.1/../../../arm-none-eabi/lib/thumb/v7e-m+fp/hard/libc_nano.a(libc_a-reallocr.o)
 .debug_line    0x0002a2f5      0x75d /usr/lib/gcc/arm-none-eabi/13.2.1/../../../arm-none-eabi/lib/thumb/v7e-m+fp/hard/libc_nano.a(libc_a-nano-vfprintf_i.o)
 .debug_line    0x0002aa52      0x153 /usr/lib/gcc/arm-none-eabi/13.2.1/../../../arm-none-eabi/lib/thumb/v7e-m+fp/hard/libc_nano.a(libc_a-mlock.o)
 .debug_line    0x0002aba5      0x193 /usr/lib/gcc/arm-none-eabi/13.2.1/../../../arm-none-eabi/lib/thumb/v7e-m+fp/hard/libc_nano.a(libc_a-sbrkr.o)
 .debug_line    0x0002ad38      0x176 /usr/lib/gcc/arm-none-eabi/13.2.1/../../../arm-none-eabi/lib/thumb/v7e-m+fp/hard/libc_nano.a(libc_a-msizer.o)
 .debug_line    0x0002aeae      0x246 /usr/lib/gcc/arm-none-eabi/13.2.1/../../../arm-none-eabi/lib/thumb/v7e-m+fp/hard/libc_nano.a(libc_a-__call_atexit.o)
 .debug_line    0x0002b0f4      0x27b /usr/lib/gcc/arm-none-eabi/13.2.1/../../../arm-none-eabi/lib/thumb/v7e-m+fp/hard/libc_nano.a(libc_a-reent.o)
 .debug_line    0x0002b36f       0x76 /usr/lib/gcc/arm-none-eabi/13.2.1/../../../arm-none-eabi/lib/thumb/v7e-m+fp/hard/libnosys.a(sbrk.o)
 .debug_line    0x0002b3e5       0x61 /usr/lib/gcc/arm-none-eabi/13.2.1/../../../arm-none-eabi/lib/thumb/v7e-m+fp/hard/libnosys.a(_exit.o)

.debug_line_str
                0x00000000      0x1de
 .debug_line_str
                0x00000000      0x1de /usr/lib/gcc/arm-none-eabi/13.2.1/../../../arm-none-eabi/lib/thumb/v7e-m+fp/hard/crt0.o
                                 0x82 (size before relaxing)
 .debug_line_str
                0x000001de       0xab _build/nrf52832_xxaa/gcc_startup_nrf52.S.o
 .debug_line_str
                0x000001de       0x98 /usr/lib/gcc/arm-none-eabi/13.2.1/../../../arm-none-eabi/lib/thumb/v7e-m+fp/hard/libc_nano.a(libc_a-strlen.o)
 .debug_line_str
                0x000001de       0x99 /usr/lib/gcc/arm-none-eabi/13.2.1/../../../arm-none-eabi/lib/thumb/v7e-m+fp/hard/libc_nano.a(libc_a-memcpy.o)
 .debug_line_str
                0x000001de       0x92 /usr/lib/gcc/arm-none-eabi/13.2.1/../../../arm-none-eabi/lib/thumb/v7e-m+fp/hard/libc_nano.a(libc_a-memchr.o)

.debug_info     0x00000000    0x45513
 .debug_info    0x00000000       0x24 /usr/lib/gcc/arm-none-eabi/13.2.1/../../../arm-none-eabi/lib/thumb/v7e-m+fp/hard/crt0.o
 .debug_info    0x00000024      0x296 _build/nrf52832_xxaa/gcc_startup_nrf52.S.o
 .debug_info    0x000002ba      0x7a3 _build/nrf52832_xxaa/nrf_log_backend_serial.c.o
 .debug_info    0x00000a5d      0x2d8 _build/nrf52832_xxaa/nrf_log_default_backends.c.o
 .debug_info    0x00000d35     0x3bce _build/nrf52832_xxaa/nrf_log_frontend.c.o
 .debug_info    0x00004903      0x81d _build/nrf52832_xxaa/nrf_log_str_formatter.c.o
 .debug_info    0x00005120      0x2b2 _build/nrf52832_xxaa/app_error.c.o
 .debug_info    0x000053d2      0x47e _build/nrf52832_xxaa/app_error_weak.c.o
 .debug_info    0x00005850     0x1fae _build/nrf52832_xxaa/app_timer.c.o
 .debug_info    0x000077fe      0x979 _build/nrf52832_xxaa/app_util_platform.c.o
 .debug_info    0x00008177      0xa59 _build/nrf52832_xxaa/nrf_atomic.c.o
 .debug_info    0x00008bd0      0x3ad _build/nrf52832_xxaa/nrf_balloc.c.o
 .debug_info    0x00008f7d      0x23e _build/nrf52832_xxaa/nrf_fprintf.c.o
 .debug_info    0x000091bb      0xaaa _build/nrf52832_xxaa/nrf_fprintf_format.c.o
 .debug_info    0x00009c65      0xb70 _build/nrf52832_xxaa/nrf_memobj.c.o
 .debug_info    0x0000a7d5     0x12eb _build/nrf52832_xxaa/nrf_pwr_mgmt.c.o
 .debug_info    0x0000bac0      0x60f _build/nrf52832_xxaa/nrf_ringbuf.c.o
 .debug_info    0x0000c0cf      0x182 _build/nrf52832_xxaa/nrf_section_iter.c.o
 .debug_info    0x0000c251      0x269 _build/nrf52832_xxaa/nrf_strerror.c.o
 .debug_info    0x0000c4ba     0x1157 _build/nrf52832_xxaa/system_nrf52.c.o
 .debug_info    0x0000d611      0xccd _build/nrf52832_xxaa/boards.c.o
 .debug_info    0x0000e2de     0x15fa _build/nrf52832_xxaa/nrf_drv_clock.c.o
 .debug_info    0x0000f8d8     0x1161 _build/nrf52832_xxaa/nrf_drv_uart.c.o
 .debug_info    0x00010a39     0x14f8 _build/nrf52832_xxaa/nrfx_clock.c.o
 .debug_info    0x00011f31     0x35ef _build/nrf52832_xxaa/nrfx_gpiote.c.o
 .debug_info    0x00015520      0x77d _build/nrf52832_xxaa/nrfx_prs.c.o
 .debug_info    0x00015c9d     0x36cc _build/nrf52832_xxaa/nrfx_uart.c.o
 .debug_info    0x00019369     0x32b5 _build/nrf52832_xxaa/nrfx_uarte.c.o
 .debug_info    0x0001c61e     0x14f8 _build/nrf52832_xxaa/bsp.c.o
 .debug_info    0x0001db16     0x1df6 _build/nrf52832_xxaa/bsp_btn_ble.c.o
 .debug_info    0x0001f90c     0x3a0f _build/nrf52832_xxaa/main.c.o
 .debug_info    0x0002331b     0x1ece _build/nrf52832_xxaa/ble_advdata.c.o
 .debug_info    0x000251e9     0x31ce _build/nrf52832_xxaa/ble_db_discovery.c.o
 .debug_info    0x000283b7     0x289f _build/nrf52832_xxaa/nrf_ble_gatt.c.o
 .debug_info    0x0002ac56     0x3030 _build/nrf52832_xxaa/nrf_ble_scan.c.o
 .debug_info    0x0002dc86     0x2340 _build/nrf52832_xxaa/ble_nus_c.c.o
 .debug_info    0x0002ffc6     0x19b5 _build/nrf52832_xxaa/nrf_sdh.c.o
 .debug_info    0x0003197b     0x2a59 _build/nrf52832_xxaa/nrf_sdh_ble.c.o
 .debug_info    0x000343d4      0x5bf _build/nrf52832_xxaa/nrf_sdh_soc.c.o
 .debug_info    0x00034993      0xdf8 _build/nrf52832_xxaa/bmp180.c.o
 .debug_info    0x0003578b      0xa72 _build/nrf52832_xxaa/max30102.c.o
 .debug_info    0x000361fd     0x50e6 _build/nrf52832_xxaa/nrfx_twi.c.o
 .debug_info    0x0003b2e3     0x11d2 _build/nrf52832_xxaa/nrf_log_backend_uart.c.o
 .debug_info    0x0003c4b5      0x9cc _build/nrf52832_xxaa/MLX90614.c.o
 .debug_info    0x0003ce81       0xa4 /usr/lib/gcc/arm-none-eabi/13.2.1/../../../arm-none-eabi/lib/thumb/v7e-m+fp/hard/libc_nano.a(libc_a-abs.o)
 .debug_info    0x0003cf25      0x10b /usr/lib/gcc/arm-none-eabi/13.2.1/../../../arm-none-eabi/lib/thumb/v7e-m+fp/hard/libc_nano.a(libc_a-init.o)
 .debug_info    0x0003d030       0x33 /usr/lib/gcc/arm-none-eabi/13.2.1/../../../arm-none-eabi/lib/thumb/v7e-m+fp/hard/libc_nano.a(libc_a-strlen.o)
 .debug_info    0x0003d063      0x135 /usr/lib/gcc/arm-none-eabi/13.2.1/../../../arm-none-eabi/lib/thumb/v7e-m+fp/hard/libc_nano.a(libc_a-memset.o)
 .debug_info    0x0003d198       0x33 /usr/lib/gcc/arm-none-eabi/13.2.1/../../../arm-none-eabi/lib/thumb/v7e-m+fp/hard/libc_nano.a(libc_a-memcpy.o)
 .debug_info    0x0003d1cb      0x11b /usr/lib/gcc/arm-none-eabi/13.2.1/../../../arm-none-eabi/lib/thumb/v7e-m+fp/hard/libc_nano.a(libc_a-exit.o)
 .debug_info    0x0003d2e6       0xb9 /usr/lib/gcc/arm-none-eabi/13.2.1/../../../arm-none-eabi/lib/thumb/v7e-m+fp/hard/libc_nano.a(libc_a-ctype_.o)